Component: ARM Compiler 5.06 update 6 (build 750) Tool: armlink [4d35ed]

==============================================================================

Section Cross References

    startup_stm32f302x8.o(RESET) refers to startup_stm32f302x8.o(STACK) for __initial_sp
    startup_stm32f302x8.o(RESET) refers to startup_stm32f302x8.o(.text) for Reset_Handler
    startup_stm32f302x8.o(RESET) refers to stm32f3xx_it.o(i.NMI_Handler) for NMI_Handler
    startup_stm32f302x8.o(RESET) refers to stm32f3xx_it.o(i.HardFault_Handler) for HardFault_Handler
    startup_stm32f302x8.o(RESET) refers to stm32f3xx_it.o(i.MemManage_Handler) for MemManage_Handler
    startup_stm32f302x8.o(RESET) refers to stm32f3xx_it.o(i.BusFault_Handler) for BusFault_Handler
    startup_stm32f302x8.o(RESET) refers to stm32f3xx_it.o(i.UsageFault_Handler) for UsageFault_Handler
    startup_stm32f302x8.o(RESET) refers to stm32f3xx_it.o(i.DebugMon_Handler) for DebugMon_Handler
    startup_stm32f302x8.o(RESET) refers to stm32f3xx_it.o(i.TIM1_UP_TIM16_IRQHandler) for TIM1_UP_TIM16_IRQHandler
    startup_stm32f302x8.o(RESET) refers to stm32f3xx_it.o(i.USART2_IRQHandler) for USART2_IRQHandler
    startup_stm32f302x8.o(.text) refers to system_stm32f3xx.o(i.SystemInit) for SystemInit
    startup_stm32f302x8.o(.text) refers to entry.o(.ARM.Collect$$$$00000000) for __main
    gpio.o(i.MX_GPIO_Init) refers to memseta.o(.text) for __aeabi_memclr4
    gpio.o(i.MX_GPIO_Init) refers to stm32f3xx_hal_gpio.o(i.HAL_GPIO_WritePin) for HAL_GPIO_WritePin
    gpio.o(i.MX_GPIO_Init) refers to stm32f3xx_hal_gpio.o(i.HAL_GPIO_Init) for HAL_GPIO_Init
    gpio.o(.ARM.exidx) refers to gpio.o(i.MX_GPIO_Init) for i.MX_GPIO_Init
    freertos.o(i.MX_FREERTOS_Init) refers to cmsis_os2.o(i.osThreadNew) for osThreadNew
    freertos.o(i.MX_FREERTOS_Init) refers to cmsis_os2.o(i.osEventFlagsNew) for osEventFlagsNew
    freertos.o(i.MX_FREERTOS_Init) refers to freertos.o(.constdata) for taskLed_attributes
    freertos.o(i.MX_FREERTOS_Init) refers to main.o(i.LedTask) for LedTask
    freertos.o(i.MX_FREERTOS_Init) refers to freertos.o(.data) for taskLedHandle
    freertos.o(i.MX_FREERTOS_Init) refers to main.o(i.UartEchoTask) for UartEchoTask
    freertos.o(.constdata) refers to freertos.o(.conststring) for .conststring
    usart.o(i.HAL_UART_MspDeInit) refers to stm32f3xx_hal_gpio.o(i.HAL_GPIO_DeInit) for HAL_GPIO_DeInit
    usart.o(i.HAL_UART_MspDeInit) refers to stm32f3xx_hal_cortex.o(i.HAL_NVIC_DisableIRQ) for HAL_NVIC_DisableIRQ
    usart.o(i.HAL_UART_MspInit) refers to memseta.o(.text) for __aeabi_memclr4
    usart.o(i.HAL_UART_MspInit) refers to stm32f3xx_hal_gpio.o(i.HAL_GPIO_Init) for HAL_GPIO_Init
    usart.o(i.HAL_UART_MspInit) refers to stm32f3xx_hal_cortex.o(i.HAL_NVIC_SetPriority) for HAL_NVIC_SetPriority
    usart.o(i.HAL_UART_MspInit) refers to stm32f3xx_hal_cortex.o(i.HAL_NVIC_EnableIRQ) for HAL_NVIC_EnableIRQ
    usart.o(i.MX_USART2_UART_Init) refers to stm32f3xx_hal_uart.o(i.HAL_UART_Init) for HAL_UART_Init
    usart.o(i.MX_USART2_UART_Init) refers to main.o(i.Error_Handler) for Error_Handler
    usart.o(i.MX_USART2_UART_Init) refers to usart.o(.bss) for huart2
    usart.o(.ARM.exidx) refers to usart.o(i.MX_USART2_UART_Init) for i.MX_USART2_UART_Init
    usart.o(.ARM.exidx) refers to usart.o(i.HAL_UART_MspInit) for i.HAL_UART_MspInit
    usart.o(.ARM.exidx) refers to usart.o(i.HAL_UART_MspDeInit) for i.HAL_UART_MspDeInit
    stm32f3xx_it.o(i.TIM1_UP_TIM16_IRQHandler) refers to stm32f3xx_hal_tim.o(i.HAL_TIM_IRQHandler) for HAL_TIM_IRQHandler
    stm32f3xx_it.o(i.TIM1_UP_TIM16_IRQHandler) refers to stm32f3xx_hal_timebase_tim.o(.bss) for htim1
    stm32f3xx_it.o(i.USART2_IRQHandler) refers to stm32f3xx_hal_uart.o(i.HAL_UART_IRQHandler) for HAL_UART_IRQHandler
    stm32f3xx_it.o(i.USART2_IRQHandler) refers to usart.o(.bss) for huart2
    stm32f3xx_it.o(.ARM.exidx) refers to stm32f3xx_it.o(i.NMI_Handler) for i.NMI_Handler
    stm32f3xx_it.o(.ARM.exidx) refers to stm32f3xx_it.o(i.HardFault_Handler) for i.HardFault_Handler
    stm32f3xx_it.o(.ARM.exidx) refers to stm32f3xx_it.o(i.MemManage_Handler) for i.MemManage_Handler
    stm32f3xx_it.o(.ARM.exidx) refers to stm32f3xx_it.o(i.BusFault_Handler) for i.BusFault_Handler
    stm32f3xx_it.o(.ARM.exidx) refers to stm32f3xx_it.o(i.UsageFault_Handler) for i.UsageFault_Handler
    stm32f3xx_it.o(.ARM.exidx) refers to stm32f3xx_it.o(i.DebugMon_Handler) for i.DebugMon_Handler
    stm32f3xx_it.o(.ARM.exidx) refers to stm32f3xx_it.o(i.TIM1_UP_TIM16_IRQHandler) for i.TIM1_UP_TIM16_IRQHandler
    stm32f3xx_it.o(.ARM.exidx) refers to stm32f3xx_it.o(i.USART2_IRQHandler) for i.USART2_IRQHandler
    stm32f3xx_hal_msp.o(i.HAL_MspInit) refers to stm32f3xx_hal_cortex.o(i.HAL_NVIC_SetPriority) for HAL_NVIC_SetPriority
    stm32f3xx_hal_msp.o(.ARM.exidx) refers to stm32f3xx_hal_msp.o(i.HAL_MspInit) for i.HAL_MspInit
[...]
    ../Drivers/STM32F3xx_HAL_Driver/Src/stm32f3xx_hal_tim_ex.c 0x00000000   Number         0  stm32f3xx_hal_tim_ex.o ABSOLUTE
    ../Drivers/STM32F3xx_HAL_Driver/Src/stm32f3xx_hal_uart.c 0x00000000   Number         0  stm32f3xx_hal_uart.o ABSOLUTE
    ../Drivers/STM32F3xx_HAL_Driver/Src/stm32f3xx_hal_uart_ex.c 0x00000000   Number         0  stm32f3xx_hal_uart_ex.o ABSOLUTE
    ../Middlewares/Third_Party/FreeRTOS/Source/CMSIS_RTOS_V2/cmsis_os2.c 0x00000000   Number         0  cmsis_os2.o ABSOLUTE
    ../Middlewares/Third_Party/FreeRTOS/Source/croutine.c 0x00000000   Number         0  croutine.o ABSOLUTE
    ../Middlewares/Third_Party/FreeRTOS/Source/event_groups.c 0x00000000   Number         0  event_groups.o ABSOLUTE
    ../Middlewares/Third_Party/FreeRTOS/Source/list.c 0x00000000   Number         0  list.o ABSOLUTE
    ../Middlewares/Third_Party/FreeRTOS/Source/portable/MemMang/heap_4.c 0x00000000   Number         0  heap_4.o ABSOLUTE
    ../Middlewares/Third_Party/FreeRTOS/Source/portable/RVDS/ARM_CM4F/port.c 0x00000000   Number         0  port.o ABSOLUTE
    ../Middlewares/Third_Party/FreeRTOS/Source/queue.c 0x00000000   Number         0  queue.o ABSOLUTE
    ../Middlewares/Third_Party/FreeRTOS/Source/stream_buffer.c 0x00000000   Number         0  stream_buffer.o ABSOLUTE
    ../Middlewares/Third_Party/FreeRTOS/Source/tasks.c 0x00000000   Number         0  tasks.o ABSOLUTE
    ../Middlewares/Third_Party/FreeRTOS/Source/timers.c 0x00000000   Number         0  timers.o ABSOLUTE
    ../clib/microlib/cpp/cpp_init.c          0x00000000   Number         0  cpp_init.o ABSOLUTE
    ../clib/microlib/cpp/cpp_init.c          0x00000000   Number         0  cpp_init.o ABSOLUTE
    ../clib/microlib/cpp/cpp_memory.c        0x00000000   Number         0  cpp_memory.o ABSOLUTE
    ../clib/microlib/division.c              0x00000000   Number         0  uldiv.o ABSOLUTE
    ../clib/microlib/init/entry.s            0x00000000   Number         0  entry2.o ABSOLUTE
    ../clib/microlib/init/entry.s            0x00000000   Number         0  entry11b.o ABSOLUTE
    ../clib/microlib/init/entry.s            0x00000000   Number         0  entry11a.o ABSOLUTE
    ../clib/microlib/init/entry.s            0x00000000   Number         0  entry10b.o ABSOLUTE
    ../clib/microlib/init/entry.s            0x00000000   Number         0  entry10a.o ABSOLUTE
    ../clib/microlib/init/entry.s            0x00000000   Number         0  entry9b.o ABSOLUTE
    ../clib/microlib/init/entry.s            0x00000000   Number         0  entry9a.o ABSOLUTE
    ../clib/microlib/init/entry.s            0x00000000   Number         0  entry8b.o ABSOLUTE
    ../clib/microlib/init/entry.s            0x00000000   Number         0  entry8a.o ABSOLUTE
    ../clib/microlib/init/entry.s            0x00000000   Number         0  entry7b.o ABSOLUTE
    ../clib/microlib/init/entry.s            0x00000000   Number         0  entry7a.o ABSOLUTE
    ../clib/microlib/init/entry.s            0x00000000   Number         0  entry5.o ABSOLUTE
    ../clib/microlib/init/entry.s            0x00000000   Number         0  entry.o ABSOLUTE
    ../clib/microlib/longlong.c              0x00000000   Number         0  llushr.o ABSOLUTE
    ../clib/microlib/longlong.c              0x00000000   Number         0  llshl.o ABSOLUTE
    ../clib/microlib/malloc/malloc.c         0x00000000   Number         0  malloc.o ABSOLUTE
    ../clib/microlib/malloc/malloc.c         0x00000000   Number         0  malloca.o ABSOLUTE
    ../clib/microlib/malloc/malloc.c         0x00000000   Number         0  mallocra.o ABSOLUTE
    ../clib/microlib/malloc/malloc.c         0x00000000   Number         0  mallocr.o ABSOLUTE
    ../clib/microlib/malloc/mvars.c          0x00000000   Number         0  mvars.o ABSOLUTE
    ../clib/microlib/stdlib/abort.c          0x00000000   Number         0  abort.o ABSOLUTE
    ../clib/microlib/string/memcpy.c         0x00000000   Number         0  memcpyb.o ABSOLUTE
    ../clib/microlib/string/memcpy.c         0x00000000   Number         0  memcpya.o ABSOLUTE
    ../clib/microlib/string/memset.c         0x00000000   Number         0  memseta.o ABSOLUTE
    ../clib/microlib/string/memset.c         0x00000000   Number         0  memset.o ABSOLUTE
    ..\Core\Src\freertos.c                   0x00000000   Number         0  freertos.o ABSOLUTE
    ..\Core\Src\gpio.c                       0x00000000   Number         0  gpio.o ABSOLUTE
    ..\Core\Src\main.cpp                     0x00000000   Number         0  main.o ABSOLUTE
    ..\Core\Src\stm32f3xx_hal_msp.c          0x00000000   Number         0  stm32f3xx_hal_msp.o ABSOLUTE
    ..\Core\Src\stm32f3xx_hal_timebase_tim.c 0x00000000   Number         0  stm32f3xx_hal_timebase_tim.o ABSOLUTE
    ..\Core\Src\stm32f3xx_it.c               0x00000000   Number         0  stm32f3xx_it.o ABSOLUTE
    ..\Core\Src\system_stm32f3xx.c           0x00000000   Number         0  system_stm32f3xx.o ABSOLUTE
    ..\Core\Src\usart.c                      0x00000000   Number         0  usart.o ABSOLUTE
    ..\Drivers\ApplicationLayer\LedManager\LedManager.cpp 0x00000000   Number         0  ledmanager.o ABSOLUTE
    ..\Drivers\ApplicationLayer\UartCom\UartCom.cpp 0x00000000   Number         0  uartcom.o ABSOLUTE
    ..\Drivers\BspLayer\BspLayer.cpp         0x00000000   Number         0  bsplayer.o ABSOLUTE
    ..\Drivers\RtosLayer\RtosLayer.cpp       0x00000000   Number         0  rtoslayer.o ABSOLUTE
    ..\Drivers\STM32F3xx_HAL_Driver\Src\stm32f3xx_hal.c 0x00000000   Number         0  stm32f3xx_hal.o ABSOLUTE
    ..\Drivers\STM32F3xx_HAL_Driver\Src\stm32f3xx_hal_cortex.c 0x00000000   Number         0  stm32f3xx_hal_cortex.o ABSOLUTE
    ..\Drivers\STM32F3xx_HAL_Driver\Src\stm32f3xx_hal_dma.c 0x00000000   Number         0  stm32f3xx_hal_dma.o ABSOLUTE
    ..\Drivers\STM32F3xx_HAL_Driver\Src\stm32f3xx_hal_exti.c 0x00000000   Number         0  stm32f3xx_hal_exti.o ABSOLUTE
    ..\Drivers\STM32F3xx_HAL_Driver\Src\stm32f3xx_hal_flash.c 0x00000000   Number         0  stm32f3xx_hal_flash.o ABSOLUTE
    ..\Drivers\STM32F3xx_HAL_Driver\Src\stm32f3xx_hal_flash_ex.c 0x00000000   Number         0  stm32f3xx_hal_flash_ex.o ABSOLUTE
    ..\Drivers\STM32F3xx_HAL_Driver\Src\stm32f3xx_hal_gpio.c 0x00000000   Number         0  stm32f3xx_hal_gpio.o ABSOLUTE
    ..\Drivers\STM32F3xx_HAL_Driver\Src\stm32f3xx_hal_i2c.c 0x00000000   Number         0  stm32f3xx_hal_i2c.o ABSOLUTE
    ..\Drivers\STM32F3xx_HAL_Driver\Src\stm32f3xx_hal_i2c_ex.c 0x00000000   Number         0  stm32f3xx_hal_i2c_ex.o ABSOLUTE
    ..\Drivers\STM32F3xx_HAL_Driver\Src\stm32f3xx_hal_pwr.c 0x00000000   Number         0  stm32f3xx_hal_pwr.o ABSOLUTE
    ..\Drivers\STM32F3xx_HAL_Driver\Src\stm32f3xx_hal_pwr_ex.c 0x00000000   Number         0  stm32f3xx_hal_pwr_ex.o ABSOLUTE
    ..\Drivers\STM32F3xx_HAL_Driver\Src\stm32f3xx_hal_rcc.c 0x00000000   Number         0  stm32f3xx_hal_rcc.o ABSOLUTE
    ..\Drivers\STM32F3xx_HAL_Driver\Src\stm32f3xx_hal_rcc_ex.c 0x00000000   Number         0  stm32f3xx_hal_rcc_ex.o ABSOLUTE
    ..\Drivers\STM32F3xx_HAL_Driver\Src\stm32f3xx_hal_tim.c 0x00000000   Number         0  stm32f3xx_hal_tim.o ABSOLUTE
    ..\Drivers\STM32F3xx_HAL_Driver\Src\stm32f3xx_hal_tim_ex.c 0x00000000   Number         0  stm32f3xx_hal_tim_ex.o ABSOLUTE
    ..\Drivers\STM32F3xx_HAL_Driver\Src\stm32f3xx_hal_uart.c 0x00000000   Number         0  stm32f3xx_hal_uart.o ABSOLUTE
    ..\Drivers\STM32F3xx_HAL_Driver\Src\stm32f3xx_hal_uart_ex.c 0x00000000   Number         0  stm32f3xx_hal_uart_ex.o ABSOLUTE
    ..\Middlewares\Third_Party\FreeRTOS\Source\CMSIS_RTOS_V2\cmsis_os2.c 0x00000000   Number         0  cmsis_os2.o ABSOLUTE
    ..\Middlewares\Third_Party\FreeRTOS\Source\portable\RVDS\ARM_CM4F\port.c 0x00000000   Number         0  port.o ABSOLUTE
    ..\\Core\\Src\\main.cpp                  0x00000000   Number         0  main.o ABSOLUTE
    dc.s                                     0x00000000   Number         0  dc.o ABSOLUTE
    handlers.s                               0x00000000   Number         0  handlers.o ABSOLUTE
    init.s                                   0x00000000   Number         0  init.o ABSOLUTE
    startup_stm32f302x8.s                    0x00000000   Number         0  startup_stm32f302x8.o ABSOLUTE
    RESET                                    0x08000000   Section      392  startup_stm32f302x8.o(RESET)
    .ARM.Collect$$$$00000000                 0x08000188   Section        0  entry.o(.ARM.Collect$$$$00000000)
    .ARM.Collect$$$$00000001                 0x08000188   Section        4  entry2.o(.ARM.Collect$$$$00000001)
    .ARM.Collect$$$$00000004                 0x0800018c   Section        4  entry5.o(.ARM.Collect$$$$00000004)
    .ARM.Collect$$$$00000008                 0x08000190   Section        0  entry7b.o(.ARM.Collect$$$$00000008)
    .ARM.Collect$$$$00000009                 0x08000190   Section        4  entry8a.o(.ARM.Collect$$$$00000009)
    .ARM.Collect$$$$0000000A                 0x08000194   Section        0  entry8b.o(.ARM.Collect$$$$0000000A)
    .ARM.Collect$$$$0000000B                 0x08000194   Section        8  entry9a.o(.ARM.Collect$$$$0000000B)
    .ARM.Collect$$$$0000000D                 0x0800019c   Section        0  entry10a.o(.ARM.Collect$$$$0000000D)
    .ARM.Collect$$$$0000000F                 0x0800019c   Section        0  entry11a.o(.ARM.Collect$$$$0000000F)
    .ARM.Collect$$$$00002712                 0x0800019c   Section        4  entry2.o(.ARM.Collect$$$$00002712)
    __lit__00000000                          0x0800019c   Data           4  entry2.o(.ARM.Collect$$$$00002712)
    .emb_text                                0x080001a0   Section      190  port.o(.emb_text)
    $v0                                      0x080001a0   Number         0  port.o(.emb_text)
    .text                                    0x08000260   Section       36  startup_stm32f302x8.o(.text)
    $v0                                      0x08000260   Number         0  startup_stm32f302x8.o(.text)
    .text                                    0x08000284   Section        0  uldiv.o(.text)
    .text                                    0x080002e6   Section        0  llushr.o(.text)
    .text                                    0x08000306   Section        0  memcpya.o(.text)
    .text                                    0x0800032a   Section        0  memseta.o(.text)
    .text                                    0x08000350   Section        0  cpp_init.o(.text)
    .text                                    0x08000370   Section        0  llshl.o(.text)
    .text                                    0x08000390   Section       36  init.o(.text)
    i.BusFault_Handler                       0x080003b4   Section        0  stm32f3xx_it.o(i.BusFault_Handler)
    i.DebugMon_Handler                       0x080003b8   Section        0  stm32f3xx_it.o(i.DebugMon_Handler)
    i.Error_Handler                          0x080003ba   Section        0  main.o(i.Error_Handler)
    i.HAL_DMA_Abort                          0x080003c0   Section        0  stm32f3xx_hal_dma.o(i.HAL_DMA_Abort)
    i.HAL_DMA_Abort_IT                       0x08000414   Section        0  stm32f3xx_hal_dma.o(i.HAL_DMA_Abort_IT)
    i.HAL_GPIO_Init                          0x0800046c   Section        0  stm32f3xx_hal_gpio.o(i.HAL_GPIO_Init)
    i.HAL_GPIO_WritePin                      0x0800061c   Section        0  stm32f3xx_hal_gpio.o(i.HAL_GPIO_WritePin)
    i.HAL_GetTick                            0x08000628   Section        0  stm32f3xx_hal.o(i.HAL_GetTick)
    i.HAL_IncTick                            0x08000634   Section        0  stm32f3xx_hal.o(i.HAL_IncTick)
    i.HAL_Init                               0x0800064c   Section        0  stm32f3xx_hal.o(i.HAL_Init)
    i.HAL_InitTick                           0x08000674   Section        0  stm32f3xx_hal_timebase_tim.o(i.HAL_InitTick)
    i.HAL_MspInit                            0x080006fc   Section        0  stm32f3xx_hal_msp.o(i.HAL_MspInit)
    i.HAL_NVIC_EnableIRQ                     0x08000744   Section        0  stm32f3xx_hal_cortex.o(i.HAL_NVIC_EnableIRQ)
    i.HAL_NVIC_SetPriority                   0x08000764   Section        0  stm32f3xx_hal_cortex.o(i.HAL_NVIC_SetPriority)
    i.HAL_NVIC_SetPriorityGrouping           0x080007e0   Section        0  stm32f3xx_hal_cortex.o(i.HAL_NVIC_SetPriorityGrouping)
    i.HAL_RCC_ClockConfig                    0x08000808   Section        0  stm32f3xx_hal_rcc.o(i.HAL_RCC_ClockConfig)
    i.HAL_RCC_GetClockConfig                 0x08000ab4   Section        0  stm32f3xx_hal_rcc.o(i.HAL_RCC_GetClockConfig)
    i.HAL_RCC_GetHCLKFreq                    0x08000af8   Section        0  stm32f3xx_hal_rcc.o(i.HAL_RCC_GetHCLKFreq)
    i.HAL_RCC_GetPCLK1Freq                   0x08000b04   Section        0  stm32f3xx_hal_rcc.o(i.HAL_RCC_GetPCLK1Freq)
    i.HAL_RCC_GetPCLK2Freq                   0x08000b30   Section        0  stm32f3xx_hal_rcc.o(i.HAL_RCC_GetPCLK2Freq)
    i.HAL_RCC_GetSysClockFreq                0x08000b5c   Section        0  stm32f3xx_hal_rcc.o(i.HAL_RCC_GetSysClockFreq)
    i.HAL_RCC_OscConfig                      0x08000bfc   Section        0  stm32f3xx_hal_rcc.o(i.HAL_RCC_OscConfig)
    i.HAL_TIMEx_Break2Callback               0x08001620   Section        0  stm32f3xx_hal_tim_ex.o(i.HAL_TIMEx_Break2Callback)
    i.HAL_TIMEx_BreakCallback                0x08001622   Section        0  stm32f3xx_hal_tim_ex.o(i.HAL_TIMEx_BreakCallback)
    i.HAL_TIMEx_CommutCallback               0x08001624   Section        0  stm32f3xx_hal_tim_ex.o(i.HAL_TIMEx_CommutCallback)
    i.HAL_TIM_Base_Init                      0x08001626   Section        0  stm32f3xx_hal_tim.o(i.HAL_TIM_Base_Init)
    i.HAL_TIM_Base_MspInit                   0x08001694   Section        0  stm32f3xx_hal_tim.o(i.HAL_TIM_Base_MspInit)
    i.HAL_TIM_Base_Start_IT                  0x08001698   Section        0  stm32f3xx_hal_tim.o(i.HAL_TIM_Base_Start_IT)
    i.HAL_TIM_IC_CaptureCallback             0x08001710   Section        0  stm32f3xx_hal_tim.o(i.HAL_TIM_IC_CaptureCallback)
    i.HAL_TIM_IRQHandler                     0x08001712   Section        0  stm32f3xx_hal_tim.o(i.HAL_TIM_IRQHandler)
    i.HAL_TIM_OC_DelayElapsedCallback        0x080018ca   Section        0  stm32f3xx_hal_tim.o(i.HAL_TIM_OC_DelayElapsedCallback)
    i.HAL_TIM_PWM_PulseFinishedCallback      0x080018cc   Section        0  stm32f3xx_hal_tim.o(i.HAL_TIM_PWM_PulseFinishedCallback)
    i.HAL_TIM_PeriodElapsedCallback          0x080018d0   Section        0  main.o(i.HAL_TIM_PeriodElapsedCallback)
    i.HAL_TIM_TriggerCallback                0x080018e8   Section        0  stm32f3xx_hal_tim.o(i.HAL_TIM_TriggerCallback)
    i.HAL_UARTEx_RxEventCallback             0x080018ea   Section        0  stm32f3xx_hal_uart.o(i.HAL_UARTEx_RxEventCallback)
    i.HAL_UARTEx_WakeupCallback              0x080018ec   Section        0  stm32f3xx_hal_uart_ex.o(i.HAL_UARTEx_WakeupCallback)
    i.HAL_UART_ErrorCallback                 0x080018ee   Section        0  stm32f3xx_hal_uart.o(i.HAL_UART_ErrorCallback)
    i.HAL_UART_IRQHandler                    0x080018f0   Section        0  stm32f3xx_hal_uart.o(i.HAL_UART_IRQHandler)
    i.HAL_UART_Init                          0x08001c34   Section        0  stm32f3xx_hal_uart.o(i.HAL_UART_Init)
    i.HAL_UART_MspInit                       0x08001ca8   Section        0  usart.o(i.HAL_UART_MspInit)
    i.HAL_UART_TxCpltCallback                0x08001d2c   Section        0  stm32f3xx_hal_uart.o(i.HAL_UART_TxCpltCallback)
    i.HardFault_Handler                      0x08001d2e   Section        0  stm32f3xx_it.o(i.HardFault_Handler)
    i.LedTask                                0x08001d34   Section        0  main.o(i.LedTask)
    i.MX_FREERTOS_Init                       0x08001d44   Section        0  freertos.o(i.MX_FREERTOS_Init)
    i.MX_GPIO_Init                           0x08001d90   Section        0  gpio.o(i.MX_GPIO_Init)
    i.MX_USART2_UART_Init                    0x08001e38   Section        0  usart.o(i.MX_USART2_UART_Init)
    i.MemManage_Handler                      0x08001e78   Section        0  stm32f3xx_it.o(i.MemManage_Handler)
    i.NMI_Handler                            0x08001e7c   Section        0  stm32f3xx_it.o(i.NMI_Handler)
    i.SystemInit                             0x08001e80   Section        0  system_stm32f3xx.o(i.SystemInit)
    i.TIM1_UP_TIM16_IRQHandler               0x08001e94   Section        0  stm32f3xx_it.o(i.TIM1_UP_TIM16_IRQHandler)
    i.TIM_Base_SetConfig                     0x08001ea4   Section        0  stm32f3xx_hal_tim.o(i.TIM_Base_SetConfig)
    i.UART_AdvFeatureConfig                  0x08001f28   Section        0  stm32f3xx_hal_uart.o(i.UART_AdvFeatureConfig)
    i.UART_CheckIdleState                    0x08002020   Section        0  stm32f3xx_hal_uart.o(i.UART_CheckIdleState)
    i.UART_SetConfig                         0x08002094   Section        0  stm32f3xx_hal_uart.o(i.UART_SetConfig)
    i.UART_WaitOnFlagUntilTimeout            0x08002244   Section        0  stm32f3xx_hal_uart.o(i.UART_WaitOnFlagUntilTimeout)
    i.USART2_IRQHandler                      0x0800233c   Section        0  stm32f3xx_it.o(i.USART2_IRQHandler)
    i.UartEchoTask                           0x0800234c   Section        0  main.o(i.UartEchoTask)
    i.UsageFault_Handler                     0x0800235c   Section        0  stm32f3xx_it.o(i.UsageFault_Handler)
    i._Z18SystemClock_Configv                0x08002360   Section        0  main.o(i._Z18SystemClock_Configv)
    i._Z24vPortSetupTimerInterruptv          0x080023c4   Section        0  port.o(i._Z24vPortSetupTimerInterruptv)
    i._ZN10LedManager14LED_ON_ProcessEv      0x080023ec   Section        0  ledmanager.o(i._ZN10LedManager14LED_ON_ProcessEv)
    i._ZN10LedManager15LED_OFF_ProcessEv     0x08002404   Section        0  ledmanager.o(i._ZN10LedManager15LED_OFF_ProcessEv)
    i._ZN10LedManager4TaskEv                 0x0800241c   Section        0  ledmanager.o(i._ZN10LedManager4TaskEv)
    i._ZN10LedManagerC1EP4IBspP5IRtos        0x0800242e   Section        0  ledmanager.o(i._ZN10LedManagerC1EP4IBspP5IRtos)
    i._ZN27_INTERNAL_6_port_c_39a90d8d16prvTaskExitErrorEv 0x08002434   Section        0  port.o(i._ZN27_INTERNAL_6_port_c_39a90d8d16prvTaskExitErrorEv)
    [local to port_c]::prvTaskExitError()    0x08002435   Thumb Code    60  port.o(i._ZN27_INTERNAL_6_port_c_39a90d8d16prvTaskExitErrorEv)
    i._ZN28_INTERNAL_7_queue_c_48e2f29714prvIsQueueFullEPK15QueueDefinition 0x08002474   Section        0  queue.o(i._ZN28_INTERNAL_7_queue_c_48e2f29714prvIsQueueFullEPK15QueueDefinition)
    [local to queue_c]::prvIsQueueFull(const QueueDefinition*) 0x08002475   Thumb Code    30  queue.o(i._ZN28_INTERNAL_7_queue_c_48e2f29714prvIsQueueFullEPK15QueueDefinition)
    i._ZN28_INTERNAL_7_queue_c_48e2f29714prvUnlockQueueEP15QueueDefinition 0x08002492   Section        0  queue.o(i._ZN28_INTERNAL_7_queue_c_48e2f29714prvUnlockQueueEP15QueueDefinition)
    [local to queue_c]::prvUnlockQueue(QueueDefinition*) 0x08002493   Thumb Code   126  queue.o(i._ZN28_INTERNAL_7_queue_c_48e2f29714prvUnlockQueueEP15QueueDefinition)
    i._ZN28_INTERNAL_7_queue_c_48e2f29715prvIsQueueEmptyEPK15QueueDefinition 0x08002510   Section        0  queue.o(i._ZN28_INTERNAL_7_queue_c_48e2f29715prvIsQueueEmptyEPK15QueueDefinition)
    [local to queue_c]::prvIsQueueEmpty(const QueueDefinition*) 0x08002511   Thumb Code    26  queue.o(i._ZN28_INTERNAL_7_queue_c_48e2f29715prvIsQueueEmptyEPK15QueueDefinition)
    i._ZN28_INTERNAL_7_queue_c_48e2f29718prvCopyDataToQueueEP15QueueDefinitionPKvl 0x0800252a   Section        0  queue.o(i._ZN28_INTERNAL_7_queue_c_48e2f29718prvCopyDataToQueueEP15QueueDefinitionPKvl)
    [local to queue_c]::prvCopyDataToQueue(QueueDefinition*, const void*, long) 0x0800252b   Thumb Code   124  queue.o(i._ZN28_INTERNAL_7_queue_c_48e2f29718prvCopyDataToQueueEP15QueueDefinitionPKvl)
    i._ZN28_INTERNAL_7_queue_c_48e2f29720prvCopyDataFromQueueEP15QueueDefinitionPv 0x080025a6   Section        0  queue.o(i._ZN28_INTERNAL_7_queue_c_48e2f29720prvCopyDataFromQueueEP15QueueDefinitionPv)
    [local to queue_c]::prvCopyDataFromQueue(QueueDefinition*, void*) 0x080025a7   Thumb Code    42  queue.o(i._ZN28_INTERNAL_7_queue_c_48e2f29720prvCopyDataFromQueueEP15QueueDefinitionPv)
    i._ZN28_INTERNAL_7_queue_c_48e2f29721prvInitialiseNewQueueEmmPhhP15QueueDefinition 0x080025d0   Section        0  queue.o(i._ZN28_INTERNAL_7_queue_c_48e2f29721prvInitialiseNewQueueEmmPhhP15QueueDefinition)
    [local to queue_c]::prvInitialiseNewQueue(unsigned long, unsigned long, unsigned char*, unsigned char, QueueDefinition*) 0x080025d1   Thumb Code    42  queue.o(i._ZN28_INTERNAL_7_queue_c_48e2f29721prvInitialiseNewQueueEmmPhhP15QueueDefinition)
    i._ZN42_INTERNAL_20_stm32f3xx_hal_uart_c_d497114f18UART_EndRxTransferEP20__UART_HandleTypeDef 0x080025fa   Section        0  stm32f3xx_hal_uart.o(i._ZN42_INTERNAL_20_stm32f3xx_hal_uart_c_d497114f18UART_EndRxTransferEP20__UART_HandleTypeDef)
    [local to stm32f3xx_hal_uart_c]::UART_EndRxTransfer(__UART_HandleTypeDef*) 0x080025fb   Thumb Code   100  stm32f3xx_hal_uart.o(i._ZN42_INTERNAL_20_stm32f3xx_hal_uart_c_d497114f18UART_EndRxTransferEP20__UART_HandleTypeDef)
    i._ZN42_INTERNAL_20_stm32f3xx_hal_uart_c_d497114f19UART_EndTransmit_ITEP20__UART_HandleTypeDef 0x0800265e   Section        0  stm32f3xx_hal_uart.o(i._ZN42_INTERNAL_20_stm32f3xx_hal_uart_c_d497114f19UART_EndTransmit_ITEP20__UART_HandleTypeDef)
    [local to stm32f3xx_hal_uart_c]::UART_EndTransmit_IT(__UART_HandleTypeDef*) 0x0800265f   Thumb Code    46  stm32f3xx_hal_uart.o(i._ZN42_INTERNAL_20_stm32f3xx_hal_uart_c_d497114f19UART_EndTransmit_ITEP20__UART_HandleTypeDef)
    i._ZN42_INTERNAL_20_stm32f3xx_hal_uart_c_d497114f20UART_DMAAbortOnErrorEP19__DMA_HandleTypeDef 0x0800268c   Section        0  stm32f3xx_hal_uart.o(i._ZN42_INTERNAL_20_stm32f3xx_hal_uart_c_d497114f20UART_DMAAbortOnErrorEP19__DMA_HandleTypeDef)
    [local to stm32f3xx_hal_uart_c]::UART_DMAAbortOnError(__DMA_HandleTypeDef*) 0x0800268d   Thumb Code    24  stm32f3xx_hal_uart.o(i._ZN42_INTERNAL_20_stm32f3xx_hal_uart_c_d497114f20UART_DMAAbortOnErrorEP19__DMA_HandleTypeDef)
    i._ZN44_INTERNAL_22_stm32f3xx_hal_cortex_c_2992dbc018__NVIC_SetPriorityE9IRQn_Typej 0x080026a4   Section        0  stm32f3xx_hal_cortex.o(i._ZN44_INTERNAL_22_stm32f3xx_hal_cortex_c_2992dbc018__NVIC_SetPriorityE9IRQn_Typej)
    [local to stm32f3xx_hal_cortex_c]::__NVIC_SetPriority(IRQn_Type, unsigned) 0x080026a5   Thumb Code    32  stm32f3xx_hal_cortex.o(i._ZN44_INTERNAL_22_stm32f3xx_hal_cortex_c_2992dbc018__NVIC_SetPriorityE9IRQn_Typej)
    i._ZN44_INTERNAL_22_stm32f3xx_hal_cortex_c_2992dbc026__NVIC_GetPriorityGroupingEv 0x080026cc   Section        0  stm32f3xx_hal_cortex.o(i._ZN44_INTERNAL_22_stm32f3xx_hal_cortex_c_2992dbc026__NVIC_GetPriorityGroupingEv)
    [local to stm32f3xx_hal_cortex_c]::__NVIC_GetPriorityGrouping() 0x080026cd   Thumb Code    10  stm32f3xx_hal_cortex.o(i._ZN44_INTERNAL_22_stm32f3xx_hal_cortex_c_2992dbc026__NVIC_GetPriorityGroupingEv)
    i._ZN7UartCom13Uart_Com_EchoEv           0x080026dc   Section        0  uartcom.o(i._ZN7UartCom13Uart_Com_EchoEv)
    i._ZN7UartComC1EP4IBspP5IRtosPh          0x080026fc   Section        0  uartcom.o(i._ZN7UartComC1EP4IBspP5IRtosPh)
    i.__get_BASEPRI                          0x08002728   Section        0  cmsis_os2.o(i.__get_BASEPRI)
    __get_BASEPRI                            0x08002729   Thumb Code     6  cmsis_os2.o(i.__get_BASEPRI)
    i.__get_IPSR                             0x0800272e   Section        0  cmsis_os2.o(i.__get_IPSR)
    __get_IPSR                               0x0800272f   Thumb Code     6  cmsis_os2.o(i.__get_IPSR)
    i.__get_PRIMASK                          0x08002734   Section        0  cmsis_os2.o(i.__get_PRIMASK)
    __get_PRIMASK                            0x08002735   Thumb Code     6  cmsis_os2.o(i.__get_PRIMASK)
    i.__scatterload_copy                     0x0800273a   Section       14  handlers.o(i.__scatterload_copy)
    i.__scatterload_null                     0x08002748   Section        2  handlers.o(i.__scatterload_null)
    i.__scatterload_zeroinit                 0x0800274a   Section       14  handlers.o(i.__scatterload_zeroinit)
    i.__sti___8_main_cpp_a5670769            0x08002758   Section        0  main.o(i.__sti___8_main_cpp_a5670769)
    __sti___8_main_cpp_a5670769              0x08002759   Thumb Code    34  main.o(i.__sti___8_main_cpp_a5670769)
    i.main                                   0x08002790   Section        0  main.o(i.main)
    i.osEventFlagsNew                        0x080027b0   Section        0  cmsis_os2.o(i.osEventFlagsNew)
    i.osKernelInitialize                     0x08002810   Section        0  cmsis_os2.o(i.osKernelInitialize)
    i.osKernelStart                          0x08002850   Section        0  cmsis_os2.o(i.osKernelStart)
    i.osThreadNew                            0x08002894   Section        0  cmsis_os2.o(i.osThreadNew)
    i.prvAddCurrentTaskToDelayedList         0x08002970   Section        0  tasks.o(i.prvAddCurrentTaskToDelayedList)
    prvAddCurrentTaskToDelayedList           0x08002971   Thumb Code   100  tasks.o(i.prvAddCurrentTaskToDelayedList)
    i.prvAddNewTaskToReadyList               0x080029ec   Section        0  tasks.o(i.prvAddNewTaskToReadyList)
    prvAddNewTaskToReadyList                 0x080029ed   Thumb Code   130  tasks.o(i.prvAddNewTaskToReadyList)
    i.prvCheckForValidListAndQueue           0x08002a88   Section        0  timers.o(i.prvCheckForValidListAndQueue)
    prvCheckForValidListAndQueue             0x08002a89   Thumb Code    78  timers.o(i.prvCheckForValidListAndQueue)
    i.prvCheckTasksWaitingTermination        0x08002afc   Section        0  tasks.o(i.prvCheckTasksWaitingTermination)
    prvCheckTasksWaitingTermination          0x08002afd   Thumb Code    60  tasks.o(i.prvCheckTasksWaitingTermination)
    i.prvDeleteTCB                           0x08002b44   Section        0  tasks.o(i.prvDeleteTCB)
    prvDeleteTCB                             0x08002b45   Thumb Code    80  tasks.o(i.prvDeleteTCB)
    i.prvGetNextExpireTime                   0x08002b94   Section        0  timers.o(i.prvGetNextExpireTime)
    prvGetNextExpireTime                     0x08002b95   Thumb Code    36  timers.o(i.prvGetNextExpireTime)
    i.prvHeapInit                            0x08002bbc   Section        0  heap_4.o(i.prvHeapInit)
    prvHeapInit                              0x08002bbd   Thumb Code    98  heap_4.o(i.prvHeapInit)
    i.prvIdleTask                            0x08002c38   Section        0  tasks.o(i.prvIdleTask)
    prvIdleTask                              0x08002c39   Thumb Code    24  tasks.o(i.prvIdleTask)
    i.prvInitialiseNewTask                   0x08002c54   Section        0  tasks.o(i.prvInitialiseNewTask)
    prvInitialiseNewTask                     0x08002c55   Thumb Code   180  tasks.o(i.prvInitialiseNewTask)
    i.prvInitialiseTaskLists                 0x08002d08   Section        0  tasks.o(i.prvInitialiseTaskLists)
    prvInitialiseTaskLists                   0x08002d09   Thumb Code    70  tasks.o(i.prvInitialiseTaskLists)
    i.prvInsertBlockIntoFreeList             0x08002d70   Section        0  heap_4.o(i.prvInsertBlockIntoFreeList)
    prvInsertBlockIntoFreeList               0x08002d71   Thumb Code    96  heap_4.o(i.prvInsertBlockIntoFreeList)
    i.prvInsertTimerInActiveList             0x08002dd8   Section        0  timers.o(i.prvInsertTimerInActiveList)
    prvInsertTimerInActiveList               0x08002dd9   Thumb Code    80  timers.o(i.prvInsertTimerInActiveList)
    i.prvProcessExpiredTimer                 0x08002e30   Section        0  timers.o(i.prvProcessExpiredTimer)
    prvProcessExpiredTimer                   0x08002e31   Thumb Code    94  timers.o(i.prvProcessExpiredTimer)
    i.prvProcessReceivedCommands             0x08002e94   Section        0  timers.o(i.prvProcessReceivedCommands)
    prvProcessReceivedCommands               0x08002e95   Thumb Code   290  timers.o(i.prvProcessReceivedCommands)
    i.prvProcessTimerOrBlockTask             0x08002fbc   Section        0  timers.o(i.prvProcessTimerOrBlockTask)
    prvProcessTimerOrBlockTask               0x08002fbd   Thumb Code   102  timers.o(i.prvProcessTimerOrBlockTask)
    i.prvResetNextTaskUnblockTime            0x08003030   Section        0  tasks.o(i.prvResetNextTaskUnblockTime)
    prvResetNextTaskUnblockTime              0x08003031   Thumb Code    42  tasks.o(i.prvResetNextTaskUnblockTime)
    i.prvSampleTimeNow                       0x08003064   Section        0  timers.o(i.prvSampleTimeNow)
    prvSampleTimeNow                         0x08003065   Thumb Code    40  timers.o(i.prvSampleTimeNow)
    i.prvSwitchTimerLists                    0x08003090   Section        0  timers.o(i.prvSwitchTimerLists)
    prvSwitchTimerLists                      0x08003091   Thumb Code   150  timers.o(i.prvSwitchTimerLists)
    i.prvTimerTask                           0x08003130   Section        0  timers.o(i.prvTimerTask)
    prvTimerTask                             0x08003131   Thumb Code    26  timers.o(i.prvTimerTask)
    i.pvPortMalloc                           0x0800314c   Section        0  heap_4.o(i.pvPortMalloc)
    i.pxPortInitialiseStack                  0x08003288   Section        0  port.o(i.pxPortInitialiseStack)
    i.uxListRemove                           0x080032b4   Section        0  list.o(i.uxListRemove)
    i.vApplicationGetIdleTaskMemory          0x080032dc   Section        0  cmsis_os2.o(i.vApplicationGetIdleTaskMemory)
    i.vApplicationGetTimerTaskMemory         0x080032f4   Section        0  cmsis_os2.o(i.vApplicationGetTimerTaskMemory)
    i.vListInitialise                        0x0800330c   Section        0  list.o(i.vListInitialise)
    i.vListInitialiseItem                    0x08003326   Section        0  list.o(i.vListInitialiseItem)
    i.vListInsert                            0x0800332c   Section        0  list.o(i.vListInsert)
    i.vListInsertEnd                         0x08003360   Section        0  list.o(i.vListInsertEnd)
    i.vPortEnterCritical                     0x08003378   Section        0  port.o(i.vPortEnterCritical)
    i.vPortExitCritical                      0x080033cc   Section        0  port.o(i.vPortExitCritical)
    i.vPortFree                              0x08003408   Section        0  heap_4.o(i.vPortFree)
    i.vPortValidateInterruptPriority         0x0800349c   Section        0  port.o(i.vPortValidateInterruptPriority)
    i.vQueueAddToRegistry                    0x08003514   Section        0  queue.o(i.vQueueAddToRegistry)
    i.vQueueWaitForMessageRestricted         0x08003540   Section        0  queue.o(i.vQueueWaitForMessageRestricted)
    i.vTaskInternalSetTimeOutState           0x0800358c   Section        0  tasks.o(i.vTaskInternalSetTimeOutState)
    i.vTaskMissedYield                       0x080035a4   Section        0  tasks.o(i.vTaskMissedYield)
    i.vTaskPlaceOnEventList                  0x080035b0   Section        0  tasks.o(i.vTaskPlaceOnEventList)
    i.vTaskPlaceOnEventListRestricted        0x080035e8   Section        0  tasks.o(i.vTaskPlaceOnEventListRestricted)
    i.vTaskStartScheduler                    0x08003628   Section        0  tasks.o(i.vTaskStartScheduler)
    i.vTaskSuspendAll                        0x080036e0   Section        0  tasks.o(i.vTaskSuspendAll)
    i.vTaskSwitchContext                     0x080036f0   Section        0  tasks.o(i.vTaskSwitchContext)
    i.xEventGroupCreate                      0x08003780   Section        0  event_groups.o(i.xEventGroupCreate)
    i.xEventGroupCreateStatic                0x0800379e   Section        0  event_groups.o(i.xEventGroupCreateStatic)
    i.xPortStartScheduler                    0x080037f8   Section        0  port.o(i.xPortStartScheduler)
    i.xQueueGenericCreateStatic              0x08003960   Section        0  queue.o(i.xQueueGenericCreateStatic)
    i.xQueueGenericReset                     0x08003a3e   Section        0  queue.o(i.xQueueGenericReset)
    i.xQueueGenericSend                      0x08003ac0   Section        0  queue.o(i.xQueueGenericSend)
    i.xQueueGenericSendFromISR               0x08003c44   Section        0  queue.o(i.xQueueGenericSendFromISR)
    i.xQueueReceive                          0x08003d3c   Section        0  queue.o(i.xQueueReceive)
    i.xTaskCheckForTimeOut                   0x08003e94   Section        0  tasks.o(i.xTaskCheckForTimeOut)
    i.xTaskCreate                            0x08003f20   Section        0  tasks.o(i.xTaskCreate)
    i.xTaskCreateStatic                      0x08003f84   Section        0  tasks.o(i.xTaskCreateStatic)
    i.xTaskGetSchedulerState                 0x0800403c   Section        0  tasks.o(i.xTaskGetSchedulerState)
    i.xTaskGetTickCount                      0x0800405c   Section        0  tasks.o(i.xTaskGetTickCount)
    i.xTaskIncrementTick                     0x08004068   Section        0  tasks.o(i.xTaskIncrementTick)
    i.xTaskPriorityDisinherit                0x08004170   Section        0  tasks.o(i.xTaskPriorityDisinherit)
    i.xTaskRemoveFromEventList               0x08004214   Section        0  tasks.o(i.xTaskRemoveFromEventList)
    i.xTaskResumeAll                         0x080042ac   Section        0  tasks.o(i.xTaskResumeAll)
    i.xTimerCreateTimerTask                  0x08004398   Section        0  timers.o(i.xTimerCreateTimerTask)
    i.xTimerGenericCommand                   0x08004410   Section        0  timers.o(i.xTimerGenericCommand)
    .constdata                               0x08004494   Section       88  freertos.o(.constdata)
    .constdata                               0x080044ec   Section       32  stm32f3xx_hal_rcc.o(.constdata)
    aPLLMULFactorTable                       0x080044ec   Data          16  stm32f3xx_hal_rcc.o(.constdata)
    aPredivFactorTable                       0x080044fc   Data          16  stm32f3xx_hal_rcc.o(.constdata)
    .constdata                               0x0800450c   Section       24  system_stm32f3xx.o(.constdata)
    .constdata                               0x08004524   Section       17  uartcom.o(.constdata)
    <Data1>                                  0x08004524   Data          17  uartcom.o(.constdata)
    .conststring                             0x08004538   Section       37  freertos.o(.conststring)
    .init_array                              0x08004580   Section        4  main.o(.init_array)
    .init_array                              0x08004584   Section        0  cpp_init.o(.init_array)
    .data                                    0x20000000   Section       12  freertos.o(.data)
    .data                                    0x2000000c   Section       12  main.o(.data)
    .data                                    0x20000018   Section        9  stm32f3xx_hal.o(.data)
    .data                                    0x20000024   Section        4  system_stm32f3xx.o(.data)
    .data                                    0x20000028   Section       60  tasks.o(.data)
    pxDelayedTaskList                        0x2000002c   Data           4  tasks.o(.data)
    pxOverflowDelayedTaskList                0x20000030   Data           4  tasks.o(.data)
    uxDeletedTasksWaitingCleanUp             0x20000034   Data           4  tasks.o(.data)
    uxCurrentNumberOfTasks                   0x20000038   Data           4  tasks.o(.data)
    xTickCount                               0x2000003c   Data           4  tasks.o(.data)
    uxTopReadyPriority                       0x20000040   Data           4  tasks.o(.data)
    xSchedulerRunning                        0x20000044   Data           4  tasks.o(.data)
    uxPendedTicks                            0x20000048   Data           4  tasks.o(.data)
    xYieldPending                            0x2000004c   Data           4  tasks.o(.data)
    xNumOfOverflows                          0x20000050   Data           4  tasks.o(.data)
    uxTaskNumber                             0x20000054   Data           4  tasks.o(.data)
    xNextTaskUnblockTime                     0x20000058   Data           4  tasks.o(.data)
    xIdleTaskHandle                          0x2000005c   Data           4  tasks.o(.data)
    uxSchedulerSuspended                     0x20000060   Data           4  tasks.o(.data)
    .data                                    0x20000064   Section       20  timers.o(.data)
    pxCurrentTimerList                       0x20000064   Data           4  timers.o(.data)
    pxOverflowTimerList                      0x20000068   Data           4  timers.o(.data)
    xTimerQueue                              0x2000006c   Data           4  timers.o(.data)
    xTimerTaskHandle                         0x20000070   Data           4  timers.o(.data)
    xLastTime                                0x20000074   Data           4  timers.o(.data)
    .data                                    0x20000078   Section        4  cmsis_os2.o(.data)
    KernelState                              0x20000078   Data           4  cmsis_os2.o(.data)
    .data                                    0x2000007c   Section       24  heap_4.o(.data)
    xStart                                   0x2000007c   Data           8  heap_4.o(.data)
    pxEnd                                    0x20000084   Data           4  heap_4.o(.data)
    xFreeBytesRemaining                      0x20000088   Data           4  heap_4.o(.data)
    xMinimumEverFreeBytesRemaining           0x2000008c   Data           4  heap_4.o(.data)
    xBlockAllocatedBit                       0x20000090   Data           4  heap_4.o(.data)
    .data                                    0x20000094   Section       12  port.o(.data)
    uxCriticalNesting                        0x20000094   Data           4  port.o(.data)
    ucMaxSysCallPriority                     0x20000098   Data           1  port.o(.data)
    ulMaxPRIGROUPValue                       0x2000009c   Data           4  port.o(.data)
    .bss                                     0x200000a0   Section      132  usart.o(.bss)
    .bss                                     0x20000124   Section       76  stm32f3xx_hal_timebase_tim.o(.bss)
    .bss                                     0x20000170   Section       48  main.o(.bss)
    .bss                                     0x200001a0   Section       64  queue.o(.bss)
    .bss                                     0x200001e0   Section     1220  tasks.o(.bss)
    pxReadyTasksLists                        0x200001e0   Data        1120  tasks.o(.bss)
    xDelayedTaskList1                        0x20000640   Data          20  tasks.o(.bss)
    xDelayedTaskList2                        0x20000654   Data          20  tasks.o(.bss)
    xPendingReadyList                        0x20000668   Data          20  tasks.o(.bss)
    xTasksWaitingTermination                 0x2000067c   Data          20  tasks.o(.bss)
    xSuspendedTaskList                       0x20000690   Data          20  tasks.o(.bss)
    .bss                                     0x200006a4   Section      280  timers.o(.bss)
    xActiveTimerList1                        0x200006a4   Data          20  timers.o(.bss)
    xActiveTimerList2                        0x200006b8   Data          20  timers.o(.bss)
    xStaticTimerQueue                        0x200006cc   Data          80  timers.o(.bss)
    ucStaticTimerQueueStorage                0x2000071c   Data         160  timers.o(.bss)
    .bss                                     0x200007bc   Section     1720  cmsis_os2.o(.bss)
    Idle_TCB                                 0x200007bc   Data          92  cmsis_os2.o(.bss)
    Idle_Stack                               0x20000818   Data         512  cmsis_os2.o(.bss)
    Timer_TCB                                0x20000a18   Data          92  cmsis_os2.o(.bss)
    Timer_Stack                              0x20000a74   Data        1024  cmsis_os2.o(.bss)
    .bss                                     0x20000e74   Section     3072  heap_4.o(.bss)
    ucHeap                                   0x20000e74   Data        3072  heap_4.o(.bss)
    STACK                                    0x20001a78   Section     4608  startup_stm32f302x8.o(STACK)

    Global Symbols

    Symbol Name                              Value     Ov Type        Size  Object(Section)

    BuildAttributes$$THM_ISAv4$E$P$D$K$B$S$7EM$VFPi3$EXTD16$VFPS$VFMA$PE$A:L22UL41UL21$X:L11$S22US41US21$IEEE1$IW$USESV6$~STKCKD$USESV7$~SHL$OSPACE$EBA8$UX$MICROLIB$REQ8$PRES8$EABIv2 0x00000000   Number         0  anon$$obj.o ABSOLUTE
    __ARM_use_no_argv                        0x00000000   Number         0  main.o ABSOLUTE
    __ARM::default_unexpected_handler()       - Undefined Weak Reference
    __ARM_exceptions_buffer_required          - Undefined Weak Reference
    __cxa_finalize                            - Undefined Weak Reference
    __decompress                              - Undefined Weak Reference
    _clock_init                               - Undefined Weak Reference
    _microlib_exit                            - Undefined Weak Reference
    __Vectors_Size                           0x00000188   Number         0  startup_stm32f302x8.o ABSOLUTE
    __Vectors                                0x08000000   Data           4  startup_stm32f302x8.o(RESET)
    __Vectors_End                            0x08000188   Data           0  startup_stm32f302x8.o(RESET)
    __main                                   0x08000189   Thumb Code     0  entry.o(.ARM.Collect$$$$00000000)
    _main_stk                                0x08000189   Thumb Code     0  entry2.o(.ARM.Collect$$$$00000001)
    _main_scatterload                        0x0800018d   Thumb Code     0  entry5.o(.ARM.Collect$$$$00000004)
    __main_after_scatterload                 0x08000191   Thumb Code     0  entry5.o(.ARM.Collect$$$$00000004)
    _main_clock                              0x08000191   Thumb Code     0  entry7b.o(.ARM.Collect$$$$00000008)
    _main_cpp_init$empty                     0x08000191   Thumb Code     0  entry8a.o(.ARM.Collect$$$$00000009)
    _main_cpp_init                           0x08000195   Thumb Code     0  entry8b.o(.ARM.Collect$$$$0000000A)
    _main_init                               0x08000195   Thumb Code     0  entry9a.o(.ARM.Collect$$$$0000000B)
    __rt_final_cpp                           0x0800019d   Thumb Code     0  entry10a.o(.ARM.Collect$$$$0000000D)
    __rt_final_exit                          0x0800019d   Thumb Code     0  entry11a.o(.ARM.Collect$$$$0000000F)
    SVC_Handler()                            0x080001a1   Thumb Code    28  port.o(.emb_text)
    __asm___6_port_c_39a90d8d___ZN27_INTERNAL_6_port_c_39a90d8d17prvStartFirstTaskEv 0x080001c1   Thumb Code    36  port.o(.emb_text)
    __asm___6_port_c_39a90d8d___ZN27_INTERNAL_6_port_c_39a90d8d12prvEnableVFPEv 0x080001e9   Thumb Code    16  port.o(.emb_text)
    PendSV_Handler()                         0x080001fd   Thumb Code    88  port.o(.emb_text)
    vPortGetIPSR()                           0x08000259   Thumb Code     6  port.o(.emb_text)
    Reset_Handler                            0x08000261   Thumb Code     8  startup_stm32f302x8.o(.text)
    SVC_Handler                              0x08000273   Thumb Code     2  startup_stm32f302x8.o(.text)
    PendSV_Handler                           0x08000277   Thumb Code     2  startup_stm32f302x8.o(.text)
    SysTick_Handler                          0x08000279   Thumb Code     2  startup_stm32f302x8.o(.text)
    ADC1_IRQHandler                          0x0800027b   Thumb Code     0  startup_stm32f302x8.o(.text)
    CAN_RX1_IRQHandler                       0x0800027b   Thumb Code     0  startup_stm32f302x8.o(.text)
    CAN_SCE_IRQHandler                       0x0800027b   Thumb Code     0  startup_stm32f302x8.o(.text)
    COMP2_IRQHandler                         0x0800027b   Thumb Code     0  startup_stm32f302x8.o(.text)
    COMP4_6_IRQHandler                       0x0800027b   Thumb Code     0  startup_stm32f302x8.o(.text)
    DMA1_Channel1_IRQHandler                 0x0800027b   Thumb Code     0  startup_stm32f302x8.o(.text)
    DMA1_Channel2_IRQHandler                 0x0800027b   Thumb Code     0  startup_stm32f302x8.o(.text)
    DMA1_Channel3_IRQHandler                 0x0800027b   Thumb Code     0  startup_stm32f302x8.o(.text)
    DMA1_Channel4_IRQHandler                 0x0800027b   Thumb Code     0  startup_stm32f302x8.o(.text)
    DMA1_Channel5_IRQHandler                 0x0800027b   Thumb Code     0  startup_stm32f302x8.o(.text)
    DMA1_Channel6_IRQHandler                 0x0800027b   Thumb Code     0  startup_stm32f302x8.o(.text)
    DMA1_Channel7_IRQHandler                 0x0800027b   Thumb Code     0  startup_stm32f302x8.o(.text)
    EXTI0_IRQHandler                         0x0800027b   Thumb Code     0  startup_stm32f302x8.o(.text)
    EXTI15_10_IRQHandler                     0x0800027b   Thumb Code     0  startup_stm32f302x8.o(.text)
    EXTI1_IRQHandler                         0x0800027b   Thumb Code     0  startup_stm32f302x8.o(.text)
    EXTI2_TSC_IRQHandler                     0x0800027b   Thumb Code     0  startup_stm32f302x8.o(.text)
    EXTI3_IRQHandler                         0x0800027b   Thumb Code     0  startup_stm32f302x8.o(.text)
    EXTI4_IRQHandler                         0x0800027b   Thumb Code     0  startup_stm32f302x8.o(.text)
    EXTI9_5_IRQHandler                       0x0800027b   Thumb Code     0  startup_stm32f302x8.o(.text)
    FLASH_IRQHandler                         0x0800027b   Thumb Code     0  startup_stm32f302x8.o(.text)
    FPU_IRQHandler                           0x0800027b   Thumb Code     0  startup_stm32f302x8.o(.text)
    I2C1_ER_IRQHandler                       0x0800027b   Thumb Code     0  startup_stm32f302x8.o(.text)
    I2C1_EV_IRQHandler                       0x0800027b   Thumb Code     0  startup_stm32f302x8.o(.text)
    I2C2_ER_IRQHandler                       0x0800027b   Thumb Code     0  startup_stm32f302x8.o(.text)
    I2C2_EV_IRQHandler                       0x0800027b   Thumb Code     0  startup_stm32f302x8.o(.text)
    I2C3_ER_IRQHandler                       0x0800027b   Thumb Code     0  startup_stm32f302x8.o(.text)
    I2C3_EV_IRQHandler                       0x0800027b   Thumb Code     0  startup_stm32f302x8.o(.text)
    PVD_IRQHandler                           0x0800027b   Thumb Code     0  startup_stm32f302x8.o(.text)
    RCC_IRQHandler                           0x0800027b   Thumb Code     0  startup_stm32f302x8.o(.text)
    RTC_Alarm_IRQHandler                     0x0800027b   Thumb Code     0  startup_stm32f302x8.o(.text)
    RTC_WKUP_IRQHandler                      0x0800027b   Thumb Code     0  startup_stm32f302x8.o(.text)
    SPI2_IRQHandler                          0x0800027b   Thumb Code     0  startup_stm32f302x8.o(.text)
    SPI3_IRQHandler                          0x0800027b   Thumb Code     0  startup_stm32f302x8.o(.text)
    TAMP_STAMP_IRQHandler                    0x0800027b   Thumb Code     0  startup_stm32f302x8.o(.text)
    TIM1_BRK_TIM15_IRQHandler                0x0800027b   Thumb Code     0  startup_stm32f302x8.o(.text)
    TIM1_CC_IRQHandler                       0x0800027b   Thumb Code     0  startup_stm32f302x8.o(.text)
    TIM1_TRG_COM_TIM17_IRQHandler            0x0800027b   Thumb Code     0  startup_stm32f302x8.o(.text)
    TIM2_IRQHandler                          0x0800027b   Thumb Code     0  startup_stm32f302x8.o(.text)
    TIM6_DAC_IRQHandler                      0x0800027b   Thumb Code     0  startup_stm32f302x8.o(.text)
    USART1_IRQHandler                        0x0800027b   Thumb Code     0  startup_stm32f302x8.o(.text)
    USART3_IRQHandler                        0x0800027b   Thumb Code     0  startup_stm32f302x8.o(.text)
    USBWakeUp_IRQHandler                     0x0800027b   Thumb Code     0  startup_stm32f302x8.o(.text)
    USBWakeUp_RMP_IRQHandler                 0x0800027b   Thumb Code     0  startup_stm32f302x8.o(.text)
    USB_HP_CAN_TX_IRQHandler                 0x0800027b   Thumb Code     0  startup_stm32f302x8.o(.text)
    USB_HP_IRQHandler                        0x0800027b   Thumb Code     0  startup_stm32f302x8.o(.text)
    USB_LP_CAN_RX0_IRQHandler                0x0800027b   Thumb Code     0  startup_stm32f302x8.o(.text)
    USB_LP_IRQHandler                        0x0800027b   Thumb Code     0  startup_stm32f302x8.o(.text)
    WWDG_IRQHandler                          0x0800027b   Thumb Code     0  startup_stm32f302x8.o(.text)
    __aeabi_uldivmod                         0x08000285   Thumb Code    98  uldiv.o(.text)
    __aeabi_llsr                             0x080002e7   Thumb Code    32  llushr.o(.text)
    _ll_ushift_r                             0x080002e7   Thumb Code     0  llushr.o(.text)
    __aeabi_memcpy                           0x08000307   Thumb Code    36  memcpya.o(.text)
    __aeabi_memcpy4                          0x08000307   Thumb Code     0  memcpya.o(.text)
    __aeabi_memcpy8                          0x08000307   Thumb Code     0  memcpya.o(.text)
    __aeabi_memset                           0x0800032b   Thumb Code    14  memseta.o(.text)
    __aeabi_memset4                          0x0800032b   Thumb Code     0  memseta.o(.text)
    __aeabi_memset8                          0x0800032b   Thumb Code     0  memseta.o(.text)
    __aeabi_memclr                           0x08000339   Thumb Code     4  memseta.o(.text)
    __aeabi_memclr4                          0x08000339   Thumb Code     0  memseta.o(.text)
    __aeabi_memclr8                          0x08000339   Thumb Code     0  memseta.o(.text)
    memset                                   0x0800033d   Thumb Code    18  memseta.o(.text)
    __cpp_initialize__aeabi_                 0x08000351   Thumb Code    22  cpp_init.o(.text)
    __aeabi_llsl                             0x08000371   Thumb Code    30  llshl.o(.text)
    _ll_shift_l                              0x08000371   Thumb Code     0  llshl.o(.text)
    __scatterload                            0x08000391   Thumb Code    28  init.o(.text)
    __scatterload_rt2                        0x08000391   Thumb Code     0  init.o(.text)
    BusFault_Handler                         0x080003b5   Thumb Code     4  stm32f3xx_it.o(i.BusFault_Handler)
    DebugMon_Handler                         0x080003b9   Thumb Code     2  stm32f3xx_it.o(i.DebugMon_Handler)
    Error_Handler                            0x080003bb   Thumb Code     6  main.o(i.Error_Handler)
    HAL_DMA_Abort                            0x080003c1   Thumb Code    84  stm32f3xx_hal_dma.o(i.HAL_DMA_Abort)
    HAL_DMA_Abort_IT                         0x08000415   Thumb Code    88  stm32f3xx_hal_dma.o(i.HAL_DMA_Abort_IT)
    HAL_GPIO_Init                            0x0800046d   Thumb Code   406  stm32f3xx_hal_gpio.o(i.HAL_GPIO_Init)
    HAL_GPIO_WritePin                        0x0800061d   Thumb Code    10  stm32f3xx_hal_gpio.o(i.HAL_GPIO_WritePin)
    HAL_GetTick                              0x08000629   Thumb Code     6  stm32f3xx_hal.o(i.HAL_GetTick)
    HAL_IncTick                              0x08000635   Thumb Code    16  stm32f3xx_hal.o(i.HAL_IncTick)
    HAL_Init                                 0x0800064d   Thumb Code    34  stm32f3xx_hal.o(i.HAL_Init)
    HAL_InitTick                             0x08000675   Thumb Code   118  stm32f3xx_hal_timebase_tim.o(i.HAL_InitTick)
    HAL_MspInit                              0x080006fd   Thumb Code    68  stm32f3xx_hal_msp.o(i.HAL_MspInit)
    HAL_NVIC_EnableIRQ                       0x08000745   Thumb Code    32  stm32f3xx_hal_cortex.o(i.HAL_NVIC_EnableIRQ)
    HAL_NVIC_SetPriority                     0x08000765   Thumb Code   124  stm32f3xx_hal_cortex.o(i.HAL_NVIC_SetPriority)
    HAL_NVIC_SetPriorityGrouping             0x080007e1   Thumb Code    32  stm32f3xx_hal_cortex.o(i.HAL_NVIC_SetPriorityGrouping)
    HAL_RCC_ClockConfig                      0x08000809   Thumb Code   664  stm32f3xx_hal_rcc.o(i.HAL_RCC_ClockConfig)
    HAL_RCC_GetClockConfig                   0x08000ab5   Thumb Code    58  stm32f3xx_hal_rcc.o(i.HAL_RCC_GetClockConfig)
    HAL_RCC_GetHCLKFreq                      0x08000af9   Thumb Code     6  stm32f3xx_hal_rcc.o(i.HAL_RCC_GetHCLKFreq)
    HAL_RCC_GetPCLK1Freq                     0x08000b05   Thumb Code    36  stm32f3xx_hal_rcc.o(i.HAL_RCC_GetPCLK1Freq)
    HAL_RCC_GetPCLK2Freq                     0x08000b31   Thumb Code    36  stm32f3xx_hal_rcc.o(i.HAL_RCC_GetPCLK2Freq)
    HAL_RCC_GetSysClockFreq                  0x08000b5d   Thumb Code   138  stm32f3xx_hal_rcc.o(i.HAL_RCC_GetSysClockFreq)
    HAL_RCC_OscConfig                        0x08000bfd   Thumb Code  2586  stm32f3xx_hal_rcc.o(i.HAL_RCC_OscConfig)
    HAL_TIMEx_Break2Callback                 0x08001621   Thumb Code     2  stm32f3xx_hal_tim_ex.o(i.HAL_TIMEx_Break2Callback)
    HAL_TIMEx_BreakCallback                  0x08001623   Thumb Code     2  stm32f3xx_hal_tim_ex.o(i.HAL_TIMEx_BreakCallback)
    HAL_TIMEx_CommutCallback                 0x08001625   Thumb Code     2  stm32f3xx_hal_tim_ex.o(i.HAL_TIMEx_CommutCallback)
    HAL_TIM_Base_Init                        0x08001627   Thumb Code   110  stm32f3xx_hal_tim.o(i.HAL_TIM_Base_Init)
    HAL_TIM_Base_MspInit                     0x08001695   Thumb Code     2  stm32f3xx_hal_tim.o(i.HAL_TIM_Base_MspInit)
    HAL_TIM_Base_Start_IT                    0x08001699   Thumb Code   106  stm32f3xx_hal_tim.o(i.HAL_TIM_Base_Start_IT)
    HAL_TIM_IC_CaptureCallback               0x08001711   Thumb Code     2  stm32f3xx_hal_tim.o(i.HAL_TIM_IC_CaptureCallback)
    HAL_TIM_IRQHandler                       0x08001713   Thumb Code   440  stm32f3xx_hal_tim.o(i.HAL_TIM_IRQHandler)
    HAL_TIM_OC_DelayElapsedCallback          0x080018cb   Thumb Code     2  stm32f3xx_hal_tim.o(i.HAL_TIM_OC_DelayElapsedCallback)
    HAL_TIM_PWM_PulseFinishedCallback        0x080018cd   Thumb Code     2  stm32f3xx_hal_tim.o(i.HAL_TIM_PWM_PulseFinishedCallback)
    HAL_TIM_PeriodElapsedCallback            0x080018d1   Thumb Code    18  main.o(i.HAL_TIM_PeriodElapsedCallback)
    HAL_TIM_TriggerCallback                  0x080018e9   Thumb Code     2  stm32f3xx_hal_tim.o(i.HAL_TIM_TriggerCallback)
    HAL_UARTEx_RxEventCallback               0x080018eb   Thumb Code     2  stm32f3xx_hal_uart.o(i.HAL_UARTEx_RxEventCallback)
    HAL_UARTEx_WakeupCallback                0x080018ed   Thumb Code     2  stm32f3xx_hal_uart_ex.o(i.HAL_UARTEx_WakeupCallback)
    HAL_UART_ErrorCallback                   0x080018ef   Thumb Code     2  stm32f3xx_hal_uart.o(i.HAL_UART_ErrorCallback)
    HAL_UART_IRQHandler                      0x080018f1   Thumb Code   826  stm32f3xx_hal_uart.o(i.HAL_UART_IRQHandler)
    HAL_UART_Init                            0x08001c35   Thumb Code   116  stm32f3xx_hal_uart.o(i.HAL_UART_Init)
    HAL_UART_MspInit                         0x08001ca9   Thumb Code   124  usart.o(i.HAL_UART_MspInit)
    HAL_UART_TxCpltCallback                  0x08001d2d   Thumb Code     2  stm32f3xx_hal_uart.o(i.HAL_UART_TxCpltCallback)
    HardFault_Handler                        0x08001d2f   Thumb Code     4  stm32f3xx_it.o(i.HardFault_Handler)
    LedTask                                  0x08001d35   Thumb Code    10  main.o(i.LedTask)
    MX_FREERTOS_Init                         0x08001d45   Thumb Code    42  freertos.o(i.MX_FREERTOS_Init)
    MX_GPIO_Init                             0x08001d91   Thumb Code   158  gpio.o(i.MX_GPIO_Init)
    MX_USART2_UART_Init                      0x08001e39   Thumb Code    56  usart.o(i.MX_USART2_UART_Init)
    MemManage_Handler                        0x08001e79   Thumb Code     4  stm32f3xx_it.o(i.MemManage_Handler)
    NMI_Handler                              0x08001e7d   Thumb Code     4  stm32f3xx_it.o(i.NMI_Handler)
    SystemInit                               0x08001e81   Thumb Code    14  system_stm32f3xx.o(i.SystemInit)
    TIM1_UP_TIM16_IRQHandler                 0x08001e95   Thumb Code    10  stm32f3xx_it.o(i.TIM1_UP_TIM16_IRQHandler)
    TIM_Base_SetConfig                       0x08001ea5   Thumb Code   116  stm32f3xx_hal_tim.o(i.TIM_Base_SetConfig)
    UART_AdvFeatureConfig                    0x08001f29   Thumb Code   248  stm32f3xx_hal_uart.o(i.UART_AdvFeatureConfig)
    UART_CheckIdleState                      0x08002021   Thumb Code   114  stm32f3xx_hal_uart.o(i.UART_CheckIdleState)
    UART_SetConfig                           0x08002095   Thumb Code   406  stm32f3xx_hal_uart.o(i.UART_SetConfig)
    UART_WaitOnFlagUntilTimeout              0x08002245   Thumb Code   248  stm32f3xx_hal_uart.o(i.UART_WaitOnFlagUntilTimeout)
    USART2_IRQHandler                        0x0800233d   Thumb Code    10  stm32f3xx_it.o(i.USART2_IRQHandler)
    UartEchoTask                             0x0800234d   Thumb Code    10  main.o(i.UartEchoTask)
    UsageFault_Handler                       0x0800235d   Thumb Code     4  stm32f3xx_it.o(i.UsageFault_Handler)
    SystemClock_Config()                     0x08002361   Thumb Code    98  main.o(i._Z18SystemClock_Configv)
    vPortSetupTimerInterrupt()               0x080023c5   Thumb Code    36  port.o(i._Z24vPortSetupTimerInterruptv)
    LedManager::LED_ON_Process()             0x080023ed   Thumb Code    24  ledmanager.o(i._ZN10LedManager14LED_ON_ProcessEv)
    LedManager::LED_OFF_Process()            0x08002405   Thumb Code    24  ledmanager.o(i._ZN10LedManager15LED_OFF_ProcessEv)
    LedManager::Task()                       0x0800241d   Thumb Code    18  ledmanager.o(i._ZN10LedManager4TaskEv)
    LedManager::LedManager(IBsp*, IRtos*)    0x0800242f   Thumb Code     6  ledmanager.o(i._ZN10LedManagerC1EP4IBspP5IRtos)
    LedManager::LedManager__sub_object(IBsp*, IRtos*) 0x0800242f   Thumb Code     0  ledmanager.o(i._ZN10LedManagerC1EP4IBspP5IRtos)
    UartCom::Uart_Com_Echo()                 0x080026dd   Thumb Code    30  uartcom.o(i._ZN7UartCom13Uart_Com_EchoEv)
    UartCom::UartCom(IBsp*, IRtos*, unsigned char*) 0x080026fd   Thumb Code    40  uartcom.o(i._ZN7UartComC1EP4IBspP5IRtosPh)
    UartCom::UartCom__sub_object(IBsp*, IRtos*, unsigned char*) 0x080026fd   Thumb Code     0  uartcom.o(i._ZN7UartComC1EP4IBspP5IRtosPh)
    __scatterload_copy                       0x0800273b   Thumb Code    14  handlers.o(i.__scatterload_copy)
    __scatterload_null                       0x08002749   Thumb Code     2  handlers.o(i.__scatterload_null)
    __scatterload_zeroinit                   0x0800274b   Thumb Code    14  handlers.o(i.__scatterload_zeroinit)
    main                                     0x08002791   Thumb Code    32  main.o(i.main)
    osEventFlagsNew                          0x080027b1   Thumb Code    92  cmsis_os2.o(i.osEventFlagsNew)
    osKernelInitialize                       0x08002811   Thumb Code    58  cmsis_os2.o(i.osKernelInitialize)
    osKernelStart                            0x08002851   Thumb Code    64  cmsis_os2.o(i.osKernelStart)
    osThreadNew                              0x08002895   Thumb Code   216  cmsis_os2.o(i.osThreadNew)
    pvPortMalloc                             0x0800314d   Thumb Code   296  heap_4.o(i.pvPortMalloc)
    pxPortInitialiseStack                    0x08003289   Thumb Code    38  port.o(i.pxPortInitialiseStack)
    uxListRemove                             0x080032b5   Thumb Code    40  list.o(i.uxListRemove)
    vApplicationGetIdleTaskMemory            0x080032dd   Thumb Code    14  cmsis_os2.o(i.vApplicationGetIdleTaskMemory)
    vApplicationGetTimerTaskMemory           0x080032f5   Thumb Code    16  cmsis_os2.o(i.vApplicationGetTimerTaskMemory)
    vListInitialise                          0x0800330d   Thumb Code    26  list.o(i.vListInitialise)
    vListInitialiseItem                      0x08003327   Thumb Code     6  list.o(i.vListInitialiseItem)
    vListInsert                              0x0800332d   Thumb Code    52  list.o(i.vListInsert)
    vListInsertEnd                           0x08003361   Thumb Code    24  list.o(i.vListInsertEnd)
    vPortEnterCritical                       0x08003379   Thumb Code    76  port.o(i.vPortEnterCritical)
    vPortExitCritical                        0x080033cd   Thumb Code    56  port.o(i.vPortExitCritical)
    vPortFree                                0x08003409   Thumb Code   140  heap_4.o(i.vPortFree)
    vPortValidateInterruptPriority           0x0800349d   Thumb Code   106  port.o(i.vPortValidateInterruptPriority)
    vQueueAddToRegistry                      0x08003515   Thumb Code    38  queue.o(i.vQueueAddToRegistry)
    vQueueWaitForMessageRestricted           0x08003541   Thumb Code    74  queue.o(i.vQueueWaitForMessageRestricted)
    vTaskInternalSetTimeOutState             0x0800358d   Thumb Code    14  tasks.o(i.vTaskInternalSetTimeOutState)
    vTaskMissedYield                         0x080035a5   Thumb Code     8  tasks.o(i.vTaskMissedYield)
    vTaskPlaceOnEventList                    0x080035b1   Thumb Code    52  tasks.o(i.vTaskPlaceOnEventList)
    vTaskPlaceOnEventListRestricted          0x080035e9   Thumb Code    60  tasks.o(i.vTaskPlaceOnEventListRestricted)
    vTaskStartScheduler                      0x08003629   Thumb Code   156  tasks.o(i.vTaskStartScheduler)
    vTaskSuspendAll                          0x080036e1   Thumb Code    12  tasks.o(i.vTaskSuspendAll)
    vTaskSwitchContext                       0x080036f1   Thumb Code   122  tasks.o(i.vTaskSwitchContext)
    xEventGroupCreate                        0x08003781   Thumb Code    30  event_groups.o(i.xEventGroupCreate)
    xEventGroupCreateStatic                  0x0800379f   Thumb Code    90  event_groups.o(i.xEventGroupCreateStatic)
    xPortStartScheduler                      0x080037f9   Thumb Code   330  port.o(i.xPortStartScheduler)
    xQueueGenericCreateStatic                0x08003961   Thumb Code   222  queue.o(i.xQueueGenericCreateStatic)
    xQueueGenericReset                       0x08003a3f   Thumb Code   128  queue.o(i.xQueueGenericReset)
    xQueueGenericSend                        0x08003ac1   Thumb Code   382  queue.o(i.xQueueGenericSend)
    xQueueGenericSendFromISR                 0x08003c45   Thumb Code   248  queue.o(i.xQueueGenericSendFromISR)
    xQueueReceive                            0x08003d3d   Thumb Code   338  queue.o(i.xQueueReceive)
    xTaskCheckForTimeOut                     0x08003e95   Thumb Code   132  tasks.o(i.xTaskCheckForTimeOut)
    xTaskCreate                              0x08003f21   Thumb Code   100  tasks.o(i.xTaskCreate)
    xTaskCreateStatic                        0x08003f85   Thumb Code   184  tasks.o(i.xTaskCreateStatic)
    xTaskGetSchedulerState                   0x0800403d   Thumb Code    24  tasks.o(i.xTaskGetSchedulerState)
    xTaskGetTickCount                        0x0800405d   Thumb Code     6  tasks.o(i.xTaskGetTickCount)
    xTaskIncrementTick                       0x08004069   Thumb Code   228  tasks.o(i.xTaskIncrementTick)
    xTaskPriorityDisinherit                  0x08004171   Thumb Code   152  tasks.o(i.xTaskPriorityDisinherit)
    xTaskRemoveFromEventList                 0x08004215   Thumb Code   126  tasks.o(i.xTaskRemoveFromEventList)
    xTaskResumeAll                           0x080042ad   Thumb Code   204  tasks.o(i.xTaskResumeAll)
    xTimerCreateTimerTask                    0x08004399   Thumb Code   100  timers.o(i.xTimerCreateTimerTask)
    xTimerGenericCommand                     0x08004411   Thumb Code   128  timers.o(i.xTimerGenericCommand)
    taskLed_attributes                       0x08004494   Data          36  freertos.o(.constdata)
    taskUartEcho_attributes                  0x080044b8   Data          36  freertos.o(.constdata)
    eventUartCom_attributes                  0x080044dc   Data          16  freertos.o(.constdata)
    AHBPrescTable                            0x0800450c   Data          16  system_stm32f3xx.o(.constdata)
    APBPrescTable                            0x0800451c   Data           8  system_stm32f3xx.o(.constdata)
    Region$$Table$$Base                      0x08004560   Number         0  anon$$obj.o(Region$$Table)
    Region$$Table$$Limit                     0x08004580   Number         0  anon$$obj.o(Region$$Table)
    SHT$$INIT_ARRAY$$Base                    0x08004580   Number         0  main.o(.init_array)
    SHT$$INIT_ARRAY$$Limit                   0x08004584   Number         0  cpp_init.o(.init_array)
    taskLedHandle                            0x20000000   Data           4  freertos.o(.data)
    taskUartEchoHandle                       0x20000004   Data           4  freertos.o(.data)
    eventUartComHandle                       0x20000008   Data           4  freertos.o(.data)
    uart_msg                                 0x2000000c   Data           2  main.o(.data)
    Bsp_Stm                                  0x20000010   Data           4  main.o(.data)
    Rtos_FreeRtos                            0x20000014   Data           4  main.o(.data)
    uwTick                                   0x20000018   Data           4  stm32f3xx_hal.o(.data)
    uwTickPrio                               0x2000001c   Data           4  stm32f3xx_hal.o(.data)
    uwTickFreq                               0x20000020   Data           1  stm32f3xx_hal.o(.data)
    SystemCoreClock                          0x20000024   Data           4  system_stm32f3xx.o(.data)
    pxCurrentTCB                             0x20000028   Data           4  tasks.o(.data)
    huart2                                   0x200000a0   Data         132  usart.o(.bss)
    htim1                                    0x20000124   Data          76  stm32f3xx_hal_timebase_tim.o(.bss)
    Led_Manager                              0x20000170   Data          16  main.o(.bss)
    Uart_Com                                 0x20000180   Data          32  main.o(.bss)
    xQueueRegistry                           0x200001a0   Data          64  queue.o(.bss)
    __initial_sp                             0x20002c78   Data           0  startup_stm32f302x8.o(STACK)



==============================================================================

Memory Map of the image

  Image Entry point : 0x08000189

  Load Region LR_IROM1 (Base: 0x08000000, Size: 0x00004624, Max: 0x00010000, ABSOLUTE)

    Execution Region ER_IROM1 (Exec base: 0x08000000, Load base: 0x08000000, Size: 0x00004584, Max: 0x00010000, ABSOLUTE)

    Exec Addr    Load Addr    Size         Type   Attr      Idx    E Section Name        Object

    0x08000000   0x08000000   0x00000188   Data   RO            3    RESET               startup_stm32f302x8.o
    0x08000188   0x08000188   0x00000000   Code   RO         6318  * .ARM.Collect$$$$00000000  mc_w.l(entry.o)
    0x08000188   0x08000188   0x00000004   Code   RO         6351    .ARM.Collect$$$$00000001  mc_w.l(entry2.o)
    0x0800018c   0x0800018c   0x00000004   Code   RO         6354    .ARM.Collect$$$$00000004  mc_w.l(entry5.o)
    0x08000190   0x08000190   0x00000000   Code   RO         6356    .ARM.Collect$$$$00000008  mc_w.l(entry7b.o)
    0x08000190   0x08000190   0x00000004   Code   RO         6357    .ARM.Collect$$$$00000009  mc_w.l(entry8a.o)
    0x08000194   0x08000194   0x00000000   Code   RO         6358    .ARM.Collect$$$$0000000A  mc_w.l(entry8b.o)
    0x08000194   0x08000194   0x00000008   Code   RO         6359    .ARM.Collect$$$$0000000B  mc_w.l(entry9a.o)
    0x0800019c   0x0800019c   0x00000000   Code   RO         6361    .ARM.Collect$$$$0000000D  mc_w.l(entry10a.o)
    0x0800019c   0x0800019c   0x00000000   Code   RO         6363    .ARM.Collect$$$$0000000F  mc_w.l(entry11a.o)
    0x0800019c   0x0800019c   0x00000004   Code   RO         6352    .ARM.Collect$$$$00002712  mc_w.l(entry2.o)
    0x080001a0   0x080001a0   0x000000be   Code   RO         5921    .emb_text           port.o
    0x0800025e   0x0800025e   0x00000002   PAD
    0x08000260   0x08000260   0x00000024   Code   RO            4    .text               startup_stm32f302x8.o
    0x08000284   0x08000284   0x00000062   Code   RO         6321    .text               mc_w.l(uldiv.o)
    0x080002e6   0x080002e6   0x00000020   Code   RO         6323    .text               mc_w.l(llushr.o)
    0x08000306   0x08000306   0x00000024   Code   RO         6325    .text               mc_w.l(memcpya.o)
    0x0800032a   0x0800032a   0x00000024   Code   RO         6329    .text               mc_w.l(memseta.o)
    0x0800034e   0x0800034e   0x00000002   PAD
    0x08000350   0x08000350   0x00000020   Code   RO         6336    .text               mc_w.l(cpp_init.o)
    0x08000370   0x08000370   0x0000001e   Code   RO         6365    .text               mc_w.l(llshl.o)
    0x0800038e   0x0800038e   0x00000002   PAD
    0x08000390   0x08000390   0x00000024   Code   RO         6380    .text               mc_w.l(init.o)
    0x080003b4   0x080003b4   0x00000004   Code   RO          349    i.BusFault_Handler  stm32f3xx_it.o
    0x080003b8   0x080003b8   0x00000002   Code   RO          350    i.DebugMon_Handler  stm32f3xx_it.o
    0x080003ba   0x080003ba   0x00000006   Code   RO          494    i.Error_Handler     main.o
    0x080003c0   0x080003c0   0x00000054   Code   RO         1115    i.HAL_DMA_Abort     stm32f3xx_hal_dma.o
    0x08000414   0x08000414   0x00000058   Code   RO         1116    i.HAL_DMA_Abort_IT  stm32f3xx_hal_dma.o
    0x0800046c   0x0800046c   0x000001b0   Code   RO         1044    i.HAL_GPIO_Init     stm32f3xx_hal_gpio.o
    0x0800061c   0x0800061c   0x0000000a   Code   RO         1048    i.HAL_GPIO_WritePin  stm32f3xx_hal_gpio.o
    0x08000626   0x08000626   0x00000002   PAD
    0x08000628   0x08000628   0x0000000c   Code   RO          689    i.HAL_GetTick       stm32f3xx_hal.o
    0x08000634   0x08000634   0x00000018   Code   RO          695    i.HAL_IncTick       stm32f3xx_hal.o
    0x0800064c   0x0800064c   0x00000028   Code   RO          696    i.HAL_Init          stm32f3xx_hal.o
    0x08000674   0x08000674   0x00000088   Code   RO          452    i.HAL_InitTick      stm32f3xx_hal_timebase_tim.o
    0x080006fc   0x080006fc   0x00000048   Code   RO          427    i.HAL_MspInit       stm32f3xx_hal_msp.o
    0x08000744   0x08000744   0x00000020   Code   RO         1231    i.HAL_NVIC_EnableIRQ  stm32f3xx_hal_cortex.o
    0x08000764   0x08000764   0x0000007c   Code   RO         1237    i.HAL_NVIC_SetPriority  stm32f3xx_hal_cortex.o
    0x080007e0   0x080007e0   0x00000028   Code   RO         1238    i.HAL_NVIC_SetPriorityGrouping  stm32f3xx_hal_cortex.o
    0x08000808   0x08000808   0x000002ac   Code   RO          878    i.HAL_RCC_ClockConfig  stm32f3xx_hal_rcc.o
    0x08000ab4   0x08000ab4   0x00000044   Code   RO          882    i.HAL_RCC_GetClockConfig  stm32f3xx_hal_rcc.o
    0x08000af8   0x08000af8   0x0000000c   Code   RO          883    i.HAL_RCC_GetHCLKFreq  stm32f3xx_hal_rcc.o
    0x08000b04   0x08000b04   0x0000002c   Code   RO          885    i.HAL_RCC_GetPCLK1Freq  stm32f3xx_hal_rcc.o
    0x08000b30   0x08000b30   0x0000002c   Code   RO          886    i.HAL_RCC_GetPCLK2Freq  stm32f3xx_hal_rcc.o
    0x08000b5c   0x08000b5c   0x000000a0   Code   RO          887    i.HAL_RCC_GetSysClockFreq  stm32f3xx_hal_rcc.o
    0x08000bfc   0x08000bfc   0x00000a24   Code   RO          890    i.HAL_RCC_OscConfig  stm32f3xx_hal_rcc.o
    0x08001620   0x08001620   0x00000002   Code   RO         3292    i.HAL_TIMEx_Break2Callback  stm32f3xx_hal_tim_ex.o
    0x08001622   0x08001622   0x00000002   Code   RO         3293    i.HAL_TIMEx_BreakCallback  stm32f3xx_hal_tim_ex.o
    0x08001624   0x08001624   0x00000002   Code   RO         3294    i.HAL_TIMEx_CommutCallback  stm32f3xx_hal_tim_ex.o
    0x08001626   0x08001626   0x0000006e   Code   RO         2446    i.HAL_TIM_Base_Init  stm32f3xx_hal_tim.o
    0x08001694   0x08001694   0x00000002   Code   RO         2448    i.HAL_TIM_Base_MspInit  stm32f3xx_hal_tim.o
    0x08001696   0x08001696   0x00000002   PAD
    0x08001698   0x08001698   0x00000078   Code   RO         2451    i.HAL_TIM_Base_Start_IT  stm32f3xx_hal_tim.o
    0x08001710   0x08001710   0x00000002   Code   RO         2480    i.HAL_TIM_IC_CaptureCallback  stm32f3xx_hal_tim.o
    0x08001712   0x08001712   0x000001b8   Code   RO         2494    i.HAL_TIM_IRQHandler  stm32f3xx_hal_tim.o
    0x080018ca   0x080018ca   0x00000002   Code   RO         2497    i.HAL_TIM_OC_DelayElapsedCallback  stm32f3xx_hal_tim.o
    0x080018cc   0x080018cc   0x00000002   Code   RO         2524    i.HAL_TIM_PWM_PulseFinishedCallback  stm32f3xx_hal_tim.o
    0x080018ce   0x080018ce   0x00000002   PAD
    0x080018d0   0x080018d0   0x00000018   Code   RO          495    i.HAL_TIM_PeriodElapsedCallback  main.o
    0x080018e8   0x080018e8   0x00000002   Code   RO         2537    i.HAL_TIM_TriggerCallback  stm32f3xx_hal_tim.o
    0x080018ea   0x080018ea   0x00000002   Code   RO         3624    i.HAL_UARTEx_RxEventCallback  stm32f3xx_hal_uart.o
    0x080018ec   0x080018ec   0x00000002   Code   RO         4086    i.HAL_UARTEx_WakeupCallback  stm32f3xx_hal_uart_ex.o
    0x080018ee   0x080018ee   0x00000002   Code   RO         3640    i.HAL_UART_ErrorCallback  stm32f3xx_hal_uart.o
    0x080018f0   0x080018f0   0x00000344   Code   RO         3643    i.HAL_UART_IRQHandler  stm32f3xx_hal_uart.o
    0x08001c34   0x08001c34   0x00000074   Code   RO         3644    i.HAL_UART_Init     stm32f3xx_hal_uart.o
    0x08001ca8   0x08001ca8   0x00000084   Code   RO          305    i.HAL_UART_MspInit  usart.o
    0x08001d2c   0x08001d2c   0x00000002   Code   RO         3656    i.HAL_UART_TxCpltCallback  stm32f3xx_hal_uart.o
    0x08001d2e   0x08001d2e   0x00000004   Code   RO          351    i.HardFault_Handler  stm32f3xx_it.o
    0x08001d32   0x08001d32   0x00000002   PAD
    0x08001d34   0x08001d34   0x00000010   Code   RO          496    i.LedTask           main.o
    0x08001d44   0x08001d44   0x0000004c   Code   RO          141    i.MX_FREERTOS_Init  freertos.o
    0x08001d90   0x08001d90   0x000000a8   Code   RO           13    i.MX_GPIO_Init      gpio.o
    0x08001e38   0x08001e38   0x00000040   Code   RO          306    i.MX_USART2_UART_Init  usart.o
    0x08001e78   0x08001e78   0x00000004   Code   RO          352    i.MemManage_Handler  stm32f3xx_it.o
    0x08001e7c   0x08001e7c   0x00000004   Code   RO          353    i.NMI_Handler       stm32f3xx_it.o
    0x08001e80   0x08001e80   0x00000014   Code   RO         4166    i.SystemInit        system_stm32f3xx.o
    0x08001e94   0x08001e94   0x00000010   Code   RO          354    i.TIM1_UP_TIM16_IRQHandler  stm32f3xx_it.o
    0x08001ea4   0x08001ea4   0x00000084   Code   RO         2539    i.TIM_Base_SetConfig  stm32f3xx_hal_tim.o
    0x08001f28   0x08001f28   0x000000f8   Code   RO         3658    i.UART_AdvFeatureConfig  stm32f3xx_hal_uart.o
    0x08002020   0x08002020   0x00000072   Code   RO         3659    i.UART_CheckIdleState  stm32f3xx_hal_uart.o
    0x08002092   0x08002092   0x00000002   PAD
    0x08002094   0x08002094   0x000001b0   Code   RO         3660    i.UART_SetConfig    stm32f3xx_hal_uart.o
    0x08002244   0x08002244   0x000000f8   Code   RO         3663    i.UART_WaitOnFlagUntilTimeout  stm32f3xx_hal_uart.o
    0x0800233c   0x0800233c   0x00000010   Code   RO          355    i.USART2_IRQHandler  stm32f3xx_it.o
    0x0800234c   0x0800234c   0x00000010   Code   RO          497    i.UartEchoTask      main.o
    0x0800235c   0x0800235c   0x00000004   Code   RO          356    i.UsageFault_Handler  stm32f3xx_it.o
    0x08002360   0x08002360   0x00000062   Code   RO          498    i._Z18SystemClock_Configv  main.o
    0x080023c2   0x080023c2   0x00000002   PAD
    0x080023c4   0x080023c4   0x00000028   Code   RO         5923    i._Z24vPortSetupTimerInterruptv  port.o
    0x080023ec   0x080023ec   0x00000018   Code   RO         6081    i._ZN10LedManager14LED_ON_ProcessEv  ledmanager.o
    0x08002404   0x08002404   0x00000018   Code   RO         6082    i._ZN10LedManager15LED_OFF_ProcessEv  ledmanager.o
    0x0800241c   0x0800241c   0x00000012   Code   RO         6085    i._ZN10LedManager4TaskEv  ledmanager.o
    0x0800242e   0x0800242e   0x00000006   Code   RO         6086    i._ZN10LedManagerC1EP4IBspP5IRtos  ledmanager.o
    0x08002434   0x08002434   0x00000040   Code   RO         5924    i._ZN27_INTERNAL_6_port_c_39a90d8d16prvTaskExitErrorEv  port.o
    0x08002474   0x08002474   0x0000001e   Code   RO         4430    i._ZN28_INTERNAL_7_queue_c_48e2f29714prvIsQueueFullEPK15QueueDefinition  queue.o
    0x08002492   0x08002492   0x0000007e   Code   RO         4431    i._ZN28_INTERNAL_7_queue_c_48e2f29714prvUnlockQueueEP15QueueDefinition  queue.o
    0x08002510   0x08002510   0x0000001a   Code   RO         4432    i._ZN28_INTERNAL_7_queue_c_48e2f29715prvIsQueueEmptyEPK15QueueDefinition  queue.o
    0x0800252a   0x0800252a   0x0000007c   Code   RO         4433    i._ZN28_INTERNAL_7_queue_c_48e2f29718prvCopyDataToQueueEP15QueueDefinitionPKvl  queue.o
    0x080025a6   0x080025a6   0x0000002a   Code   RO         4435    i._ZN28_INTERNAL_7_queue_c_48e2f29720prvCopyDataFromQueueEP15QueueDefinitionPv  queue.o
    0x080025d0   0x080025d0   0x0000002a   Code   RO         4436    i._ZN28_INTERNAL_7_queue_c_48e2f29721prvInitialiseNewQueueEmmPhhP15QueueDefinition  queue.o
    0x080025fa   0x080025fa   0x00000064   Code   RO         3671    i._ZN42_INTERNAL_20_stm32f3xx_hal_uart_c_d497114f18UART_EndRxTransferEP20__UART_HandleTypeDef  stm32f3xx_hal_uart.o
    0x0800265e   0x0800265e   0x0000002e   Code   RO         3674    i._ZN42_INTERNAL_20_stm32f3xx_hal_uart_c_d497114f19UART_EndTransmit_ITEP20__UART_HandleTypeDef  stm32f3xx_hal_uart.o
    0x0800268c   0x0800268c   0x00000018   Code   RO         3675    i._ZN42_INTERNAL_20_stm32f3xx_hal_uart_c_d497114f20UART_DMAAbortOnErrorEP19__DMA_HandleTypeDef  stm32f3xx_hal_uart.o
    0x080026a4   0x080026a4   0x00000028   Code   RO         1244    i._ZN44_INTERNAL_22_stm32f3xx_hal_cortex_c_2992dbc018__NVIC_SetPriorityE9IRQn_Typej  stm32f3xx_hal_cortex.o
    0x080026cc   0x080026cc   0x00000010   Code   RO         1245    i._ZN44_INTERNAL_22_stm32f3xx_hal_cortex_c_2992dbc026__NVIC_GetPriorityGroupingEv  stm32f3xx_hal_cortex.o
    0x080026dc   0x080026dc   0x0000001e   Code   RO         6007    i._ZN7UartCom13Uart_Com_EchoEv  uartcom.o
    0x080026fa   0x080026fa   0x00000002   PAD
    0x080026fc   0x080026fc   0x0000002c   Code   RO         6014    i._ZN7UartComC1EP4IBspP5IRtosPh  uartcom.o
    0x08002728   0x08002728   0x00000006   Code   RO         5433    i.__get_BASEPRI     cmsis_os2.o
    0x0800272e   0x0800272e   0x00000006   Code   RO         5434    i.__get_IPSR        cmsis_os2.o
    0x08002734   0x08002734   0x00000006   Code   RO         5435    i.__get_PRIMASK     cmsis_os2.o
    0x0800273a   0x0800273a   0x0000000e   Code   RO         6422    i.__scatterload_copy  mc_w.l(handlers.o)
    0x08002748   0x08002748   0x00000002   Code   RO         6423    i.__scatterload_null  mc_w.l(handlers.o)
    0x0800274a   0x0800274a   0x0000000e   Code   RO         6424    i.__scatterload_zeroinit  mc_w.l(handlers.o)
    0x08002758   0x08002758   0x00000038   Code   RO          499    i.__sti___8_main_cpp_a5670769  main.o
    0x08002790   0x08002790   0x00000020   Code   RO          500    i.main              main.o
    0x080027b0   0x080027b0   0x00000060   Code   RO         5441    i.osEventFlagsNew   cmsis_os2.o
    0x08002810   0x08002810   0x00000040   Code   RO         5450    i.osKernelInitialize  cmsis_os2.o
    0x08002850   0x08002850   0x00000044   Code   RO         5453    i.osKernelStart     cmsis_os2.o
    0x08002894   0x08002894   0x000000dc   Code   RO         5487    i.osThreadNew       cmsis_os2.o
    0x08002970   0x08002970   0x0000007c   Code   RO         4887    i.prvAddCurrentTaskToDelayedList  tasks.o
    0x080029ec   0x080029ec   0x0000009c   Code   RO         4888    i.prvAddNewTaskToReadyList  tasks.o
    0x08002a88   0x08002a88   0x00000074   Code   RO         5266    i.prvCheckForValidListAndQueue  timers.o
    0x08002afc   0x08002afc   0x00000048   Code   RO         4889    i.prvCheckTasksWaitingTermination  tasks.o
    0x08002b44   0x08002b44   0x00000050   Code   RO         4890    i.prvDeleteTCB      tasks.o
    0x08002b94   0x08002b94   0x00000028   Code   RO         5267    i.prvGetNextExpireTime  timers.o
    0x08002bbc   0x08002bbc   0x0000007c   Code   RO         5872    i.prvHeapInit       heap_4.o
    0x08002c38   0x08002c38   0x0000001c   Code   RO         4891    i.prvIdleTask       tasks.o
    0x08002c54   0x08002c54   0x000000b4   Code   RO         4892    i.prvInitialiseNewTask  tasks.o
    0x08002d08   0x08002d08   0x00000068   Code   RO         4893    i.prvInitialiseTaskLists  tasks.o
    0x08002d70   0x08002d70   0x00000068   Code   RO         5873    i.prvInsertBlockIntoFreeList  heap_4.o
    0x08002dd8   0x08002dd8   0x00000058   Code   RO         5269    i.prvInsertTimerInActiveList  timers.o
    0x08002e30   0x08002e30   0x00000064   Code   RO         5270    i.prvProcessExpiredTimer  timers.o
    0x08002e94   0x08002e94   0x00000128   Code   RO         5271    i.prvProcessReceivedCommands  timers.o
    0x08002fbc   0x08002fbc   0x00000074   Code   RO         5272    i.prvProcessTimerOrBlockTask  timers.o
    0x08003030   0x08003030   0x00000034   Code   RO         4895    i.prvResetNextTaskUnblockTime  tasks.o
    0x08003064   0x08003064   0x0000002c   Code   RO         5273    i.prvSampleTimeNow  timers.o
    0x08003090   0x08003090   0x000000a0   Code   RO         5274    i.prvSwitchTimerLists  timers.o
    0x08003130   0x08003130   0x0000001a   Code   RO         5275    i.prvTimerTask      timers.o
    0x0800314a   0x0800314a   0x00000002   PAD
    0x0800314c   0x0800314c   0x0000013c   Code   RO         5874    i.pvPortMalloc      heap_4.o
    0x08003288   0x08003288   0x0000002c   Code   RO         5925    i.pxPortInitialiseStack  port.o
    0x080032b4   0x080032b4   0x00000028   Code   RO         4370    i.uxListRemove      list.o
    0x080032dc   0x080032dc   0x00000018   Code   RO         5499    i.vApplicationGetIdleTaskMemory  cmsis_os2.o
    0x080032f4   0x080032f4   0x00000018   Code   RO         5500    i.vApplicationGetTimerTaskMemory  cmsis_os2.o
    0x0800330c   0x0800330c   0x0000001a   Code   RO         4371    i.vListInitialise   list.o
    0x08003326   0x08003326   0x00000006   Code   RO         4372    i.vListInitialiseItem  list.o
    0x0800332c   0x0800332c   0x00000034   Code   RO         4373    i.vListInsert       list.o
    0x08003360   0x08003360   0x00000018   Code   RO         4374    i.vListInsertEnd    list.o
    0x08003378   0x08003378   0x00000054   Code   RO         5927    i.vPortEnterCritical  port.o
    0x080033cc   0x080033cc   0x0000003c   Code   RO         5928    i.vPortExitCritical  port.o
    0x08003408   0x08003408   0x00000094   Code   RO         5875    i.vPortFree         heap_4.o
    0x0800349c   0x0800349c   0x00000078   Code   RO         5929    i.vPortValidateInterruptPriority  port.o
    0x08003514   0x08003514   0x0000002c   Code   RO         4444    i.vQueueAddToRegistry  queue.o
    0x08003540   0x08003540   0x0000004a   Code   RO         4448    i.vQueueWaitForMessageRestricted  queue.o
    0x0800358a   0x0800358a   0x00000002   PAD
    0x0800358c   0x0800358c   0x00000018   Code   RO         4912    i.vTaskInternalSetTimeOutState  tasks.o
    0x080035a4   0x080035a4   0x0000000c   Code   RO         4913    i.vTaskMissedYield  tasks.o
    0x080035b0   0x080035b0   0x00000038   Code   RO         4915    i.vTaskPlaceOnEventList  tasks.o
    0x080035e8   0x080035e8   0x00000040   Code   RO         4916    i.vTaskPlaceOnEventListRestricted  tasks.o
    0x08003628   0x08003628   0x000000b8   Code   RO         4924    i.vTaskStartScheduler  tasks.o
    0x080036e0   0x080036e0   0x00000010   Code   RO         4926    i.vTaskSuspendAll   tasks.o
    0x080036f0   0x080036f0   0x00000090   Code   RO         4927    i.vTaskSwitchContext  tasks.o
    0x08003780   0x08003780   0x0000001e   Code   RO         4240    i.xEventGroupCreate  event_groups.o
    0x0800379e   0x0800379e   0x0000005a   Code   RO         4241    i.xEventGroupCreateStatic  event_groups.o
    0x080037f8   0x080037f8   0x00000168   Code   RO         5930    i.xPortStartScheduler  port.o
    0x08003960   0x08003960   0x000000de   Code   RO         4454    i.xQueueGenericCreateStatic  queue.o
    0x08003a3e   0x08003a3e   0x00000080   Code   RO         4455    i.xQueueGenericReset  queue.o
    0x08003abe   0x08003abe   0x00000002   PAD
    0x08003ac0   0x08003ac0   0x00000184   Code   RO         4456    i.xQueueGenericSend  queue.o
    0x08003c44   0x08003c44   0x000000f8   Code   RO         4457    i.xQueueGenericSendFromISR  queue.o
    0x08003d3c   0x08003d3c   0x00000158   Code   RO         4466    i.xQueueReceive     queue.o
    0x08003e94   0x08003e94   0x0000008c   Code   RO         4928    i.xTaskCheckForTimeOut  tasks.o
    0x08003f20   0x08003f20   0x00000064   Code   RO         4929    i.xTaskCreate       tasks.o
    0x08003f84   0x08003f84   0x000000b8   Code   RO         4930    i.xTaskCreateStatic  tasks.o
    0x0800403c   0x0800403c   0x00000020   Code   RO         4934    i.xTaskGetSchedulerState  tasks.o
    0x0800405c   0x0800405c   0x0000000c   Code   RO         4935    i.xTaskGetTickCount  tasks.o
    0x08004068   0x08004068   0x00000108   Code   RO         4937    i.xTaskIncrementTick  tasks.o
    0x08004170   0x08004170   0x000000a4   Code   RO         4940    i.xTaskPriorityDisinherit  tasks.o
    0x08004214   0x08004214   0x00000098   Code   RO         4942    i.xTaskRemoveFromEventList  tasks.o
    0x080042ac   0x080042ac   0x000000ec   Code   RO         4943    i.xTaskResumeAll    tasks.o
    0x08004398   0x08004398   0x00000078   Code   RO         5282    i.xTimerCreateTimerTask  timers.o
    0x08004410   0x08004410   0x00000084   Code   RO         5283    i.xTimerGenericCommand  timers.o
    0x08004494   0x08004494   0x00000058   Data   RO          142    .constdata          freertos.o
    0x080044ec   0x080044ec   0x00000020   Data   RO          905    .constdata          stm32f3xx_hal_rcc.o
    0x0800450c   0x0800450c   0x00000018   Data   RO         4169    .constdata          system_stm32f3xx.o
    0x08004524   0x08004524   0x00000011   Data   RO         6025    .constdata          uartcom.o
    0x08004535   0x08004535   0x00000003   PAD
    0x08004538   0x08004538   0x00000025   Data   RO          143    .conststring        freertos.o
    0x0800455d   0x0800455d   0x00000003   PAD
    0x08004560   0x08004560   0x00000020   Data   RO         6420    Region$$Table       anon$$obj.o
    0x08004580   0x08004580   0x00000004   Data   RO          510    .init_array         main.o
    0x08004584   0x08004580   0x00000000   Data   RO         6334    .init_array         mc_w.l(cpp_init.o)


    Execution Region RW_IRAM1 (Exec base: 0x20000000, Load base: 0x08004584, Size: 0x00002c78, Max: 0x00004000, ABSOLUTE)

    Exec Addr    Load Addr    Size         Type   Attr      Idx    E Section Name        Object

    0x20000000   0x08004584   0x0000000c   Data   RW          144    .data               freertos.o
    0x2000000c   0x08004590   0x0000000c   Data   RW          509    .data               main.o
    0x20000018   0x0800459c   0x00000009   Data   RW          728    .data               stm32f3xx_hal.o
    0x20000021   0x080045a5   0x00000003   PAD
    0x20000024   0x080045a8   0x00000004   Data   RW         4170    .data               system_stm32f3xx.o
    0x20000028   0x080045ac   0x0000003c   Data   RW         4946    .data               tasks.o
    0x20000064   0x080045e8   0x00000014   Data   RW         5291    .data               timers.o
    0x20000078   0x080045fc   0x00000004   Data   RW         5502    .data               cmsis_os2.o
    0x2000007c   0x08004600   0x00000018   Data   RW         5880    .data               heap_4.o
    0x20000094   0x08004618   0x0000000c   Data   RW         5940    .data               port.o
    0x200000a0        -       0x00000084   Zero   RW          310    .bss                usart.o
    0x20000124        -       0x0000004c   Zero   RW          458    .bss                stm32f3xx_hal_timebase_tim.o
    0x20000170        -       0x00000030   Zero   RW          508    .bss                main.o
    0x200001a0        -       0x00000040   Zero   RW         4510    .bss                queue.o
    0x200001e0        -       0x000004c4   Zero   RW         4945    .bss                tasks.o
    0x200006a4        -       0x00000118   Zero   RW         5290    .bss                timers.o
    0x200007bc        -       0x000006b8   Zero   RW         5501    .bss                cmsis_os2.o
    0x20000e74        -       0x00000c00   Zero   RW         5879    .bss                heap_4.o
    0x20001a74   0x08004624   0x00000004   PAD
    0x20001a78        -       0x00001200   Zero   RW            1    STACK               startup_stm32f302x8.o


==============================================================================

Image component sizes


      Code (inc. data)   RO Data    RW Data    ZI Data      Debug   Object Name

       514         36          0          4       1720      17466   cmsis_os2.o
         0          0          0          0          0       1232   croutine.o
       120          0          0          0          0      21311   event_groups.o
        76         34        125         12          0      11920   freertos.o
       168         10          0          0          0     515263   gpio.o
       692         62          0         24       3072       4843   heap_4.o
        72          0          0          0          0       5360   ledmanager.o
       148          0          0          0          0       9746   list.o
       248         40          4         12         48     497991   main.o
       962         86          0         12          0      11199   port.o
      1838         18          0          0         64      17260   queue.o
        36          8        392          0       4608        848   startup_stm32f302x8.o
        76         20          0          9          0      10922   stm32f3xx_hal.o
       252         22          0          0          0      32058   stm32f3xx_hal_cortex.o
       172          0          0          0          0       1783   stm32f3xx_hal_dma.o
       442         26          0          0          0       2104   stm32f3xx_hal_gpio.o
        72          4          0          0          0        898   stm32f3xx_hal_msp.o
      3608        106         32          0          0       7137   stm32f3xx_hal_rcc.o
       812         30          0          0          0       6582   stm32f3xx_hal_tim.o
         6          0          0          0          0       2220   stm32f3xx_hal_tim_ex.o
       136         18          0          0         76       1527   stm32f3xx_hal_timebase_tim.o
      2170         56          0          0          0      10783   stm32f3xx_hal_uart.o
         2          0          0          0          0       1016   stm32f3xx_hal_uart_ex.o
        54         12          0          0          0       3912   stm32f3xx_it.o
         0          0          0          0          0      16608   stream_buffer.o
        20          6         24          4          0       1191   system_stm32f3xx.o
      2580        314          0         60       1220      36257   tasks.o
      1238        124          0         20        280      29559   timers.o
        74          4         17          0          0       5884   uartcom.o
       196         16          0          0        132       1762   usart.o

    ----------------------------------------------------------------------
     16806       1052        632        160      11224    1286642   Object Totals
         0          0         32          0          0          0   (incl. Generated)
        22          0          6          3          4          0   (incl. Padding)

    ----------------------------------------------------------------------

      Code (inc. data)   RO Data    RW Data    ZI Data      Debug   Library Member Name

        32         10          0          0          0         80   cpp_init.o
         0          0          0          0          0          0   entry.o
         0          0          0          0          0          0   entry10a.o
         0          0          0          0          0          0   entry11a.o
         8          4          0          0          0          0   entry2.o
         4          0          0          0          0          0   entry5.o
         0          0          0          0          0          0   entry7b.o
         4          0          0          0          0          0   entry8a.o
         0          0          0          0          0          0   entry8b.o
         8          4          0          0          0          0   entry9a.o
        30          0          0          0          0          0   handlers.o
        36          8          0          0          0         68   init.o
        30          0          0          0          0         68   llshl.o
        32          0          0          0          0         68   llushr.o
        36          0          0          0          0         68   memcpya.o
        36          0          0          0          0        108   memseta.o
        98          0          0          0          0         92   uldiv.o

    ----------------------------------------------------------------------
       358         26          0          0          0        552   Library Totals
         4          0          0          0          0          0   (incl. Padding)

    ----------------------------------------------------------------------

      Code (inc. data)   RO Data    RW Data    ZI Data      Debug   Library Name

       354         26          0          0          0        552   mc_w.l

    ----------------------------------------------------------------------
       358         26          0          0          0        552   Library Totals

    ----------------------------------------------------------------------

==============================================================================


      Code (inc. data)   RO Data    RW Data    ZI Data      Debug   

     17164       1078        632        160      11224    1272990   Grand Totals
     17164       1078        632        160      11224    1272990   ELF Image Totals
     17164       1078        632        160          0          0   ROM Totals

==============================================================================

    Total RO  Size (Code + RO Data)                17796 (  17.38kB)
    Total RW  Size (RW Data + ZI Data)             11384 (  11.12kB)
    Total ROM Size (Code + RO Data + RW Data)      17956 (  17.54kB)

==============================================================================

