Component: ARM Compiler 5.06 update 6 (build 750) Tool: armlink [4d35ed]

==============================================================================

Section Cross References

    startup_stm32f302x8.o(RESET) refers to startup_stm32f302x8.o(STACK) for __initial_sp
    startup_stm32f302x8.o(RESET) refers to startup_stm32f302x8.o(.text) for Reset_Handler
    startup_stm32f302x8.o(RESET) refers to stm32f3xx_it.o(i.NMI_Handler) for NMI_Handler
    startup_stm32f302x8.o(RESET) refers to stm32f3xx_it.o(i.HardFault_Handler) for HardFault_Handler
    startup_stm32f302x8.o(RESET) refers to stm32f3xx_it.o(i.MemManage_Handler) for MemManage_Handler
    startup_stm32f302x8.o(RESET) refers to stm32f3xx_it.o(i.BusFault_Handler) for BusFault_Handler
    startup_stm32f302x8.o(RESET) refers to stm32f3xx_it.o(i.UsageFault_Handler) for UsageFault_Handler
    startup_stm32f302x8.o(RESET) refers to port.o(.emb_text) for SVC_Handler
    startup_stm32f302x8.o(RESET) refers to stm32f3xx_it.o(i.DebugMon_Handler) for DebugMon_Handler
    startup_stm32f302x8.o(RESET) refers to port.o(i.SysTick_Handler) for SysTick_Handler
    startup_stm32f302x8.o(RESET) refers to stm32f3xx_it.o(i.TIM1_UP_TIM16_IRQHandler) for TIM1_UP_TIM16_IRQHandler
    startup_stm32f302x8.o(RESET) refers to stm32f3xx_it.o(i.USART2_IRQHandler) for USART2_IRQHandler
    startup_stm32f302x8.o(.text) refers to system_stm32f3xx.o(i.SystemInit) for SystemInit
    startup_stm32f302x8.o(.text) refers to entry.o(.ARM.Collect$$$$00000000) for __main
    gpio.o(i.MX_GPIO_Init) refers to memseta.o(.text) for __aeabi_memclr4
    gpio.o(i.MX_GPIO_Init) refers to stm32f3xx_hal_gpio.o(i.HAL_GPIO_WritePin) for HAL_GPIO_WritePin
    gpio.o(i.MX_GPIO_Init) refers to stm32f3xx_hal_gpio.o(i.HAL_GPIO_Init) for HAL_GPIO_Init
    freertos.o(i.MX_FREERTOS_Init) refers to cmsis_os2.o(i.osThreadNew) for osThreadNew
    freertos.o(i.MX_FREERTOS_Init) refers to cmsis_os2.o(i.osEventFlagsNew) for osEventFlagsNew
    freertos.o(i.MX_FREERTOS_Init) refers to freertos.o(.constdata) for taskLed_attributes
    freertos.o(i.MX_FREERTOS_Init) refers to main.o(i.LedTask) for LedTask
    freertos.o(i.MX_FREERTOS_Init) refers to freertos.o(.data) for taskLedHandle
    freertos.o(i.MX_FREERTOS_Init) refers to main.o(i.UartEchoTask) for UartEchoTask
    freertos.o(.constdata) refers to freertos.o(.conststring) for .conststring
    usart.o(i.HAL_UART_MspDeInit) refers to stm32f3xx_hal_gpio.o(i.HAL_GPIO_DeInit) for HAL_GPIO_DeInit
    usart.o(i.HAL_UART_MspDeInit) refers to stm32f3xx_hal_cortex.o(i.HAL_NVIC_DisableIRQ) for HAL_NVIC_DisableIRQ
    usart.o(i.HAL_UART_MspInit) refers to memseta.o(.text) for __aeabi_memclr4
    usart.o(i.HAL_UART_MspInit) refers to stm32f3xx_hal_gpio.o(i.HAL_GPIO_Init) for HAL_GPIO_Init
    usart.o(i.HAL_UART_MspInit) refers to stm32f3xx_hal_cortex.o(i.HAL_NVIC_SetPriority) for HAL_NVIC_SetPriority
    usart.o(i.HAL_UART_MspInit) refers to stm32f3xx_hal_cortex.o(i.HAL_NVIC_EnableIRQ) for HAL_NVIC_EnableIRQ
    usart.o(i.MX_USART2_UART_Init) refers to stm32f3xx_hal_uart.o(i.HAL_UART_Init) for HAL_UART_Init
    usart.o(i.MX_USART2_UART_Init) refers to main.o(i.Error_Handler) for Error_Handler
    usart.o(i.MX_USART2_UART_Init) refers to usart.o(.bss) for huart2
    stm32f3xx_it.o(i.TIM1_UP_TIM16_IRQHandler) refers to stm32f3xx_hal_tim.o(i.HAL_TIM_IRQHandler) for HAL_TIM_IRQHandler
    stm32f3xx_it.o(i.TIM1_UP_TIM16_IRQHandler) refers to stm32f3xx_hal_timebase_tim.o(.bss) for htim1
    stm32f3xx_it.o(i.USART2_IRQHandler) refers to stm32f3xx_hal_uart.o(i.HAL_UART_IRQHandler) for HAL_UART_IRQHandler
    stm32f3xx_it.o(i.USART2_IRQHandler) refers to usart.o(.bss) for huart2
    stm32f3xx_hal_msp.o(i.HAL_MspInit) refers to stm32f3xx_hal_cortex.o(i.HAL_NVIC_SetPriority) for HAL_NVIC_SetPriority
    stm32f3xx_hal_timebase_tim.o(i.HAL_InitTick) refers to stm32f3xx_hal_cortex.o(i.HAL_NVIC_SetPriority) for HAL_NVIC_SetPriority
    stm32f3xx_hal_timebase_tim.o(i.HAL_InitTick) refers to stm32f3xx_hal_cortex.o(i.HAL_NVIC_EnableIRQ) for HAL_NVIC_EnableIRQ
    stm32f3xx_hal_timebase_tim.o(i.HAL_InitTick) refers to stm32f3xx_hal_rcc.o(i.HAL_RCC_GetClockConfig) for HAL_RCC_GetClockConfig
    stm32f3xx_hal_timebase_tim.o(i.HAL_InitTick) refers to stm32f3xx_hal_rcc.o(i.HAL_RCC_GetPCLK2Freq) for HAL_RCC_GetPCLK2Freq
    stm32f3xx_hal_timebase_tim.o(i.HAL_InitTick) refers to stm32f3xx_hal_tim.o(i.HAL_TIM_Base_Init) for HAL_TIM_Base_Init
    stm32f3xx_hal_timebase_tim.o(i.HAL_InitTick) refers to stm32f3xx_hal_tim.o(i.HAL_TIM_Base_Start_IT) for HAL_TIM_Base_Start_IT
    stm32f3xx_hal_timebase_tim.o(i.HAL_InitTick) refers to stm32f3xx_hal_timebase_tim.o(.bss) for htim1
    stm32f3xx_hal_timebase_tim.o(i.HAL_ResumeTick) refers to stm32f3xx_hal_timebase_tim.o(.bss) for htim1
    stm32f3xx_hal_timebase_tim.o(i.HAL_SuspendTick) refers to stm32f3xx_hal_timebase_tim.o(.bss) for htim1
    main.o(i.HAL_TIM_PeriodElapsedCallback) refers to stm32f3xx_hal.o(i.HAL_IncTick) for HAL_IncTick
[...]
    i.__get_IPSR                             0x08003240   Section        0  cmsis_os2.o(i.__get_IPSR)
    __get_IPSR                               0x08003241   Thumb Code     6  cmsis_os2.o(i.__get_IPSR)
    i.__get_PRIMASK                          0x08003246   Section        0  cmsis_os2.o(i.__get_PRIMASK)
    __get_PRIMASK                            0x08003247   Thumb Code     6  cmsis_os2.o(i.__get_PRIMASK)
    i.__hardfp_pow                           0x08003250   Section        0  pow.o(i.__hardfp_pow)
    i.__kernel_poly                          0x08003ea0   Section        0  poly.o(i.__kernel_poly)
    i.__mathlib_dbl_divzero                  0x08003f98   Section        0  dunder.o(i.__mathlib_dbl_divzero)
    i.__mathlib_dbl_infnan2                  0x08003fc8   Section        0  dunder.o(i.__mathlib_dbl_infnan2)
    i.__mathlib_dbl_invalid                  0x08003fe0   Section        0  dunder.o(i.__mathlib_dbl_invalid)
    i.__mathlib_dbl_overflow                 0x08004000   Section        0  dunder.o(i.__mathlib_dbl_overflow)
    i.__mathlib_dbl_underflow                0x08004020   Section        0  dunder.o(i.__mathlib_dbl_underflow)
    i.__scatterload_copy                     0x08004040   Section       14  handlers.o(i.__scatterload_copy)
    i.__scatterload_null                     0x0800404e   Section        2  handlers.o(i.__scatterload_null)
    i.__scatterload_zeroinit                 0x08004050   Section       14  handlers.o(i.__scatterload_zeroinit)
    i.__set_errno                            0x08004060   Section        0  errno.o(i.__set_errno)
    i.__sti___8_main_cpp_Bsp_Stm             0x0800406c   Section        0  main.o(i.__sti___8_main_cpp_Bsp_Stm)
    __sti___8_main_cpp_Bsp_Stm               0x0800406d   Thumb Code    50  main.o(i.__sti___8_main_cpp_Bsp_Stm)
    i.fabs                                   0x080040c4   Section        0  fabs.o(i.fabs)
    i.main                                   0x080040dc   Section        0  main.o(i.main)
    i.osDelay                                0x08004110   Section        0  cmsis_os2.o(i.osDelay)
    i.osEventFlagsNew                        0x08004148   Section        0  cmsis_os2.o(i.osEventFlagsNew)
    i.osEventFlagsSet                        0x080041a8   Section        0  cmsis_os2.o(i.osEventFlagsSet)
    i.osEventFlagsWait                       0x0800421c   Section        0  cmsis_os2.o(i.osEventFlagsWait)
    i.osKernelInitialize                     0x080042c0   Section        0  cmsis_os2.o(i.osKernelInitialize)
    i.osKernelStart                          0x08004300   Section        0  cmsis_os2.o(i.osKernelStart)
    i.osThreadNew                            0x08004344   Section        0  cmsis_os2.o(i.osThreadNew)
    i.prvAddCurrentTaskToDelayedList         0x08004420   Section        0  tasks.o(i.prvAddCurrentTaskToDelayedList)
    prvAddCurrentTaskToDelayedList           0x08004421   Thumb Code   100  tasks.o(i.prvAddCurrentTaskToDelayedList)
    i.prvAddNewTaskToReadyList               0x0800449c   Section        0  tasks.o(i.prvAddNewTaskToReadyList)
    prvAddNewTaskToReadyList                 0x0800449d   Thumb Code   130  tasks.o(i.prvAddNewTaskToReadyList)
    i.prvCheckForValidListAndQueue           0x08004538   Section        0  timers.o(i.prvCheckForValidListAndQueue)
    prvCheckForValidListAndQueue             0x08004539   Thumb Code    78  timers.o(i.prvCheckForValidListAndQueue)
    i.prvCheckTasksWaitingTermination        0x080045ac   Section        0  tasks.o(i.prvCheckTasksWaitingTermination)
    prvCheckTasksWaitingTermination          0x080045ad   Thumb Code    60  tasks.o(i.prvCheckTasksWaitingTermination)
    i.prvCopyDataFromQueue                   0x080045f4   Section        0  queue.o(i.prvCopyDataFromQueue)
    prvCopyDataFromQueue                     0x080045f5   Thumb Code    42  queue.o(i.prvCopyDataFromQueue)
    i.prvCopyDataToQueue                     0x0800461e   Section        0  queue.o(i.prvCopyDataToQueue)
    prvCopyDataToQueue                       0x0800461f   Thumb Code   124  queue.o(i.prvCopyDataToQueue)
    i.prvDeleteTCB                           0x0800469a   Section        0  tasks.o(i.prvDeleteTCB)
    prvDeleteTCB                             0x0800469b   Thumb Code    80  tasks.o(i.prvDeleteTCB)
    i.prvGetNextExpireTime                   0x080046ec   Section        0  timers.o(i.prvGetNextExpireTime)
    prvGetNextExpireTime                     0x080046ed   Thumb Code    36  timers.o(i.prvGetNextExpireTime)
    i.prvHeapInit                            0x08004714   Section        0  heap_4.o(i.prvHeapInit)
    prvHeapInit                              0x08004715   Thumb Code    98  heap_4.o(i.prvHeapInit)
    i.prvIdleTask                            0x08004790   Section        0  tasks.o(i.prvIdleTask)
    prvIdleTask                              0x08004791   Thumb Code    24  tasks.o(i.prvIdleTask)
    i.prvInitialiseNewQueue                  0x080047ac   Section        0  queue.o(i.prvInitialiseNewQueue)
    prvInitialiseNewQueue                    0x080047ad   Thumb Code    42  queue.o(i.prvInitialiseNewQueue)
    i.prvInitialiseNewTask                   0x080047d6   Section        0  tasks.o(i.prvInitialiseNewTask)
    prvInitialiseNewTask                     0x080047d7   Thumb Code   180  tasks.o(i.prvInitialiseNewTask)
    i.prvInitialiseTaskLists                 0x0800488c   Section        0  tasks.o(i.prvInitialiseTaskLists)
    prvInitialiseTaskLists                   0x0800488d   Thumb Code    70  tasks.o(i.prvInitialiseTaskLists)
    i.prvInsertBlockIntoFreeList             0x080048f4   Section        0  heap_4.o(i.prvInsertBlockIntoFreeList)
    prvInsertBlockIntoFreeList               0x080048f5   Thumb Code    96  heap_4.o(i.prvInsertBlockIntoFreeList)
    i.prvInsertTimerInActiveList             0x0800495c   Section        0  timers.o(i.prvInsertTimerInActiveList)
    prvInsertTimerInActiveList               0x0800495d   Thumb Code    80  timers.o(i.prvInsertTimerInActiveList)
    i.prvIsQueueEmpty                        0x080049b4   Section        0  queue.o(i.prvIsQueueEmpty)
    prvIsQueueEmpty                          0x080049b5   Thumb Code    26  queue.o(i.prvIsQueueEmpty)
    i.prvIsQueueFull                         0x080049ce   Section        0  queue.o(i.prvIsQueueFull)
    prvIsQueueFull                           0x080049cf   Thumb Code    30  queue.o(i.prvIsQueueFull)
    i.prvProcessExpiredTimer                 0x080049ec   Section        0  timers.o(i.prvProcessExpiredTimer)
    prvProcessExpiredTimer                   0x080049ed   Thumb Code    94  timers.o(i.prvProcessExpiredTimer)
    i.prvProcessReceivedCommands             0x08004a50   Section        0  timers.o(i.prvProcessReceivedCommands)
    prvProcessReceivedCommands               0x08004a51   Thumb Code   290  timers.o(i.prvProcessReceivedCommands)
    i.prvProcessTimerOrBlockTask             0x08004b78   Section        0  timers.o(i.prvProcessTimerOrBlockTask)
    prvProcessTimerOrBlockTask               0x08004b79   Thumb Code   102  timers.o(i.prvProcessTimerOrBlockTask)
    i.prvResetNextTaskUnblockTime            0x08004bec   Section        0  tasks.o(i.prvResetNextTaskUnblockTime)
    prvResetNextTaskUnblockTime              0x08004bed   Thumb Code    42  tasks.o(i.prvResetNextTaskUnblockTime)
    i.prvSampleTimeNow                       0x08004c20   Section        0  timers.o(i.prvSampleTimeNow)
    prvSampleTimeNow                         0x08004c21   Thumb Code    40  timers.o(i.prvSampleTimeNow)
    i.prvSwitchTimerLists                    0x08004c4c   Section        0  timers.o(i.prvSwitchTimerLists)
    prvSwitchTimerLists                      0x08004c4d   Thumb Code   150  timers.o(i.prvSwitchTimerLists)
    i.prvTaskExitError                       0x08004cec   Section        0  port.o(i.prvTaskExitError)
    prvTaskExitError                         0x08004ced   Thumb Code    60  port.o(i.prvTaskExitError)
    i.prvTestWaitCondition                   0x08004d2c   Section        0  event_groups.o(i.prvTestWaitCondition)
    prvTestWaitCondition                     0x08004d2d   Thumb Code    30  event_groups.o(i.prvTestWaitCondition)
    i.prvTimerTask                           0x08004d4a   Section        0  timers.o(i.prvTimerTask)
    prvTimerTask                             0x08004d4b   Thumb Code    26  timers.o(i.prvTimerTask)
    i.prvUnlockQueue                         0x08004d64   Section        0  queue.o(i.prvUnlockQueue)
    prvUnlockQueue                           0x08004d65   Thumb Code   126  queue.o(i.prvUnlockQueue)
    i.pvPortMalloc                           0x08004de4   Section        0  heap_4.o(i.pvPortMalloc)
    i.pxPortInitialiseStack                  0x08004f20   Section        0  port.o(i.pxPortInitialiseStack)
    i.sqrt                                   0x08004f4c   Section        0  sqrt.o(i.sqrt)
    i.uxListRemove                           0x08004fba   Section        0  list.o(i.uxListRemove)
    i.uxTaskResetEventItemValue              0x08004fe4   Section        0  tasks.o(i.uxTaskResetEventItemValue)
    i.vApplicationGetIdleTaskMemory          0x08005000   Section        0  cmsis_os2.o(i.vApplicationGetIdleTaskMemory)
    i.vApplicationGetTimerTaskMemory         0x08005018   Section        0  cmsis_os2.o(i.vApplicationGetTimerTaskMemory)
    i.vEventGroupSetBitsCallback             0x08005030   Section        0  event_groups.o(i.vEventGroupSetBitsCallback)
    i.vListInitialise                        0x08005040   Section        0  list.o(i.vListInitialise)
    i.vListInitialiseItem                    0x0800505a   Section        0  list.o(i.vListInitialiseItem)
    i.vListInsert                            0x08005060   Section        0  list.o(i.vListInsert)
    i.vListInsertEnd                         0x08005094   Section        0  list.o(i.vListInsertEnd)
    i.vPortEnterCritical                     0x080050ac   Section        0  port.o(i.vPortEnterCritical)
    i.vPortExitCritical                      0x08005100   Section        0  port.o(i.vPortExitCritical)
    i.vPortFree                              0x0800513c   Section        0  heap_4.o(i.vPortFree)
    i.vPortSetupTimerInterrupt               0x080051d0   Section        0  port.o(i.vPortSetupTimerInterrupt)
    i.vPortValidateInterruptPriority         0x080051f8   Section        0  port.o(i.vPortValidateInterruptPriority)
    i.vQueueAddToRegistry                    0x08005270   Section        0  queue.o(i.vQueueAddToRegistry)
    i.vQueueWaitForMessageRestricted         0x0800529c   Section        0  queue.o(i.vQueueWaitForMessageRestricted)
    i.vTaskDelay                             0x080052e8   Section        0  tasks.o(i.vTaskDelay)
    i.vTaskInternalSetTimeOutState           0x08005344   Section        0  tasks.o(i.vTaskInternalSetTimeOutState)
    i.vTaskMissedYield                       0x0800535c   Section        0  tasks.o(i.vTaskMissedYield)
    i.vTaskPlaceOnEventList                  0x08005368   Section        0  tasks.o(i.vTaskPlaceOnEventList)
    i.vTaskPlaceOnEventListRestricted        0x080053a0   Section        0  tasks.o(i.vTaskPlaceOnEventListRestricted)
    i.vTaskPlaceOnUnorderedEventList         0x080053e0   Section        0  tasks.o(i.vTaskPlaceOnUnorderedEventList)
    i.vTaskRemoveFromUnorderedEventList      0x0800544c   Section        0  tasks.o(i.vTaskRemoveFromUnorderedEventList)
    i.vTaskStartScheduler                    0x080054ec   Section        0  tasks.o(i.vTaskStartScheduler)
    i.vTaskSuspendAll                        0x080055a4   Section        0  tasks.o(i.vTaskSuspendAll)
    i.vTaskSwitchContext                     0x080055b4   Section        0  tasks.o(i.vTaskSwitchContext)
    i.xEventGroupCreate                      0x08005644   Section        0  event_groups.o(i.xEventGroupCreate)
    i.xEventGroupCreateStatic                0x08005662   Section        0  event_groups.o(i.xEventGroupCreateStatic)
    i.xEventGroupSetBits                     0x080056bc   Section        0  event_groups.o(i.xEventGroupSetBits)
    i.xEventGroupSetBitsFromISR              0x0800578c   Section        0  event_groups.o(i.xEventGroupSetBitsFromISR)
    i.xEventGroupWaitBits                    0x080057b0   Section        0  event_groups.o(i.xEventGroupWaitBits)
    i.xPortStartScheduler                    0x08005908   Section        0  port.o(i.xPortStartScheduler)
    i.xQueueGenericCreateStatic              0x08005a70   Section        0  queue.o(i.xQueueGenericCreateStatic)
    i.xQueueGenericReset                     0x08005b4e   Section        0  queue.o(i.xQueueGenericReset)
    i.xQueueGenericSend                      0x08005bd0   Section        0  queue.o(i.xQueueGenericSend)
    i.xQueueGenericSendFromISR               0x08005d54   Section        0  queue.o(i.xQueueGenericSendFromISR)
    i.xQueueReceive                          0x08005e4c   Section        0  queue.o(i.xQueueReceive)
    i.xTaskCheckForTimeOut                   0x08005fa4   Section        0  tasks.o(i.xTaskCheckForTimeOut)
    i.xTaskCreate                            0x08006030   Section        0  tasks.o(i.xTaskCreate)
    i.xTaskCreateStatic                      0x08006094   Section        0  tasks.o(i.xTaskCreateStatic)
    i.xTaskGetSchedulerState                 0x0800614c   Section        0  tasks.o(i.xTaskGetSchedulerState)
    i.xTaskGetTickCount                      0x0800616c   Section        0  tasks.o(i.xTaskGetTickCount)
    i.xTaskIncrementTick                     0x08006178   Section        0  tasks.o(i.xTaskIncrementTick)
    i.xTaskPriorityDisinherit                0x08006280   Section        0  tasks.o(i.xTaskPriorityDisinherit)
    i.xTaskRemoveFromEventList               0x08006324   Section        0  tasks.o(i.xTaskRemoveFromEventList)
    i.xTaskResumeAll                         0x080063bc   Section        0  tasks.o(i.xTaskResumeAll)
    i.xTimerCreateTimerTask                  0x080064a8   Section        0  timers.o(i.xTimerCreateTimerTask)
    i.xTimerGenericCommand                   0x08006520   Section        0  timers.o(i.xTimerGenericCommand)
    i.xTimerPendFunctionCallFromISR          0x080065a4   Section        0  timers.o(i.xTimerPendFunctionCallFromISR)
    .constdata                               0x080065d8   Section       88  freertos.o(.constdata)
    .constdata                               0x08006630   Section       32  stm32f3xx_hal_rcc.o(.constdata)
    .constdata                               0x08006650   Section       24  system_stm32f3xx.o(.constdata)
    .constdata                               0x08006668   Section       17  uartcom.o(.constdata)
    <Data1>                                  0x08006668   Data          17  uartcom.o(.constdata)
    .constdata                               0x0800667c   Section        8  ledmanager.o(.constdata)
    <Data1>                                  0x0800667c   Data           8  ledmanager.o(.constdata)
    .constdata                               0x08006688   Section      136  pow.o(.constdata)
    bp                                       0x08006688   Data          16  pow.o(.constdata)
    dp_h                                     0x08006698   Data          16  pow.o(.constdata)
    dp_l                                     0x080066a8   Data          16  pow.o(.constdata)
    L                                        0x080066b8   Data          48  pow.o(.constdata)
    P                                        0x080066e8   Data          40  pow.o(.constdata)
    .constdata                               0x08006710   Section        8  qnan.o(.constdata)
    .constdata__ZTV10LedManager              0x08006718   Section       16  ledmanager.o(.constdata__ZTV10LedManager)
    .constdata__ZTV11ILedManager             0x08006728   Section       16  ledmanager.o(.constdata__ZTV11ILedManager)
    .constdata__ZTV4IBsp                     0x08006738   Section       20  main.o(.constdata__ZTV4IBsp)
    .constdata__ZTV5IRtos                    0x0800674c   Section       20  main.o(.constdata__ZTV5IRtos)
    .constdata__ZTV8BspLayer                 0x08006760   Section       20  bsplayer.o(.constdata__ZTV8BspLayer)
    .constdata__ZTV9RtosLayer                0x08006774   Section       20  rtoslayer.o(.constdata__ZTV9RtosLayer)
    .conststring                             0x08006788   Section       37  freertos.o(.conststring)
    .init_array                              0x080067d0   Section        4  main.o(.init_array)
    .init_array                              0x080067d4   Section        0  cpp_init.o(.init_array)
    .data                                    0x20000000   Section       12  freertos.o(.data)
    .data                                    0x2000000c   Section       16  main.o(.data)
    .data                                    0x2000001c   Section        9  stm32f3xx_hal.o(.data)
    .data                                    0x20000028   Section        4  system_stm32f3xx.o(.data)
    .data                                    0x2000002c   Section       60  tasks.o(.data)
    pxDelayedTaskList                        0x20000030   Data           4  tasks.o(.data)
    pxOverflowDelayedTaskList                0x20000034   Data           4  tasks.o(.data)
    uxDeletedTasksWaitingCleanUp             0x20000038   Data           4  tasks.o(.data)
    uxCurrentNumberOfTasks                   0x2000003c   Data           4  tasks.o(.data)
    xTickCount                               0x20000040   Data           4  tasks.o(.data)
    uxTopReadyPriority                       0x20000044   Data           4  tasks.o(.data)
    xSchedulerRunning                        0x20000048   Data           4  tasks.o(.data)
    uxPendedTicks                            0x2000004c   Data           4  tasks.o(.data)
    xYieldPending                            0x20000050   Data           4  tasks.o(.data)
    xNumOfOverflows                          0x20000054   Data           4  tasks.o(.data)
    uxTaskNumber                             0x20000058   Data           4  tasks.o(.data)
    xNextTaskUnblockTime                     0x2000005c   Data           4  tasks.o(.data)
    xIdleTaskHandle                          0x20000060   Data           4  tasks.o(.data)
    uxSchedulerSuspended                     0x20000064   Data           4  tasks.o(.data)
    .data                                    0x20000068   Section       20  timers.o(.data)
    pxCurrentTimerList                       0x20000068   Data           4  timers.o(.data)
    pxOverflowTimerList                      0x2000006c   Data           4  timers.o(.data)
    xTimerQueue                              0x20000070   Data           4  timers.o(.data)
    xTimerTaskHandle                         0x20000074   Data           4  timers.o(.data)
    xLastTime                                0x20000078   Data           4  timers.o(.data)
    .data                                    0x2000007c   Section        4  cmsis_os2.o(.data)
    KernelState                              0x2000007c   Data           4  cmsis_os2.o(.data)
    .data                                    0x20000080   Section       24  heap_4.o(.data)
    xStart                                   0x20000080   Data           8  heap_4.o(.data)
    pxEnd                                    0x20000088   Data           4  heap_4.o(.data)
    xFreeBytesRemaining                      0x2000008c   Data           4  heap_4.o(.data)
    xMinimumEverFreeBytesRemaining           0x20000090   Data           4  heap_4.o(.data)
    xBlockAllocatedBit                       0x20000094   Data           4  heap_4.o(.data)
    .data                                    0x20000098   Section       12  port.o(.data)
    uxCriticalNesting                        0x20000098   Data           4  port.o(.data)
    ucMaxSysCallPriority                     0x2000009c   Data           1  port.o(.data)
    ulMaxPRIGROUPValue                       0x200000a0   Data           4  port.o(.data)
    .data                                    0x200000a4   Section        6  uartcom.o(.data)
    UartCom::Uart_Com_ISR_Process()::index   0x200000a8   Data           2  uartcom.o(.data)
    .data                                    0x200000ac   Section        4  errno.o(.data)
    _errno                                   0x200000ac   Data           4  errno.o(.data)
    .bss                                     0x200000b0   Section      132  usart.o(.bss)
    .bss                                     0x20000134   Section       76  stm32f3xx_hal_timebase_tim.o(.bss)
    .bss                                     0x20000180   Section       56  main.o(.bss)
    .bss                                     0x200001b8   Section       64  queue.o(.bss)
    .bss                                     0x200001f8   Section     1220  tasks.o(.bss)
    pxReadyTasksLists                        0x200001f8   Data        1120  tasks.o(.bss)
    xDelayedTaskList1                        0x20000658   Data          20  tasks.o(.bss)
    xDelayedTaskList2                        0x2000066c   Data          20  tasks.o(.bss)
    xPendingReadyList                        0x20000680   Data          20  tasks.o(.bss)
    xTasksWaitingTermination                 0x20000694   Data          20  tasks.o(.bss)
    xSuspendedTaskList                       0x200006a8   Data          20  tasks.o(.bss)
    .bss                                     0x200006bc   Section      280  timers.o(.bss)
    xActiveTimerList1                        0x200006bc   Data          20  timers.o(.bss)
    xActiveTimerList2                        0x200006d0   Data          20  timers.o(.bss)
    xStaticTimerQueue                        0x200006e4   Data          80  timers.o(.bss)
    ucStaticTimerQueueStorage                0x20000734   Data         160  timers.o(.bss)
    .bss                                     0x200007d4   Section     1720  cmsis_os2.o(.bss)
    Idle_TCB                                 0x200007d4   Data          92  cmsis_os2.o(.bss)
    Idle_Stack                               0x20000830   Data         512  cmsis_os2.o(.bss)
    Timer_TCB                                0x20000a30   Data          92  cmsis_os2.o(.bss)
    Timer_Stack                              0x20000a8c   Data        1024  cmsis_os2.o(.bss)
    .bss                                     0x20000e8c   Section     3072  heap_4.o(.bss)
    ucHeap                                   0x20000e8c   Data        3072  heap_4.o(.bss)
    STACK                                    0x20001a90   Section     4096  startup_stm32f302x8.o(STACK)

    Global Symbols

    Symbol Name                              Value     Ov Type        Size  Object(Section)

    BuildAttributes$$THM_ISAv4$E$P$D$K$B$S$7EM$VFPi3$EXTD16$VFPS$VFMA$PE$A:L22UL41UL21$X:L11$S22US41US21$IEEE1$IW$USESV6$~STKCKD$USESV7$~SHL$OTIME$ROPI$IEEEX$EBA8$UX$MICROLIB$REQ8$PRES8$EABIv2 0x00000000   Number         0  anon$$obj.o ABSOLUTE
    __ARM_use_no_argv                        0x00000000   Number         0  main.o ABSOLUTE
    __ARM::default_unexpected_handler()       - Undefined Weak Reference
    __ARM_exceptions_buffer_required          - Undefined Weak Reference
    __cxa_finalize                            - Undefined Weak Reference
    __decompress                              - Undefined Weak Reference
    _clock_init                               - Undefined Weak Reference
    _microlib_exit                            - Undefined Weak Reference
    __Vectors_Size                           0x00000188   Number         0  startup_stm32f302x8.o ABSOLUTE
    __Vectors                                0x08000000   Data           4  startup_stm32f302x8.o(RESET)
    __Vectors_End                            0x08000188   Data           0  startup_stm32f302x8.o(RESET)
    __main                                   0x08000189   Thumb Code     0  entry.o(.ARM.Collect$$$$00000000)
    _main_stk                                0x08000189   Thumb Code     0  entry2.o(.ARM.Collect$$$$00000001)
    _main_scatterload                        0x0800018d   Thumb Code     0  entry5.o(.ARM.Collect$$$$00000004)
    __main_after_scatterload                 0x08000191   Thumb Code     0  entry5.o(.ARM.Collect$$$$00000004)
    _main_clock                              0x08000191   Thumb Code     0  entry7b.o(.ARM.Collect$$$$00000008)
    _main_cpp_init$empty                     0x08000191   Thumb Code     0  entry8a.o(.ARM.Collect$$$$00000009)
    _main_cpp_init                           0x08000195   Thumb Code     0  entry8b.o(.ARM.Collect$$$$0000000A)
    _main_init                               0x08000195   Thumb Code     0  entry9a.o(.ARM.Collect$$$$0000000B)
    __rt_final_cpp                           0x0800019d   Thumb Code     0  entry10a.o(.ARM.Collect$$$$0000000D)
    __rt_final_exit                          0x0800019d   Thumb Code     0  entry11a.o(.ARM.Collect$$$$0000000F)
    SVC_Handler                              0x080001a1   Thumb Code    28  port.o(.emb_text)
    __asm___6_port_c_39a90d8d__prvStartFirstTask 0x080001c1   Thumb Code    36  port.o(.emb_text)
    __asm___6_port_c_39a90d8d__prvEnableVFP  0x080001e9   Thumb Code    16  port.o(.emb_text)
    PendSV_Handler                           0x080001fd   Thumb Code    88  port.o(.emb_text)
    vPortGetIPSR                             0x08000259   Thumb Code     6  port.o(.emb_text)
    Reset_Handler                            0x08000261   Thumb Code     8  startup_stm32f302x8.o(.text)
    ADC1_IRQHandler                          0x0800027b   Thumb Code     0  startup_stm32f302x8.o(.text)
    CAN_RX1_IRQHandler                       0x0800027b   Thumb Code     0  startup_stm32f302x8.o(.text)
    CAN_SCE_IRQHandler                       0x0800027b   Thumb Code     0  startup_stm32f302x8.o(.text)
    COMP2_IRQHandler                         0x0800027b   Thumb Code     0  startup_stm32f302x8.o(.text)
    COMP4_6_IRQHandler                       0x0800027b   Thumb Code     0  startup_stm32f302x8.o(.text)
    DMA1_Channel1_IRQHandler                 0x0800027b   Thumb Code     0  startup_stm32f302x8.o(.text)
    DMA1_Channel2_IRQHandler                 0x0800027b   Thumb Code     0  startup_stm32f302x8.o(.text)
    DMA1_Channel3_IRQHandler                 0x0800027b   Thumb Code     0  startup_stm32f302x8.o(.text)
    DMA1_Channel4_IRQHandler                 0x0800027b   Thumb Code     0  startup_stm32f302x8.o(.text)
    DMA1_Channel5_IRQHandler                 0x0800027b   Thumb Code     0  startup_stm32f302x8.o(.text)
    DMA1_Channel6_IRQHandler                 0x0800027b   Thumb Code     0  startup_stm32f302x8.o(.text)
    DMA1_Channel7_IRQHandler                 0x0800027b   Thumb Code     0  startup_stm32f302x8.o(.text)
    EXTI0_IRQHandler                         0x0800027b   Thumb Code     0  startup_stm32f302x8.o(.text)
    EXTI15_10_IRQHandler                     0x0800027b   Thumb Code     0  startup_stm32f302x8.o(.text)
    EXTI1_IRQHandler                         0x0800027b   Thumb Code     0  startup_stm32f302x8.o(.text)
    EXTI2_TSC_IRQHandler                     0x0800027b   Thumb Code     0  startup_stm32f302x8.o(.text)
    EXTI3_IRQHandler                         0x0800027b   Thumb Code     0  startup_stm32f302x8.o(.text)
    EXTI4_IRQHandler                         0x0800027b   Thumb Code     0  startup_stm32f302x8.o(.text)
    EXTI9_5_IRQHandler                       0x0800027b   Thumb Code     0  startup_stm32f302x8.o(.text)
    FLASH_IRQHandler                         0x0800027b   Thumb Code     0  startup_stm32f302x8.o(.text)
    FPU_IRQHandler                           0x0800027b   Thumb Code     0  startup_stm32f302x8.o(.text)
    I2C1_ER_IRQHandler                       0x0800027b   Thumb Code     0  startup_stm32f302x8.o(.text)
    I2C1_EV_IRQHandler                       0x0800027b   Thumb Code     0  startup_stm32f302x8.o(.text)
    I2C2_ER_IRQHandler                       0x0800027b   Thumb Code     0  startup_stm32f302x8.o(.text)
    I2C2_EV_IRQHandler                       0x0800027b   Thumb Code     0  startup_stm32f302x8.o(.text)
    I2C3_ER_IRQHandler                       0x0800027b   Thumb Code     0  startup_stm32f302x8.o(.text)
    I2C3_EV_IRQHandler                       0x0800027b   Thumb Code     0  startup_stm32f302x8.o(.text)
    PVD_IRQHandler                           0x0800027b   Thumb Code     0  startup_stm32f302x8.o(.text)
    RCC_IRQHandler                           0x0800027b   Thumb Code     0  startup_stm32f302x8.o(.text)
    RTC_Alarm_IRQHandler                     0x0800027b   Thumb Code     0  startup_stm32f302x8.o(.text)
    RTC_WKUP_IRQHandler                      0x0800027b   Thumb Code     0  startup_stm32f302x8.o(.text)
    SPI2_IRQHandler                          0x0800027b   Thumb Code     0  startup_stm32f302x8.o(.text)
    SPI3_IRQHandler                          0x0800027b   Thumb Code     0  startup_stm32f302x8.o(.text)
    TAMP_STAMP_IRQHandler                    0x0800027b   Thumb Code     0  startup_stm32f302x8.o(.text)
    TIM1_BRK_TIM15_IRQHandler                0x0800027b   Thumb Code     0  startup_stm32f302x8.o(.text)
    TIM1_CC_IRQHandler                       0x0800027b   Thumb Code     0  startup_stm32f302x8.o(.text)
    TIM1_TRG_COM_TIM17_IRQHandler            0x0800027b   Thumb Code     0  startup_stm32f302x8.o(.text)
    TIM2_IRQHandler                          0x0800027b   Thumb Code     0  startup_stm32f302x8.o(.text)
    TIM6_DAC_IRQHandler                      0x0800027b   Thumb Code     0  startup_stm32f302x8.o(.text)
    USART1_IRQHandler                        0x0800027b   Thumb Code     0  startup_stm32f302x8.o(.text)
    USART3_IRQHandler                        0x0800027b   Thumb Code     0  startup_stm32f302x8.o(.text)
    USBWakeUp_IRQHandler                     0x0800027b   Thumb Code     0  startup_stm32f302x8.o(.text)
    USBWakeUp_RMP_IRQHandler                 0x0800027b   Thumb Code     0  startup_stm32f302x8.o(.text)
    USB_HP_CAN_TX_IRQHandler                 0x0800027b   Thumb Code     0  startup_stm32f302x8.o(.text)
    USB_HP_IRQHandler                        0x0800027b   Thumb Code     0  startup_stm32f302x8.o(.text)
    USB_LP_CAN_RX0_IRQHandler                0x0800027b   Thumb Code     0  startup_stm32f302x8.o(.text)
    USB_LP_IRQHandler                        0x0800027b   Thumb Code     0  startup_stm32f302x8.o(.text)
    WWDG_IRQHandler                          0x0800027b   Thumb Code     0  startup_stm32f302x8.o(.text)
    __aeabi_uldivmod                         0x08000285   Thumb Code    98  uldiv.o(.text)
    __aeabi_llsr                             0x080002e7   Thumb Code    32  llushr.o(.text)
    _ll_ushift_r                             0x080002e7   Thumb Code     0  llushr.o(.text)
    __aeabi_memcpy                           0x08000307   Thumb Code    36  memcpya.o(.text)
    __aeabi_memcpy4                          0x08000307   Thumb Code     0  memcpya.o(.text)
    __aeabi_memcpy8                          0x08000307   Thumb Code     0  memcpya.o(.text)
    __aeabi_memset                           0x0800032b   Thumb Code    14  memseta.o(.text)
    __aeabi_memset4                          0x0800032b   Thumb Code     0  memseta.o(.text)
    __aeabi_memset8                          0x0800032b   Thumb Code     0  memseta.o(.text)
    __aeabi_memclr                           0x08000339   Thumb Code     4  memseta.o(.text)
    __aeabi_memclr4                          0x08000339   Thumb Code     0  memseta.o(.text)
    __aeabi_memclr8                          0x08000339   Thumb Code     0  memseta.o(.text)
    memset                                   0x0800033d   Thumb Code    18  memseta.o(.text)
    strncpy                                  0x0800034f   Thumb Code    24  strncpy.o(.text)
    strncmp                                  0x08000367   Thumb Code    30  strncmp.o(.text)
    __cpp_initialize__aeabi_                 0x08000385   Thumb Code    22  cpp_init.o(.text)
    __aeabi_dadd                             0x080003a5   Thumb Code   322  dadd.o(.text)
    __aeabi_dsub                             0x080004e7   Thumb Code     6  dadd.o(.text)
    __aeabi_drsub                            0x080004ed   Thumb Code     6  dadd.o(.text)
    __aeabi_dmul                             0x080004f3   Thumb Code   228  dmul.o(.text)
    __aeabi_i2d                              0x080005d7   Thumb Code    34  dflti.o(.text)
    __aeabi_ui2d                             0x080005f9   Thumb Code    26  dfltui.o(.text)
    __aeabi_d2uiz                            0x08000613   Thumb Code    50  dfixui.o(.text)
    __aeabi_llsl                             0x08000645   Thumb Code    30  llshl.o(.text)
    _ll_shift_l                              0x08000645   Thumb Code     0  llshl.o(.text)
    __aeabi_lasr                             0x08000663   Thumb Code    36  llsshr.o(.text)
    _ll_sshift_r                             0x08000663   Thumb Code     0  llsshr.o(.text)
    __I$use$fp                               0x08000687   Thumb Code     0  iusefp.o(.text)
    __rt_SIGPVFN                             0x08000687   Thumb Code     2  cpp_signal.o(.text)
    _double_round                            0x08000689   Thumb Code    30  depilogue.o(.text)
    _double_epilogue                         0x080006a7   Thumb Code   156  depilogue.o(.text)
    __aeabi_ddiv                             0x08000743   Thumb Code   222  ddiv.o(.text)
    __ARM_scalbn                             0x08000821   Thumb Code    46  dscalb.o(.text)
    scalbn                                   0x08000821   Thumb Code     0  dscalb.o(.text)
    __aeabi_cdrcmple                         0x08000851   Thumb Code    48  cdrcmple.o(.text)
    __scatterload                            0x08000881   Thumb Code    28  init.o(.text)
    __scatterload_rt2                        0x08000881   Thumb Code     0  init.o(.text)
    _dsqrt                                   0x080008a5   Thumb Code   162  dsqrt.o(.text)
    BusFault_Handler                         0x08000947   Thumb Code     4  stm32f3xx_it.o(i.BusFault_Handler)
    DebugMon_Handler                         0x0800094b   Thumb Code     2  stm32f3xx_it.o(i.DebugMon_Handler)
    Error_Handler                            0x0800094d   Thumb Code     6  main.o(i.Error_Handler)
    HAL_DMA_Abort                            0x08000953   Thumb Code    84  stm32f3xx_hal_dma.o(i.HAL_DMA_Abort)
    HAL_DMA_Abort_IT                         0x080009a7   Thumb Code    88  stm32f3xx_hal_dma.o(i.HAL_DMA_Abort_IT)
    HAL_GPIO_Init                            0x08000a01   Thumb Code   406  stm32f3xx_hal_gpio.o(i.HAL_GPIO_Init)
    HAL_GPIO_WritePin                        0x08000bb1   Thumb Code    10  stm32f3xx_hal_gpio.o(i.HAL_GPIO_WritePin)
    HAL_GetTick                              0x08000bbd   Thumb Code     6  stm32f3xx_hal.o(i.HAL_GetTick)
    HAL_IncTick                              0x08000bc9   Thumb Code    16  stm32f3xx_hal.o(i.HAL_IncTick)
    HAL_Init                                 0x08000be1   Thumb Code    34  stm32f3xx_hal.o(i.HAL_Init)
    HAL_InitTick                             0x08000c09   Thumb Code   118  stm32f3xx_hal_timebase_tim.o(i.HAL_InitTick)
    HAL_MspInit                              0x08000c91   Thumb Code    68  stm32f3xx_hal_msp.o(i.HAL_MspInit)
    HAL_NVIC_EnableIRQ                       0x08000cd9   Thumb Code    32  stm32f3xx_hal_cortex.o(i.HAL_NVIC_EnableIRQ)
    HAL_NVIC_SetPriority                     0x08000cf9   Thumb Code   124  stm32f3xx_hal_cortex.o(i.HAL_NVIC_SetPriority)
    HAL_NVIC_SetPriorityGrouping             0x08000d75   Thumb Code    32  stm32f3xx_hal_cortex.o(i.HAL_NVIC_SetPriorityGrouping)
    HAL_RCC_ClockConfig                      0x08000d9d   Thumb Code   664  stm32f3xx_hal_rcc.o(i.HAL_RCC_ClockConfig)
    HAL_RCC_GetClockConfig                   0x08001049   Thumb Code    58  stm32f3xx_hal_rcc.o(i.HAL_RCC_GetClockConfig)
    HAL_RCC_GetHCLKFreq                      0x0800108d   Thumb Code     6  stm32f3xx_hal_rcc.o(i.HAL_RCC_GetHCLKFreq)
    HAL_RCC_GetPCLK1Freq                     0x08001099   Thumb Code    36  stm32f3xx_hal_rcc.o(i.HAL_RCC_GetPCLK1Freq)
    HAL_RCC_GetPCLK2Freq                     0x080010c5   Thumb Code    36  stm32f3xx_hal_rcc.o(i.HAL_RCC_GetPCLK2Freq)
    HAL_RCC_GetSysClockFreq                  0x080010f1   Thumb Code   138  stm32f3xx_hal_rcc.o(i.HAL_RCC_GetSysClockFreq)
    HAL_RCC_OscConfig                        0x08001191   Thumb Code  2586  stm32f3xx_hal_rcc.o(i.HAL_RCC_OscConfig)
    HAL_TIMEx_Break2Callback                 0x08001bb5   Thumb Code     2  stm32f3xx_hal_tim_ex.o(i.HAL_TIMEx_Break2Callback)
    HAL_TIMEx_BreakCallback                  0x08001bb7   Thumb Code     2  stm32f3xx_hal_tim_ex.o(i.HAL_TIMEx_BreakCallback)
    HAL_TIMEx_CommutCallback                 0x08001bb9   Thumb Code     2  stm32f3xx_hal_tim_ex.o(i.HAL_TIMEx_CommutCallback)
    HAL_TIM_Base_Init                        0x08001bbb   Thumb Code   110  stm32f3xx_hal_tim.o(i.HAL_TIM_Base_Init)
    HAL_TIM_Base_MspInit                     0x08001c29   Thumb Code     2  stm32f3xx_hal_tim.o(i.HAL_TIM_Base_MspInit)
    HAL_TIM_Base_Start_IT                    0x08001c2d   Thumb Code   106  stm32f3xx_hal_tim.o(i.HAL_TIM_Base_Start_IT)
    HAL_TIM_IC_CaptureCallback               0x08001ca5   Thumb Code     2  stm32f3xx_hal_tim.o(i.HAL_TIM_IC_CaptureCallback)
    HAL_TIM_IRQHandler                       0x08001ca7   Thumb Code   440  stm32f3xx_hal_tim.o(i.HAL_TIM_IRQHandler)
    HAL_TIM_OC_DelayElapsedCallback          0x08001e5f   Thumb Code     2  stm32f3xx_hal_tim.o(i.HAL_TIM_OC_DelayElapsedCallback)
    HAL_TIM_PWM_PulseFinishedCallback        0x08001e61   Thumb Code     2  stm32f3xx_hal_tim.o(i.HAL_TIM_PWM_PulseFinishedCallback)
    HAL_TIM_PeriodElapsedCallback            0x08001e65   Thumb Code    18  main.o(i.HAL_TIM_PeriodElapsedCallback)
    HAL_TIM_TriggerCallback                  0x08001e7d   Thumb Code     2  stm32f3xx_hal_tim.o(i.HAL_TIM_TriggerCallback)
    HAL_UARTEx_RxEventCallback               0x08001e7f   Thumb Code     2  stm32f3xx_hal_uart.o(i.HAL_UARTEx_RxEventCallback)
    HAL_UARTEx_WakeupCallback                0x08001e81   Thumb Code     2  stm32f3xx_hal_uart_ex.o(i.HAL_UARTEx_WakeupCallback)
    HAL_UART_ErrorCallback                   0x08001e83   Thumb Code     2  stm32f3xx_hal_uart.o(i.HAL_UART_ErrorCallback)
    HAL_UART_IRQHandler                      0x08001e85   Thumb Code   826  stm32f3xx_hal_uart.o(i.HAL_UART_IRQHandler)
    HAL_UART_Init                            0x080021c9   Thumb Code   116  stm32f3xx_hal_uart.o(i.HAL_UART_Init)
    HAL_UART_MspInit                         0x0800223d   Thumb Code   124  usart.o(i.HAL_UART_MspInit)
    HAL_UART_Receive_IT                      0x080022c1   Thumb Code   100  stm32f3xx_hal_uart.o(i.HAL_UART_Receive_IT)
    HAL_UART_RxCpltCallback                  0x08002325   Thumb Code    22  main.o(i.HAL_UART_RxCpltCallback)
    HAL_UART_Transmit                        0x08002349   Thumb Code   210  stm32f3xx_hal_uart.o(i.HAL_UART_Transmit)
    HAL_UART_TxCpltCallback                  0x0800241b   Thumb Code     2  stm32f3xx_hal_uart.o(i.HAL_UART_TxCpltCallback)
    HardFault_Handler                        0x0800241d   Thumb Code     4  stm32f3xx_it.o(i.HardFault_Handler)
    LedTask                                  0x08002421   Thumb Code    10  main.o(i.LedTask)
    MX_FREERTOS_Init                         0x08002431   Thumb Code    42  freertos.o(i.MX_FREERTOS_Init)
    MX_GPIO_Init                             0x0800247d   Thumb Code   158  gpio.o(i.MX_GPIO_Init)
    MX_USART2_UART_Init                      0x08002525   Thumb Code    56  usart.o(i.MX_USART2_UART_Init)
    MemManage_Handler                        0x08002565   Thumb Code     4  stm32f3xx_it.o(i.MemManage_Handler)
    NMI_Handler                              0x08002569   Thumb Code     4  stm32f3xx_it.o(i.NMI_Handler)
    SysTick_Handler                          0x0800256d   Thumb Code    46  port.o(i.SysTick_Handler)
    SystemInit                               0x080025a1   Thumb Code    14  system_stm32f3xx.o(i.SystemInit)
    TIM1_UP_TIM16_IRQHandler                 0x080025b5   Thumb Code    10  stm32f3xx_it.o(i.TIM1_UP_TIM16_IRQHandler)
    TIM_Base_SetConfig                       0x080025c5   Thumb Code   116  stm32f3xx_hal_tim.o(i.TIM_Base_SetConfig)
    UART_AdvFeatureConfig                    0x08002649   Thumb Code   248  stm32f3xx_hal_uart.o(i.UART_AdvFeatureConfig)
    UART_CheckIdleState                      0x08002741   Thumb Code   114  stm32f3xx_hal_uart.o(i.UART_CheckIdleState)
    UART_SetConfig                           0x080029f1   Thumb Code   406  stm32f3xx_hal_uart.o(i.UART_SetConfig)
    UART_Start_Receive_IT                    0x08002ba1   Thumb Code   212  stm32f3xx_hal_uart.o(i.UART_Start_Receive_IT)
    UART_WaitOnFlagUntilTimeout              0x08002c7d   Thumb Code   248  stm32f3xx_hal_uart.o(i.UART_WaitOnFlagUntilTimeout)
    USART2_IRQHandler                        0x08002d75   Thumb Code    10  stm32f3xx_it.o(i.USART2_IRQHandler)
    UartEchoTask                             0x08002d85   Thumb Code    32  main.o(i.UartEchoTask)
    UsageFault_Handler                       0x08002dad   Thumb Code     4  stm32f3xx_it.o(i.UsageFault_Handler)
    string_to_ui32(char*, unsigned char)     0x08002db1   Thumb Code   138  uartcom.o(i._Z14string_to_ui32Pch)
    IS_ALL_DIGIT_NMBR(char*, unsigned char)  0x08002e45   Thumb Code    34  uartcom.o(i._Z17IS_ALL_DIGIT_NMBRPch)
    SystemClock_Config()                     0x08002e67   Thumb Code    98  main.o(i._Z18SystemClock_Configv)
    LedManager::LED_ON_Process()             0x08002ec9   Thumb Code    24  ledmanager.o(i._ZN10LedManager14LED_ON_ProcessEv)
    LedManager::LED_OFF_Process()            0x08002ee1   Thumb Code    24  ledmanager.o(i._ZN10LedManager15LED_OFF_ProcessEv)
    LedManager::SetGreenLedOnTime(unsigned)  0x08002ef9   Thumb Code     4  ledmanager.o(i._ZN10LedManager17SetGreenLedOnTimeEj)
    LedManager::SetGreenLedOffTime(unsigned) 0x08002efd   Thumb Code     4  ledmanager.o(i._ZN10LedManager18SetGreenLedOffTimeEj)
    LedManager::Task()                       0x08002f01   Thumb Code    18  ledmanager.o(i._ZN10LedManager4TaskEv)
    LedManager::LedManager(IBsp*, IRtos*)    0x08002f15   Thumb Code    24  ledmanager.o(i._ZN10LedManagerC1EP4IBspP5IRtos)
    LedManager::LedManager__sub_object(IBsp*, IRtos*) 0x08002f15   Thumb Code     0  ledmanager.o(i._ZN10LedManagerC1EP4IBspP5IRtos)
    UartCom::Uart_Com_Echo()                 0x08002f39   Thumb Code    32  uartcom.o(i._ZN7UartCom13Uart_Com_EchoEv)
    UartCom::uart_cmd_parse()                0x08002f59   Thumb Code   114  uartcom.o(i._ZN7UartCom14uart_cmd_parseEv)
    UartCom::Uart_Com_ISR_Process()          0x08002fed   Thumb Code   130  uartcom.o(i._ZN7UartCom20Uart_Com_ISR_ProcessEv)
    UartCom::UART_Com_Stop_Cmd_Handle()      0x08003075   Thumb Code    36  uartcom.o(i._ZN7UartCom24UART_Com_Stop_Cmd_HandleEv)
    UartCom::UART_Com_LedOn_Cmd_Handle()     0x08003099   Thumb Code    64  uartcom.o(i._ZN7UartCom25UART_Com_LedOn_Cmd_HandleEv)
    UartCom::UART_Com_Start_Cmd_Handle()     0x080030d9   Thumb Code     8  uartcom.o(i._ZN7UartCom25UART_Com_Start_Cmd_HandleEv)
    UartCom::UART_Com_LedOff_Cmd_Handle()    0x080030e1   Thumb Code    64  uartcom.o(i._ZN7UartCom26UART_Com_LedOff_Cmd_HandleEv)
    UartCom::UartCom(IBsp*, IRtos*, unsigned char*, ILedManager*) 0x08003121   Thumb Code    50  uartcom.o(i._ZN7UartComC1EP4IBspP5IRtosPhP11ILedManager)
    UartCom::UartCom__sub_object(IBsp*, IRtos*, unsigned char*, ILedManager*) 0x08003121   Thumb Code     0  uartcom.o(i._ZN7UartComC1EP4IBspP5IRtosPhP11ILedManager)
    BspLayer::LedGreen_On()                  0x08003159   Thumb Code    16  bsplayer.o(i._ZN8BspLayer11LedGreen_OnEv)
    BspLayer::LedGreen_Off()                 0x0800316d   Thumb Code    18  bsplayer.o(i._ZN8BspLayer12LedGreen_OffEv)
    BspLayer::Uart_Tx(unsigned char*, unsigned short, unsigned) 0x08003185   Thumb Code    28  bsplayer.o(i._ZN8BspLayer7Uart_TxEPhtj)
    RtosLayer::TaskSleepMs(unsigned)         0x080031a5   Thumb Code    14  rtoslayer.o(i._ZN9RtosLayer11TaskSleepMsEj)
    RtosLayer::UartComEventFlagSet()         0x080031b5   Thumb Code    16  rtoslayer.o(i._ZN9RtosLayer19UartComEventFlagSetEv)
    RtosLayer::UartComEventFlagWait()        0x080031c9   Thumb Code     2  rtoslayer.o(i._ZN9RtosLayer20UartComEventFlagWaitEv)
    __ARM_fpclassify                         0x080031cb   Thumb Code    48  fpclassify.o(i.__ARM_fpclassify)
    __cxa_pure_virtual                       0x08003235   Thumb Code     6  pure_virt.o(i.__cxa_pure_virtual)
    __hardfp_pow                             0x08003251   Thumb Code  3072  pow.o(i.__hardfp_pow)
    __kernel_poly                            0x08003ea1   Thumb Code   248  poly.o(i.__kernel_poly)
    __mathlib_dbl_divzero                    0x08003f99   Thumb Code    28  dunder.o(i.__mathlib_dbl_divzero)
    __mathlib_dbl_infnan2                    0x08003fc9   Thumb Code    20  dunder.o(i.__mathlib_dbl_infnan2)
    __mathlib_dbl_invalid                    0x08003fe1   Thumb Code    24  dunder.o(i.__mathlib_dbl_invalid)
    __mathlib_dbl_overflow                   0x08004001   Thumb Code    24  dunder.o(i.__mathlib_dbl_overflow)
    __mathlib_dbl_underflow                  0x08004021   Thumb Code    24  dunder.o(i.__mathlib_dbl_underflow)
    __scatterload_copy                       0x08004041   Thumb Code    14  handlers.o(i.__scatterload_copy)
    __scatterload_null                       0x0800404f   Thumb Code     2  handlers.o(i.__scatterload_null)
    __scatterload_zeroinit                   0x08004051   Thumb Code    14  handlers.o(i.__scatterload_zeroinit)
    __set_errno                              0x08004061   Thumb Code     6  errno.o(i.__set_errno)
    fabs                                     0x080040c5   Thumb Code    24  fabs.o(i.fabs)
    main                                     0x080040dd   Thumb Code    42  main.o(i.main)
    osDelay                                  0x08004111   Thumb Code    50  cmsis_os2.o(i.osDelay)
    osEventFlagsNew                          0x08004149   Thumb Code    92  cmsis_os2.o(i.osEventFlagsNew)
    osEventFlagsSet                          0x080041a9   Thumb Code   108  cmsis_os2.o(i.osEventFlagsSet)
    osEventFlagsWait                         0x0800421d   Thumb Code   160  cmsis_os2.o(i.osEventFlagsWait)
    osKernelInitialize                       0x080042c1   Thumb Code    58  cmsis_os2.o(i.osKernelInitialize)
    osKernelStart                            0x08004301   Thumb Code    64  cmsis_os2.o(i.osKernelStart)
    osThreadNew                              0x08004345   Thumb Code   216  cmsis_os2.o(i.osThreadNew)
    pvPortMalloc                             0x08004de5   Thumb Code   296  heap_4.o(i.pvPortMalloc)
    pxPortInitialiseStack                    0x08004f21   Thumb Code    38  port.o(i.pxPortInitialiseStack)
    sqrt                                     0x08004f4d   Thumb Code   110  sqrt.o(i.sqrt)
    uxListRemove                             0x08004fbb   Thumb Code    40  list.o(i.uxListRemove)
    uxTaskResetEventItemValue                0x08004fe5   Thumb Code    24  tasks.o(i.uxTaskResetEventItemValue)
    vApplicationGetIdleTaskMemory            0x08005001   Thumb Code    14  cmsis_os2.o(i.vApplicationGetIdleTaskMemory)
    vApplicationGetTimerTaskMemory           0x08005019   Thumb Code    16  cmsis_os2.o(i.vApplicationGetTimerTaskMemory)
    vEventGroupSetBitsCallback               0x08005031   Thumb Code    16  event_groups.o(i.vEventGroupSetBitsCallback)
    vListInitialise                          0x08005041   Thumb Code    26  list.o(i.vListInitialise)
    vListInitialiseItem                      0x0800505b   Thumb Code     6  list.o(i.vListInitialiseItem)
    vListInsert                              0x08005061   Thumb Code    52  list.o(i.vListInsert)
    vListInsertEnd                           0x08005095   Thumb Code    24  list.o(i.vListInsertEnd)
    vPortEnterCritical                       0x080050ad   Thumb Code    76  port.o(i.vPortEnterCritical)
    vPortExitCritical                        0x08005101   Thumb Code    56  port.o(i.vPortExitCritical)
    vPortFree                                0x0800513d   Thumb Code   140  heap_4.o(i.vPortFree)
    vPortSetupTimerInterrupt                 0x080051d1   Thumb Code    36  port.o(i.vPortSetupTimerInterrupt)
    vPortValidateInterruptPriority           0x080051f9   Thumb Code   106  port.o(i.vPortValidateInterruptPriority)
    vQueueAddToRegistry                      0x08005271   Thumb Code    38  queue.o(i.vQueueAddToRegistry)
    vQueueWaitForMessageRestricted           0x0800529d   Thumb Code    74  queue.o(i.vQueueWaitForMessageRestricted)
    vTaskDelay                               0x080052e9   Thumb Code    82  tasks.o(i.vTaskDelay)
    vTaskInternalSetTimeOutState             0x08005345   Thumb Code    14  tasks.o(i.vTaskInternalSetTimeOutState)
    vTaskMissedYield                         0x0800535d   Thumb Code     8  tasks.o(i.vTaskMissedYield)
    vTaskPlaceOnEventList                    0x08005369   Thumb Code    52  tasks.o(i.vTaskPlaceOnEventList)
    vTaskPlaceOnEventListRestricted          0x080053a1   Thumb Code    60  tasks.o(i.vTaskPlaceOnEventListRestricted)
    vTaskPlaceOnUnorderedEventList           0x080053e1   Thumb Code   100  tasks.o(i.vTaskPlaceOnUnorderedEventList)
    vTaskRemoveFromUnorderedEventList        0x0800544d   Thumb Code   140  tasks.o(i.vTaskRemoveFromUnorderedEventList)
    vTaskStartScheduler                      0x080054ed   Thumb Code   156  tasks.o(i.vTaskStartScheduler)
    vTaskSuspendAll                          0x080055a5   Thumb Code    12  tasks.o(i.vTaskSuspendAll)
    vTaskSwitchContext                       0x080055b5   Thumb Code   122  tasks.o(i.vTaskSwitchContext)
    xEventGroupCreate                        0x08005645   Thumb Code    30  event_groups.o(i.xEventGroupCreate)
    xEventGroupCreateStatic                  0x08005663   Thumb Code    90  event_groups.o(i.xEventGroupCreateStatic)
    xEventGroupSetBits                       0x080056bd   Thumb Code   206  event_groups.o(i.xEventGroupSetBits)
    xEventGroupSetBitsFromISR                0x0800578d   Thumb Code    30  event_groups.o(i.xEventGroupSetBitsFromISR)
    xEventGroupWaitBits                      0x080057b1   Thumb Code   338  event_groups.o(i.xEventGroupWaitBits)
    xPortStartScheduler                      0x08005909   Thumb Code   330  port.o(i.xPortStartScheduler)
    xQueueGenericCreateStatic                0x08005a71   Thumb Code   222  queue.o(i.xQueueGenericCreateStatic)
    xQueueGenericReset                       0x08005b4f   Thumb Code   128  queue.o(i.xQueueGenericReset)
    xQueueGenericSend                        0x08005bd1   Thumb Code   382  queue.o(i.xQueueGenericSend)
    xQueueGenericSendFromISR                 0x08005d55   Thumb Code   248  queue.o(i.xQueueGenericSendFromISR)
    xQueueReceive                            0x08005e4d   Thumb Code   338  queue.o(i.xQueueReceive)
    xTaskCheckForTimeOut                     0x08005fa5   Thumb Code   132  tasks.o(i.xTaskCheckForTimeOut)
    xTaskCreate                              0x08006031   Thumb Code   100  tasks.o(i.xTaskCreate)
    xTaskCreateStatic                        0x08006095   Thumb Code   184  tasks.o(i.xTaskCreateStatic)
    xTaskGetSchedulerState                   0x0800614d   Thumb Code    24  tasks.o(i.xTaskGetSchedulerState)
    xTaskGetTickCount                        0x0800616d   Thumb Code     6  tasks.o(i.xTaskGetTickCount)
    xTaskIncrementTick                       0x08006179   Thumb Code   228  tasks.o(i.xTaskIncrementTick)
    xTaskPriorityDisinherit                  0x08006281   Thumb Code   152  tasks.o(i.xTaskPriorityDisinherit)
    xTaskRemoveFromEventList                 0x08006325   Thumb Code   126  tasks.o(i.xTaskRemoveFromEventList)
    xTaskResumeAll                           0x080063bd   Thumb Code   204  tasks.o(i.xTaskResumeAll)
    xTimerCreateTimerTask                    0x080064a9   Thumb Code   100  timers.o(i.xTimerCreateTimerTask)
    xTimerGenericCommand                     0x08006521   Thumb Code   128  timers.o(i.xTimerGenericCommand)
    xTimerPendFunctionCallFromISR            0x080065a5   Thumb Code    48  timers.o(i.xTimerPendFunctionCallFromISR)
    taskLed_attributes                       0x080065d8   Data          36  freertos.o(.constdata)
    taskUartEcho_attributes                  0x080065fc   Data          36  freertos.o(.constdata)
    eventUartCom_attributes                  0x08006620   Data          16  freertos.o(.constdata)
    aPLLMULFactorTable                       0x08006630   Data          16  stm32f3xx_hal_rcc.o(.constdata)
    aPredivFactorTable                       0x08006640   Data          16  stm32f3xx_hal_rcc.o(.constdata)
    AHBPrescTable                            0x08006650   Data          16  system_stm32f3xx.o(.constdata)
    APBPrescTable                            0x08006660   Data           8  system_stm32f3xx.o(.constdata)
    __mathlib_zero                           0x08006710   Data           8  qnan.o(.constdata)
    vtable for LedManager                    0x08006718   Data          16  ledmanager.o(.constdata__ZTV10LedManager)
    vtable for ILedManager                   0x08006728   Data          16  ledmanager.o(.constdata__ZTV11ILedManager)
    vtable for IBsp                          0x08006738   Data          20  main.o(.constdata__ZTV4IBsp)
    vtable for IRtos                         0x0800674c   Data          20  main.o(.constdata__ZTV5IRtos)
    vtable for BspLayer                      0x08006760   Data          20  bsplayer.o(.constdata__ZTV8BspLayer)
    vtable for RtosLayer                     0x08006774   Data          20  rtoslayer.o(.constdata__ZTV9RtosLayer)
    Region$$Table$$Base                      0x080067b0   Number         0  anon$$obj.o(Region$$Table)
    Region$$Table$$Limit                     0x080067d0   Number         0  anon$$obj.o(Region$$Table)
    SHT$$INIT_ARRAY$$Base                    0x080067d0   Number         0  main.o(.init_array)
    SHT$$INIT_ARRAY$$Limit                   0x080067d4   Number         0  cpp_init.o(.init_array)
    taskLedHandle                            0x20000000   Data           4  freertos.o(.data)
    taskUartEchoHandle                       0x20000004   Data           4  freertos.o(.data)
    eventUartComHandle                       0x20000008   Data           4  freertos.o(.data)
    uart_msg                                 0x2000000c   Data           2  main.o(.data)
    Bsp_Stm                                  0x20000010   Data           8  main.o(.data)
    Rtos_FreeRtos                            0x20000018   Data           4  main.o(.data)
    uwTick                                   0x2000001c   Data           4  stm32f3xx_hal.o(.data)
    uwTickPrio                               0x20000020   Data           4  stm32f3xx_hal.o(.data)
    uwTickFreq                               0x20000024   Data           1  stm32f3xx_hal.o(.data)
    SystemCoreClock                          0x20000028   Data           4  system_stm32f3xx.o(.data)
    pxCurrentTCB                             0x2000002c   Data           4  tasks.o(.data)
    led_on_ms                                0x200000a4   Data           4  uartcom.o(.data)
    huart2                                   0x200000b0   Data         132  usart.o(.bss)
    htim1                                    0x20000134   Data          76  stm32f3xx_hal_timebase_tim.o(.bss)
    Led_Manager                              0x20000180   Data          20  main.o(.bss)
    Uart_Com                                 0x20000194   Data          36  main.o(.bss)
    xQueueRegistry                           0x200001b8   Data          64  queue.o(.bss)
    __initial_sp                             0x20002a90   Data           0  startup_stm32f302x8.o(STACK)



==============================================================================

Memory Map of the image

  Image Entry point : 0x08000189

  Load Region LR_IROM1 (Base: 0x08000000, Size: 0x00006884, Max: 0x00010000, ABSOLUTE)

    Execution Region ER_IROM1 (Exec base: 0x08000000, Load base: 0x08000000, Size: 0x000067d4, Max: 0x00010000, ABSOLUTE)

    Exec Addr    Load Addr    Size         Type   Attr      Idx    E Section Name        Object

    0x08000000   0x08000000   0x00000188   Data   RO            3    RESET               startup_stm32f302x8.o
    0x08000188   0x08000188   0x00000000   Code   RO         5812  * .ARM.Collect$$$$00000000  mc_w.l(entry.o)
    0x08000188   0x08000188   0x00000004   Code   RO         5896    .ARM.Collect$$$$00000001  mc_w.l(entry2.o)
    0x0800018c   0x0800018c   0x00000004   Code   RO         5899    .ARM.Collect$$$$00000004  mc_w.l(entry5.o)
    0x08000190   0x08000190   0x00000000   Code   RO         5901    .ARM.Collect$$$$00000008  mc_w.l(entry7b.o)
    0x08000190   0x08000190   0x00000004   Code   RO         5902    .ARM.Collect$$$$00000009  mc_w.l(entry8a.o)
    0x08000194   0x08000194   0x00000000   Code   RO         5903    .ARM.Collect$$$$0000000A  mc_w.l(entry8b.o)
    0x08000194   0x08000194   0x00000008   Code   RO         5904    .ARM.Collect$$$$0000000B  mc_w.l(entry9a.o)
    0x0800019c   0x0800019c   0x00000000   Code   RO         5906    .ARM.Collect$$$$0000000D  mc_w.l(entry10a.o)
    0x0800019c   0x0800019c   0x00000000   Code   RO         5908    .ARM.Collect$$$$0000000F  mc_w.l(entry11a.o)
    0x0800019c   0x0800019c   0x00000004   Code   RO         5897    .ARM.Collect$$$$00002712  mc_w.l(entry2.o)
    0x080001a0   0x080001a0   0x000000be   Code   RO         5274    .emb_text           port.o
    0x0800025e   0x0800025e   0x00000002   PAD
    0x08000260   0x08000260   0x00000024   Code   RO            4    .text               startup_stm32f302x8.o
    0x08000284   0x08000284   0x00000062   Code   RO         5815    .text               mc_w.l(uldiv.o)
    0x080002e6   0x080002e6   0x00000020   Code   RO         5817    .text               mc_w.l(llushr.o)
    0x08000306   0x08000306   0x00000024   Code   RO         5819    .text               mc_w.l(memcpya.o)
    0x0800032a   0x0800032a   0x00000024   Code   RO         5823    .text               mc_w.l(memseta.o)
    0x0800034e   0x0800034e   0x00000018   Code   RO         5825    .text               mc_w.l(strncpy.o)
    0x08000366   0x08000366   0x0000001e   Code   RO         5827    .text               mc_w.l(strncmp.o)
    0x08000384   0x08000384   0x00000020   Code   RO         5834    .text               mc_w.l(cpp_init.o)
    0x080003a4   0x080003a4   0x0000014e   Code   RO         5836    .text               mf_w.l(dadd.o)
    0x080004f2   0x080004f2   0x000000e4   Code   RO         5838    .text               mf_w.l(dmul.o)
    0x080005d6   0x080005d6   0x00000022   Code   RO         5840    .text               mf_w.l(dflti.o)
    0x080005f8   0x080005f8   0x0000001a   Code   RO         5842    .text               mf_w.l(dfltui.o)
    0x08000612   0x08000612   0x00000032   Code   RO         5844    .text               mf_w.l(dfixui.o)
    0x08000644   0x08000644   0x0000001e   Code   RO         5910    .text               mc_w.l(llshl.o)
    0x08000662   0x08000662   0x00000024   Code   RO         5912    .text               mc_w.l(llsshr.o)
    0x08000686   0x08000686   0x00000000   Code   RO         5921    .text               mc_w.l(iusefp.o)
    0x08000686   0x08000686   0x00000002   Code   RO         5922    .text               mc_w.l(cpp_signal.o)
    0x08000688   0x08000688   0x000000ba   Code   RO         5924    .text               mf_w.l(depilogue.o)
    0x08000742   0x08000742   0x000000de   Code   RO         5926    .text               mf_w.l(ddiv.o)
    0x08000820   0x08000820   0x0000002e   Code   RO         5930    .text               mf_w.l(dscalb.o)
    0x0800084e   0x0800084e   0x00000002   PAD
    0x08000850   0x08000850   0x00000030   Code   RO         5932    .text               mf_w.l(cdrcmple.o)
    0x08000880   0x08000880   0x00000024   Code   RO         5947    .text               mc_w.l(init.o)
    0x080008a4   0x080008a4   0x000000a2   Code   RO         5949    .text               mf_w.l(dsqrt.o)
    0x08000946   0x08000946   0x00000004   Code   RO          249    i.BusFault_Handler  stm32f3xx_it.o
    0x0800094a   0x0800094a   0x00000002   Code   RO          250    i.DebugMon_Handler  stm32f3xx_it.o
    0x0800094c   0x0800094c   0x00000006   Code   RO          382    i.Error_Handler     main.o
    0x08000952   0x08000952   0x00000054   Code   RO         1017    i.HAL_DMA_Abort     stm32f3xx_hal_dma.o
    0x080009a6   0x080009a6   0x00000058   Code   RO         1018    i.HAL_DMA_Abort_IT  stm32f3xx_hal_dma.o
    0x080009fe   0x080009fe   0x00000002   PAD
    0x08000a00   0x08000a00   0x000001b0   Code   RO          952    i.HAL_GPIO_Init     stm32f3xx_hal_gpio.o
    0x08000bb0   0x08000bb0   0x0000000a   Code   RO          956    i.HAL_GPIO_WritePin  stm32f3xx_hal_gpio.o
    0x08000bba   0x08000bba   0x00000002   PAD
    0x08000bbc   0x08000bbc   0x0000000c   Code   RO          639    i.HAL_GetTick       stm32f3xx_hal.o
    0x08000bc8   0x08000bc8   0x00000018   Code   RO          645    i.HAL_IncTick       stm32f3xx_hal.o
    0x08000be0   0x08000be0   0x00000028   Code   RO          646    i.HAL_Init          stm32f3xx_hal.o
    0x08000c08   0x08000c08   0x00000088   Code   RO          343    i.HAL_InitTick      stm32f3xx_hal_timebase_tim.o
    0x08000c90   0x08000c90   0x00000048   Code   RO          319    i.HAL_MspInit       stm32f3xx_hal_msp.o
    0x08000cd8   0x08000cd8   0x00000020   Code   RO         1117    i.HAL_NVIC_EnableIRQ  stm32f3xx_hal_cortex.o
    0x08000cf8   0x08000cf8   0x0000007c   Code   RO         1123    i.HAL_NVIC_SetPriority  stm32f3xx_hal_cortex.o
    0x08000d74   0x08000d74   0x00000028   Code   RO         1124    i.HAL_NVIC_SetPriorityGrouping  stm32f3xx_hal_cortex.o
    0x08000d9c   0x08000d9c   0x000002ac   Code   RO          803    i.HAL_RCC_ClockConfig  stm32f3xx_hal_rcc.o
    0x08001048   0x08001048   0x00000044   Code   RO          807    i.HAL_RCC_GetClockConfig  stm32f3xx_hal_rcc.o
    0x0800108c   0x0800108c   0x0000000c   Code   RO          808    i.HAL_RCC_GetHCLKFreq  stm32f3xx_hal_rcc.o
    0x08001098   0x08001098   0x0000002c   Code   RO          810    i.HAL_RCC_GetPCLK1Freq  stm32f3xx_hal_rcc.o
    0x080010c4   0x080010c4   0x0000002c   Code   RO          811    i.HAL_RCC_GetPCLK2Freq  stm32f3xx_hal_rcc.o
    0x080010f0   0x080010f0   0x000000a0   Code   RO          812    i.HAL_RCC_GetSysClockFreq  stm32f3xx_hal_rcc.o
    0x08001190   0x08001190   0x00000a24   Code   RO          815    i.HAL_RCC_OscConfig  stm32f3xx_hal_rcc.o
    0x08001bb4   0x08001bb4   0x00000002   Code   RO         2899    i.HAL_TIMEx_Break2Callback  stm32f3xx_hal_tim_ex.o
    0x08001bb6   0x08001bb6   0x00000002   Code   RO         2900    i.HAL_TIMEx_BreakCallback  stm32f3xx_hal_tim_ex.o
    0x08001bb8   0x08001bb8   0x00000002   Code   RO         2901    i.HAL_TIMEx_CommutCallback  stm32f3xx_hal_tim_ex.o
    0x08001bba   0x08001bba   0x0000006e   Code   RO         2174    i.HAL_TIM_Base_Init  stm32f3xx_hal_tim.o
    0x08001c28   0x08001c28   0x00000002   Code   RO         2176    i.HAL_TIM_Base_MspInit  stm32f3xx_hal_tim.o
    0x08001c2a   0x08001c2a   0x00000002   PAD
    0x08001c2c   0x08001c2c   0x00000078   Code   RO         2179    i.HAL_TIM_Base_Start_IT  stm32f3xx_hal_tim.o
    0x08001ca4   0x08001ca4   0x00000002   Code   RO         2208    i.HAL_TIM_IC_CaptureCallback  stm32f3xx_hal_tim.o
    0x08001ca6   0x08001ca6   0x000001b8   Code   RO         2222    i.HAL_TIM_IRQHandler  stm32f3xx_hal_tim.o
    0x08001e5e   0x08001e5e   0x00000002   Code   RO         2225    i.HAL_TIM_OC_DelayElapsedCallback  stm32f3xx_hal_tim.o
    0x08001e60   0x08001e60   0x00000002   Code   RO         2252    i.HAL_TIM_PWM_PulseFinishedCallback  stm32f3xx_hal_tim.o
    0x08001e62   0x08001e62   0x00000002   PAD
    0x08001e64   0x08001e64   0x00000018   Code   RO          383    i.HAL_TIM_PeriodElapsedCallback  main.o
    0x08001e7c   0x08001e7c   0x00000002   Code   RO         2265    i.HAL_TIM_TriggerCallback  stm32f3xx_hal_tim.o
    0x08001e7e   0x08001e7e   0x00000002   Code   RO         3187    i.HAL_UARTEx_RxEventCallback  stm32f3xx_hal_uart.o
    0x08001e80   0x08001e80   0x00000002   Code   RO         3620    i.HAL_UARTEx_WakeupCallback  stm32f3xx_hal_uart_ex.o
    0x08001e82   0x08001e82   0x00000002   Code   RO         3203    i.HAL_UART_ErrorCallback  stm32f3xx_hal_uart.o
    0x08001e84   0x08001e84   0x00000344   Code   RO         3206    i.HAL_UART_IRQHandler  stm32f3xx_hal_uart.o
    0x080021c8   0x080021c8   0x00000074   Code   RO         3207    i.HAL_UART_Init     stm32f3xx_hal_uart.o
    0x0800223c   0x0800223c   0x00000084   Code   RO          208    i.HAL_UART_MspInit  usart.o
    0x080022c0   0x080022c0   0x00000064   Code   RO         3212    i.HAL_UART_Receive_IT  stm32f3xx_hal_uart.o
    0x08002324   0x08002324   0x00000024   Code   RO          384    i.HAL_UART_RxCpltCallback  main.o
    0x08002348   0x08002348   0x000000d2   Code   RO         3216    i.HAL_UART_Transmit  stm32f3xx_hal_uart.o
    0x0800241a   0x0800241a   0x00000002   Code   RO         3219    i.HAL_UART_TxCpltCallback  stm32f3xx_hal_uart.o
    0x0800241c   0x0800241c   0x00000004   Code   RO          251    i.HardFault_Handler  stm32f3xx_it.o
    0x08002420   0x08002420   0x00000010   Code   RO          385    i.LedTask           main.o
    0x08002430   0x08002430   0x0000004c   Code   RO          140    i.MX_FREERTOS_Init  freertos.o
    0x0800247c   0x0800247c   0x000000a8   Code   RO           13    i.MX_GPIO_Init      gpio.o
    0x08002524   0x08002524   0x00000040   Code   RO          209    i.MX_USART2_UART_Init  usart.o
    0x08002564   0x08002564   0x00000004   Code   RO          252    i.MemManage_Handler  stm32f3xx_it.o
    0x08002568   0x08002568   0x00000004   Code   RO          253    i.NMI_Handler       stm32f3xx_it.o
    0x0800256c   0x0800256c   0x00000034   Code   RO         5275    i.SysTick_Handler   port.o
    0x080025a0   0x080025a0   0x00000014   Code   RO         3576    i.SystemInit        system_stm32f3xx.o
    0x080025b4   0x080025b4   0x00000010   Code   RO          254    i.TIM1_UP_TIM16_IRQHandler  stm32f3xx_it.o
    0x080025c4   0x080025c4   0x00000084   Code   RO         2267    i.TIM_Base_SetConfig  stm32f3xx_hal_tim.o
    0x08002648   0x08002648   0x000000f8   Code   RO         3221    i.UART_AdvFeatureConfig  stm32f3xx_hal_uart.o
    0x08002740   0x08002740   0x00000072   Code   RO         3222    i.UART_CheckIdleState  stm32f3xx_hal_uart.o
    0x080027b2   0x080027b2   0x00000018   Code   RO         3223    i.UART_DMAAbortOnError  stm32f3xx_hal_uart.o
    0x080027ca   0x080027ca   0x00000064   Code   RO         3233    i.UART_EndRxTransfer  stm32f3xx_hal_uart.o
    0x0800282e   0x0800282e   0x0000002e   Code   RO         3234    i.UART_EndTransmit_IT  stm32f3xx_hal_uart.o
    0x0800285c   0x0800285c   0x000000cc   Code   RO         3236    i.UART_RxISR_16BIT  stm32f3xx_hal_uart.o
    0x08002928   0x08002928   0x000000c8   Code   RO         3237    i.UART_RxISR_8BIT   stm32f3xx_hal_uart.o
    0x080029f0   0x080029f0   0x000001b0   Code   RO         3238    i.UART_SetConfig    stm32f3xx_hal_uart.o
    0x08002ba0   0x08002ba0   0x000000dc   Code   RO         3240    i.UART_Start_Receive_IT  stm32f3xx_hal_uart.o
    0x08002c7c   0x08002c7c   0x000000f8   Code   RO         3243    i.UART_WaitOnFlagUntilTimeout  stm32f3xx_hal_uart.o
    0x08002d74   0x08002d74   0x00000010   Code   RO          255    i.USART2_IRQHandler  stm32f3xx_it.o
    0x08002d84   0x08002d84   0x00000028   Code   RO          386    i.UartEchoTask      main.o
    0x08002dac   0x08002dac   0x00000004   Code   RO          256    i.UsageFault_Handler  stm32f3xx_it.o
    0x08002db0   0x08002db0   0x00000094   Code   RO         5351    i._Z14string_to_ui32Pch  uartcom.o
    0x08002e44   0x08002e44   0x00000022   Code   RO         5352    i._Z17IS_ALL_DIGIT_NMBRPch  uartcom.o
    0x08002e66   0x08002e66   0x00000062   Code   RO          387    i._Z18SystemClock_Configv  main.o
    0x08002ec8   0x08002ec8   0x00000018   Code   RO         5454    i._ZN10LedManager14LED_ON_ProcessEv  ledmanager.o
    0x08002ee0   0x08002ee0   0x00000018   Code   RO         5455    i._ZN10LedManager15LED_OFF_ProcessEv  ledmanager.o
    0x08002ef8   0x08002ef8   0x00000004   Code   RO         5456    i._ZN10LedManager17SetGreenLedOnTimeEj  ledmanager.o
    0x08002efc   0x08002efc   0x00000004   Code   RO         5457    i._ZN10LedManager18SetGreenLedOffTimeEj  ledmanager.o
    0x08002f00   0x08002f00   0x00000012   Code   RO         5458    i._ZN10LedManager4TaskEv  ledmanager.o
    0x08002f12   0x08002f12   0x00000002   PAD
    0x08002f14   0x08002f14   0x00000024   Code   RO         5459    i._ZN10LedManagerC1EP4IBspP5IRtos  ledmanager.o
    0x08002f38   0x08002f38   0x00000020   Code   RO         5353    i._ZN7UartCom13Uart_Com_EchoEv  uartcom.o
    0x08002f58   0x08002f58   0x00000094   Code   RO         5354    i._ZN7UartCom14uart_cmd_parseEv  uartcom.o
    0x08002fec   0x08002fec   0x00000088   Code   RO         5355    i._ZN7UartCom20Uart_Com_ISR_ProcessEv  uartcom.o
    0x08003074   0x08003074   0x00000024   Code   RO         5356    i._ZN7UartCom24UART_Com_Stop_Cmd_HandleEv  uartcom.o
    0x08003098   0x08003098   0x00000040   Code   RO         5357    i._ZN7UartCom25UART_Com_LedOn_Cmd_HandleEv  uartcom.o
    0x080030d8   0x080030d8   0x00000008   Code   RO         5358    i._ZN7UartCom25UART_Com_Start_Cmd_HandleEv  uartcom.o
    0x080030e0   0x080030e0   0x00000040   Code   RO         5359    i._ZN7UartCom26UART_Com_LedOff_Cmd_HandleEv  uartcom.o
    0x08003120   0x08003120   0x00000038   Code   RO         5360    i._ZN7UartComC1EP4IBspP5IRtosPhP11ILedManager  uartcom.o
    0x08003158   0x08003158   0x00000014   Code   RO         5525    i._ZN8BspLayer11LedGreen_OnEv  bsplayer.o
    0x0800316c   0x0800316c   0x00000018   Code   RO         5526    i._ZN8BspLayer12LedGreen_OffEv  bsplayer.o
    0x08003184   0x08003184   0x00000020   Code   RO         5527    i._ZN8BspLayer7Uart_TxEPhtj  bsplayer.o
    0x080031a4   0x080031a4   0x0000000e   Code   RO         5632    i._ZN9RtosLayer11TaskSleepMsEj  rtoslayer.o
    0x080031b2   0x080031b2   0x00000002   PAD
    0x080031b4   0x080031b4   0x00000014   Code   RO         5633    i._ZN9RtosLayer19UartComEventFlagSetEv  rtoslayer.o
    0x080031c8   0x080031c8   0x00000002   Code   RO         5634    i._ZN9RtosLayer20UartComEventFlagWaitEv  rtoslayer.o
    0x080031ca   0x080031ca   0x00000030   Code   RO         5879    i.__ARM_fpclassify  m_wm.l(fpclassify.o)
    0x080031fa   0x080031fa   0x00000002   PAD
    0x080031fc   0x080031fc   0x00000010   Code   RO         1130    i.__NVIC_GetPriorityGrouping  stm32f3xx_hal_cortex.o
    0x0800320c   0x0800320c   0x00000028   Code   RO         1131    i.__NVIC_SetPriority  stm32f3xx_hal_cortex.o
    0x08003234   0x08003234   0x00000006   Code   RO         5689    i.__cxa_pure_virtual  cpprt_w.l(pure_virt.o)
    0x0800323a   0x0800323a   0x00000006   Code   RO         4789    i.__get_BASEPRI     cmsis_os2.o
    0x08003240   0x08003240   0x00000006   Code   RO         4790    i.__get_IPSR        cmsis_os2.o
    0x08003246   0x08003246   0x00000006   Code   RO         4791    i.__get_PRIMASK     cmsis_os2.o
    0x0800324c   0x0800324c   0x00000004   PAD
    0x08003250   0x08003250   0x00000c50   Code   RO         5798    i.__hardfp_pow      m_wm.l(pow.o)
    0x08003ea0   0x08003ea0   0x000000f8   Code   RO         5881    i.__kernel_poly     m_wm.l(poly.o)
    0x08003f98   0x08003f98   0x00000030   Code   RO         5859    i.__mathlib_dbl_divzero  m_wm.l(dunder.o)
    0x08003fc8   0x08003fc8   0x00000014   Code   RO         5861    i.__mathlib_dbl_infnan2  m_wm.l(dunder.o)
    0x08003fdc   0x08003fdc   0x00000004   PAD
    0x08003fe0   0x08003fe0   0x00000020   Code   RO         5862    i.__mathlib_dbl_invalid  m_wm.l(dunder.o)
    0x08004000   0x08004000   0x00000020   Code   RO         5863    i.__mathlib_dbl_overflow  m_wm.l(dunder.o)
    0x08004020   0x08004020   0x00000020   Code   RO         5865    i.__mathlib_dbl_underflow  m_wm.l(dunder.o)
    0x08004040   0x08004040   0x0000000e   Code   RO         5993    i.__scatterload_copy  mc_w.l(handlers.o)
    0x0800404e   0x0800404e   0x00000002   Code   RO         5994    i.__scatterload_null  mc_w.l(handlers.o)
    0x08004050   0x08004050   0x0000000e   Code   RO         5995    i.__scatterload_zeroinit  mc_w.l(handlers.o)
    0x0800405e   0x0800405e   0x00000002   PAD
    0x08004060   0x08004060   0x0000000c   Code   RO         5916    i.__set_errno       mc_w.l(errno.o)
    0x0800406c   0x0800406c   0x00000058   Code   RO          388    i.__sti___8_main_cpp_Bsp_Stm  main.o
    0x080040c4   0x080040c4   0x00000018   Code   RO         5875    i.fabs              m_wm.l(fabs.o)
    0x080040dc   0x080040dc   0x00000034   Code   RO          389    i.main              main.o
    0x08004110   0x08004110   0x00000038   Code   RO         4792    i.osDelay           cmsis_os2.o
    0x08004148   0x08004148   0x00000060   Code   RO         4797    i.osEventFlagsNew   cmsis_os2.o
    0x080041a8   0x080041a8   0x00000074   Code   RO         4798    i.osEventFlagsSet   cmsis_os2.o
    0x0800421c   0x0800421c   0x000000a4   Code   RO         4799    i.osEventFlagsWait  cmsis_os2.o
    0x080042c0   0x080042c0   0x00000040   Code   RO         4806    i.osKernelInitialize  cmsis_os2.o
    0x08004300   0x08004300   0x00000044   Code   RO         4809    i.osKernelStart     cmsis_os2.o
    0x08004344   0x08004344   0x000000dc   Code   RO         4843    i.osThreadNew       cmsis_os2.o
    0x08004420   0x08004420   0x0000007c   Code   RO         4264    i.prvAddCurrentTaskToDelayedList  tasks.o
    0x0800449c   0x0800449c   0x0000009c   Code   RO         4265    i.prvAddNewTaskToReadyList  tasks.o
    0x08004538   0x08004538   0x00000074   Code   RO         4625    i.prvCheckForValidListAndQueue  timers.o
    0x080045ac   0x080045ac   0x00000048   Code   RO         4266    i.prvCheckTasksWaitingTermination  tasks.o
    0x080045f4   0x080045f4   0x0000002a   Code   RO         3857    i.prvCopyDataFromQueue  queue.o
    0x0800461e   0x0800461e   0x0000007c   Code   RO         3858    i.prvCopyDataToQueue  queue.o
    0x0800469a   0x0800469a   0x00000050   Code   RO         4267    i.prvDeleteTCB      tasks.o
    0x080046ea   0x080046ea   0x00000002   PAD
    0x080046ec   0x080046ec   0x00000028   Code   RO         4626    i.prvGetNextExpireTime  timers.o
    0x08004714   0x08004714   0x0000007c   Code   RO         5225    i.prvHeapInit       heap_4.o
    0x08004790   0x08004790   0x0000001c   Code   RO         4268    i.prvIdleTask       tasks.o
    0x080047ac   0x080047ac   0x0000002a   Code   RO         3861    i.prvInitialiseNewQueue  queue.o
    0x080047d6   0x080047d6   0x000000b4   Code   RO         4269    i.prvInitialiseNewTask  tasks.o
    0x0800488a   0x0800488a   0x00000002   PAD
    0x0800488c   0x0800488c   0x00000068   Code   RO         4270    i.prvInitialiseTaskLists  tasks.o
    0x080048f4   0x080048f4   0x00000068   Code   RO         5226    i.prvInsertBlockIntoFreeList  heap_4.o
    0x0800495c   0x0800495c   0x00000058   Code   RO         4628    i.prvInsertTimerInActiveList  timers.o
    0x080049b4   0x080049b4   0x0000001a   Code   RO         3862    i.prvIsQueueEmpty   queue.o
    0x080049ce   0x080049ce   0x0000001e   Code   RO         3863    i.prvIsQueueFull    queue.o
    0x080049ec   0x080049ec   0x00000064   Code   RO         4629    i.prvProcessExpiredTimer  timers.o
    0x08004a50   0x08004a50   0x00000128   Code   RO         4630    i.prvProcessReceivedCommands  timers.o
    0x08004b78   0x08004b78   0x00000074   Code   RO         4631    i.prvProcessTimerOrBlockTask  timers.o
    0x08004bec   0x08004bec   0x00000034   Code   RO         4272    i.prvResetNextTaskUnblockTime  tasks.o
    0x08004c20   0x08004c20   0x0000002c   Code   RO         4632    i.prvSampleTimeNow  timers.o
    0x08004c4c   0x08004c4c   0x000000a0   Code   RO         4633    i.prvSwitchTimerLists  timers.o
    0x08004cec   0x08004cec   0x00000040   Code   RO         5276    i.prvTaskExitError  port.o
    0x08004d2c   0x08004d2c   0x0000001e   Code   RO         3695    i.prvTestWaitCondition  event_groups.o
    0x08004d4a   0x08004d4a   0x0000001a   Code   RO         4634    i.prvTimerTask      timers.o
    0x08004d64   0x08004d64   0x0000007e   Code   RO         3864    i.prvUnlockQueue    queue.o
    0x08004de2   0x08004de2   0x00000002   PAD
    0x08004de4   0x08004de4   0x0000013c   Code   RO         5227    i.pvPortMalloc      heap_4.o
    0x08004f20   0x08004f20   0x0000002c   Code   RO         5277    i.pxPortInitialiseStack  port.o
    0x08004f4c   0x08004f4c   0x0000006e   Code   RO         5886    i.sqrt              m_wm.l(sqrt.o)
    0x08004fba   0x08004fba   0x00000028   Code   RO         3817    i.uxListRemove      list.o
    0x08004fe2   0x08004fe2   0x00000002   PAD
    0x08004fe4   0x08004fe4   0x0000001c   Code   RO         4283    i.uxTaskResetEventItemValue  tasks.o
    0x08005000   0x08005000   0x00000018   Code   RO         4855    i.vApplicationGetIdleTaskMemory  cmsis_os2.o
    0x08005018   0x08005018   0x00000018   Code   RO         4856    i.vApplicationGetTimerTaskMemory  cmsis_os2.o
    0x08005030   0x08005030   0x00000010   Code   RO         3699    i.vEventGroupSetBitsCallback  event_groups.o
    0x08005040   0x08005040   0x0000001a   Code   RO         3818    i.vListInitialise   list.o
    0x0800505a   0x0800505a   0x00000006   Code   RO         3819    i.vListInitialiseItem  list.o
    0x08005060   0x08005060   0x00000034   Code   RO         3820    i.vListInsert       list.o
    0x08005094   0x08005094   0x00000018   Code   RO         3821    i.vListInsertEnd    list.o
    0x080050ac   0x080050ac   0x00000054   Code   RO         5279    i.vPortEnterCritical  port.o
    0x08005100   0x08005100   0x0000003c   Code   RO         5280    i.vPortExitCritical  port.o
    0x0800513c   0x0800513c   0x00000094   Code   RO         5228    i.vPortFree         heap_4.o
    0x080051d0   0x080051d0   0x00000028   Code   RO         5281    i.vPortSetupTimerInterrupt  port.o
    0x080051f8   0x080051f8   0x00000078   Code   RO         5282    i.vPortValidateInterruptPriority  port.o
    0x08005270   0x08005270   0x0000002c   Code   RO         3870    i.vQueueAddToRegistry  queue.o
    0x0800529c   0x0800529c   0x0000004a   Code   RO         3874    i.vQueueWaitForMessageRestricted  queue.o
    0x080052e6   0x080052e6   0x00000002   PAD
    0x080052e8   0x080052e8   0x0000005c   Code   RO         4284    i.vTaskDelay        tasks.o
    0x08005344   0x08005344   0x00000018   Code   RO         4289    i.vTaskInternalSetTimeOutState  tasks.o
    0x0800535c   0x0800535c   0x0000000c   Code   RO         4290    i.vTaskMissedYield  tasks.o
    0x08005368   0x08005368   0x00000038   Code   RO         4292    i.vTaskPlaceOnEventList  tasks.o
    0x080053a0   0x080053a0   0x00000040   Code   RO         4293    i.vTaskPlaceOnEventListRestricted  tasks.o
    0x080053e0   0x080053e0   0x0000006c   Code   RO         4294    i.vTaskPlaceOnUnorderedEventList  tasks.o
    0x0800544c   0x0800544c   0x000000a0   Code   RO         4297    i.vTaskRemoveFromUnorderedEventList  tasks.o
    0x080054ec   0x080054ec   0x000000b8   Code   RO         4301    i.vTaskStartScheduler  tasks.o
    0x080055a4   0x080055a4   0x00000010   Code   RO         4303    i.vTaskSuspendAll   tasks.o
    0x080055b4   0x080055b4   0x00000090   Code   RO         4304    i.vTaskSwitchContext  tasks.o
    0x08005644   0x08005644   0x0000001e   Code   RO         3703    i.xEventGroupCreate  event_groups.o
    0x08005662   0x08005662   0x0000005a   Code   RO         3704    i.xEventGroupCreateStatic  event_groups.o
    0x080056bc   0x080056bc   0x000000ce   Code   RO         3706    i.xEventGroupSetBits  event_groups.o
    0x0800578a   0x0800578a   0x00000002   PAD
    0x0800578c   0x0800578c   0x00000024   Code   RO         3707    i.xEventGroupSetBitsFromISR  event_groups.o
    0x080057b0   0x080057b0   0x00000158   Code   RO         3709    i.xEventGroupWaitBits  event_groups.o
    0x08005908   0x08005908   0x00000168   Code   RO         5283    i.xPortStartScheduler  port.o
    0x08005a70   0x08005a70   0x000000de   Code   RO         3880    i.xQueueGenericCreateStatic  queue.o
    0x08005b4e   0x08005b4e   0x00000080   Code   RO         3881    i.xQueueGenericReset  queue.o
    0x08005bce   0x08005bce   0x00000002   PAD
    0x08005bd0   0x08005bd0   0x00000184   Code   RO         3882    i.xQueueGenericSend  queue.o
    0x08005d54   0x08005d54   0x000000f8   Code   RO         3883    i.xQueueGenericSendFromISR  queue.o
    0x08005e4c   0x08005e4c   0x00000158   Code   RO         3892    i.xQueueReceive     queue.o
    0x08005fa4   0x08005fa4   0x0000008c   Code   RO         4305    i.xTaskCheckForTimeOut  tasks.o
    0x08006030   0x08006030   0x00000064   Code   RO         4306    i.xTaskCreate       tasks.o
    0x08006094   0x08006094   0x000000b8   Code   RO         4307    i.xTaskCreateStatic  tasks.o
    0x0800614c   0x0800614c   0x00000020   Code   RO         4311    i.xTaskGetSchedulerState  tasks.o
    0x0800616c   0x0800616c   0x0000000c   Code   RO         4312    i.xTaskGetTickCount  tasks.o
    0x08006178   0x08006178   0x00000108   Code   RO         4314    i.xTaskIncrementTick  tasks.o
    0x08006280   0x08006280   0x000000a4   Code   RO         4317    i.xTaskPriorityDisinherit  tasks.o
    0x08006324   0x08006324   0x00000098   Code   RO         4319    i.xTaskRemoveFromEventList  tasks.o
    0x080063bc   0x080063bc   0x000000ec   Code   RO         4320    i.xTaskResumeAll    tasks.o
    0x080064a8   0x080064a8   0x00000078   Code   RO         4641    i.xTimerCreateTimerTask  timers.o
    0x08006520   0x08006520   0x00000084   Code   RO         4642    i.xTimerGenericCommand  timers.o
    0x080065a4   0x080065a4   0x00000034   Code   RO         4648    i.xTimerPendFunctionCallFromISR  timers.o
    0x080065d8   0x080065d8   0x00000058   Data   RO          141    .constdata          freertos.o
    0x08006630   0x08006630   0x00000020   Data   RO          816    .constdata          stm32f3xx_hal_rcc.o
    0x08006650   0x08006650   0x00000018   Data   RO         3577    .constdata          system_stm32f3xx.o
    0x08006668   0x08006668   0x00000011   Data   RO         5376    .constdata          uartcom.o
    0x08006679   0x08006679   0x00000003   PAD
    0x0800667c   0x0800667c   0x00000008   Data   RO         5468    .constdata          ledmanager.o
    0x08006684   0x08006684   0x00000004   PAD
    0x08006688   0x08006688   0x00000088   Data   RO         5801    .constdata          m_wm.l(pow.o)
    0x08006710   0x08006710   0x00000008   Data   RO         5883    .constdata          m_wm.l(qnan.o)
    0x08006718   0x08006718   0x00000010   Data   RO         5497    .constdata__ZTV10LedManager  ledmanager.o
    0x08006728   0x08006728   0x00000010   Data   RO         5499    .constdata__ZTV11ILedManager  ledmanager.o
    0x08006738   0x08006738   0x00000014   Data   RO          452    .constdata__ZTV4IBsp  main.o
    0x0800674c   0x0800674c   0x00000014   Data   RO          454    .constdata__ZTV5IRtos  main.o
    0x08006760   0x08006760   0x00000014   Data   RO         5556    .constdata__ZTV8BspLayer  bsplayer.o
    0x08006774   0x08006774   0x00000014   Data   RO         5654    .constdata__ZTV9RtosLayer  rtoslayer.o
    0x08006788   0x08006788   0x00000025   Data   RO          142    .conststring        freertos.o
    0x080067ad   0x080067ad   0x00000003   PAD
    0x080067b0   0x080067b0   0x00000020   Data   RO         5991    Region$$Table       anon$$obj.o
    0x080067d0   0x080067d0   0x00000004   Data   RO          400    .init_array         main.o
    0x080067d4   0x080067d0   0x00000000   Data   RO         5832    .init_array         mc_w.l(cpp_init.o)


    Execution Region RW_IRAM1 (Exec base: 0x20000000, Load base: 0x080067d4, Size: 0x00002a90, Max: 0x00004000, ABSOLUTE)

    Exec Addr    Load Addr    Size         Type   Attr      Idx    E Section Name        Object

    0x20000000   0x080067d4   0x0000000c   Data   RW          143    .data               freertos.o
    0x2000000c   0x080067e0   0x00000010   Data   RW          399    .data               main.o
    0x2000001c   0x080067f0   0x00000009   Data   RW          653    .data               stm32f3xx_hal.o
    0x20000025   0x080067f9   0x00000003   PAD
    0x20000028   0x080067fc   0x00000004   Data   RW         3578    .data               system_stm32f3xx.o
    0x2000002c   0x08006800   0x0000003c   Data   RW         4323    .data               tasks.o
    0x20000068   0x0800683c   0x00000014   Data   RW         4650    .data               timers.o
    0x2000007c   0x08006850   0x00000004   Data   RW         4858    .data               cmsis_os2.o
    0x20000080   0x08006854   0x00000018   Data   RW         5233    .data               heap_4.o
    0x20000098   0x0800686c   0x0000000c   Data   RW         5284    .data               port.o
    0x200000a4   0x08006878   0x00000006   Data   RW         5377    .data               uartcom.o
    0x200000aa   0x0800687e   0x00000002   PAD
    0x200000ac   0x08006880   0x00000004   Data   RW         5917    .data               mc_w.l(errno.o)
    0x200000b0        -       0x00000084   Zero   RW          210    .bss                usart.o
    0x20000134        -       0x0000004c   Zero   RW          346    .bss                stm32f3xx_hal_timebase_tim.o
    0x20000180        -       0x00000038   Zero   RW          398    .bss                main.o
    0x200001b8        -       0x00000040   Zero   RW         3896    .bss                queue.o
    0x200001f8        -       0x000004c4   Zero   RW         4322    .bss                tasks.o
    0x200006bc        -       0x00000118   Zero   RW         4649    .bss                timers.o
    0x200007d4        -       0x000006b8   Zero   RW         4857    .bss                cmsis_os2.o
    0x20000e8c        -       0x00000c00   Zero   RW         5232    .bss                heap_4.o
    0x20001a8c   0x08006884   0x00000004   PAD
    0x20001a90        -       0x00001000   Zero   RW            1    STACK               startup_stm32f302x8.o


==============================================================================

Image component sizes


      Code (inc. data)   RO Data    RW Data    ZI Data      Debug   Object Name

        76         14         20          0          0     440269   bsplayer.o
       850         54          0          4       1720      19621   cmsis_os2.o
       752         12          0          0          0      28502   event_groups.o
        76         34        125         12          0      12260   freertos.o
       168         10          0          0          0     515419   gpio.o
       692         62          0         24       3072       4843   heap_4.o
       110         12         40          0          0       7164   ledmanager.o
       148          0          0          0          0       3634   list.o
       360         82         44         16         56     521242   main.o
      1014         92          0         12          0      11825   port.o
      1838         18          0          0         64      17244   queue.o
        36          4         20          0          0       3864   rtoslayer.o
        36          8        392          0       4096        848   startup_stm32f302x8.o
        76         20          0          9          0      10894   stm32f3xx_hal.o
       252         22          0          0          0      32050   stm32f3xx_hal_cortex.o
       172          0          0          0          0       1759   stm32f3xx_hal_dma.o
       442         26          0          0          0       2072   stm32f3xx_hal_gpio.o
        72          4          0          0          0        874   stm32f3xx_hal_msp.o
      3608        106         32          0          0       7173   stm32f3xx_hal_rcc.o
       812         30          0          0          0       6546   stm32f3xx_hal_tim.o
         6          0          0          0          0       2192   stm32f3xx_hal_tim_ex.o
       136         18          0          0         76       1495   stm32f3xx_hal_timebase_tim.o
      3104         64          0          0          0      15417   stm32f3xx_hal_uart.o
         2          0          0          0          0        992   stm32f3xx_hal_uart_ex.o
        54         12          0          0          0       3912   stm32f3xx_it.o
         0          0          0          0          0       8892   stream_buffer.o
        20          6         24          4          0       1163   system_stm32f3xx.o
      2968        356          0         60       1220      27239   tasks.o
      1290        128          0         20        280      28003   timers.o
       726         56         17          6          0      13219   uartcom.o
       196         16          0          0        132       1734   usart.o

    ----------------------------------------------------------------------
     20124       1266        756        172      10720    1752361   Object Totals
         0          0         32          0          0          0   (incl. Generated)
        32          0         10          5          4          0   (incl. Padding)

    ----------------------------------------------------------------------

      Code (inc. data)   RO Data    RW Data    ZI Data      Debug   Library Member Name

         6          0          0          0          0         68   pure_virt.o
       164         44          0          0          0        620   dunder.o
        24          0          0          0          0        124   fabs.o
        48          0          0          0          0        124   fpclassify.o
       248          0          0          0          0        152   poly.o
      3152        296        136          0          0        352   pow.o
         0          0          8          0          0          0   qnan.o
       110          0          0          0          0        148   sqrt.o
        32         10          0          0          0         80   cpp_init.o
         2          0          0          0          0         68   cpp_signal.o
         0          0          0          0          0          0   entry.o
         0          0          0          0          0          0   entry10a.o
         0          0          0          0          0          0   entry11a.o
         8          4          0          0          0          0   entry2.o
         4          0          0          0          0          0   entry5.o
         0          0          0          0          0          0   entry7b.o
         4          0          0          0          0          0   entry8a.o
         0          0          0          0          0          0   entry8b.o
         8          4          0          0          0          0   entry9a.o
        12          6          0          4          0         68   errno.o
        30          0          0          0          0          0   handlers.o
        36          8          0          0          0         68   init.o
         0          0          0          0          0          0   iusefp.o
        30          0          0          0          0         68   llshl.o
        36          0          0          0          0         68   llsshr.o
        32          0          0          0          0         68   llushr.o
        36          0          0          0          0         68   memcpya.o
        36          0          0          0          0        108   memseta.o
        30          0          0          0          0         80   strncmp.o
        24          0          0          0          0         76   strncpy.o
        98          0          0          0          0         92   uldiv.o
        48          0          0          0          0         68   cdrcmple.o
       334          0          0          0          0        148   dadd.o
       222          0          0          0          0        100   ddiv.o
       186          0          0          0          0        176   depilogue.o
        50          0          0          0          0         76   dfixui.o
        34          0          0          0          0         76   dflti.o
        26          0          0          0          0         76   dfltui.o
       228          0          0          0          0         96   dmul.o
        46          0          0          0          0         80   dscalb.o
       162          0          0          0          0        100   dsqrt.o

    ----------------------------------------------------------------------
      5556        372        144          4          0       3496   Library Totals
        10          0          0          0          0          0   (incl. Padding)

    ----------------------------------------------------------------------

      Code (inc. data)   RO Data    RW Data    ZI Data      Debug   Library Name

         6          0          0          0          0         68   cpprt_w.l
      3746        340        144          0          0       1520   m_wm.l
       458         32          0          4          0        912   mc_w.l
      1336          0          0          0          0        996   mf_w.l

    ----------------------------------------------------------------------
      5556        372        144          4          0       3496   Library Totals

    ----------------------------------------------------------------------

==============================================================================


      Code (inc. data)   RO Data    RW Data    ZI Data      Debug   

     25680       1638        900        176      10720    1736273   Grand Totals
     25680       1638        900        176      10720    1736273   ELF Image Totals
     25680       1638        900        176          0          0   ROM Totals

==============================================================================

    Total RO  Size (Code + RO Data)                26580 (  25.96kB)
    Total RW  Size (RW Data + ZI Data)             10896 (  10.64kB)
    Total ROM Size (Code + RO Data + RW Data)      26756 (  26.13kB)

==============================================================================

